******************************************************************************
                  TI ARM Linker PC v20.2.7                     
******************************************************************************
>> Linked Wed Oct  4 16:16:45 2023

OUTPUT FILE NAME:   <lab_5.out>
ENTRY POINT SYMBOL: "_c_int00_noargs"  address: 00003d8d


MEMORY CONFIGURATION

         name            origin    length      used     unused   attr    fill
----------------------  --------  ---------  --------  --------  ----  --------
  FLASH                 00000000   00040000  000040e4  0003bf1c  R  X
  SRAM                  20000000   00008000  00000b27  000074d9  RW X


SEGMENT ALLOCATION MAP

run origin  load origin   length   init length attrs members
----------  ----------- ---------- ----------- ----- -------
00000000    00000000    000040e8   000040e8    r-x
  00000000    00000000    0000026c   0000026c    r-- .intvecs
  0000026c    0000026c    00003cfc   00003cfc    r-x .text
  00003f68    00003f68    0000013c   0000013c    r-- .const
  000040a8    000040a8    00000040   00000040    r-- .cinit
20000000    20000000    00000b2e   00000000    rw-
  20000000    20000000    0000026c   00000000    rw- .vtable
  20000270    20000270    00000800   00000000    rw- .stack
  20000a70    20000a70    000000ad   00000000    rw- .bss
  20000b20    20000b20    0000000e   00000000    rw- .data


SECTION ALLOCATION MAP

 output                                  attributes/
section   page    origin      length       input sections
--------  ----  ----------  ----------   ----------------
.intvecs   0    00000000    0000026c     
                  00000000    0000026c     tm4c123gh6pm_startup_ccs.obj (.intvecs)

.text      0    0000026c    00003cfc     
                  0000026c    00000a4e     rtsv7M4_T_le_v4SPD16_eabi.lib : _printfi.c.obj (.text:__TI_printfi)
                  00000cba    00000002                                   : div0.asm.obj (.text)
                  00000cbc    000009d0                                   : e_pow.c.obj (.text:pow)
                  0000168c    00000328     lcd.obj (.text)
                  000019b4    000002a8     libcybotUART.lib : uart.obj (.text)
                  00001c5c    00000270     rtsv7M4_T_le_v4SPD16_eabi.lib : _printfi.c.obj (.text:_pconv_a)
                  00001ecc    00000260     libcybotScan.lib : cyBot_Scan.obj (.text)
                  0000212c    00000248     Timer.obj (.text)
                  00002374    00000230     lab5_template.obj (.text)
                  000025a4    000001ec     libcybotScan.lib : ping.obj (.text)
                  00002790    000001d0     rtsv7M4_T_le_v4SPD16_eabi.lib : _printfi.c.obj (.text:_pconv_g)
                  00002960    000001b6                                   : fd_add_t2.asm.obj (.text)
                  00002b16    00000002     --HOLE-- [fill = 0]
                  00002b18    00000158     libcybotScan.lib : servo.obj (.text)
                  00002c70    00000158     rtsv7M4_T_le_v4SPD16_eabi.lib : e_sqrt.c.obj (.text:sqrt)
                  00002dc8    0000013c                                   : _printfi.c.obj (.text:_pconv_e)
                  00002f04    00000136                                   : fd_div_t2.asm.obj (.text)
                  0000303a    00000002     --HOLE-- [fill = 0]
                  0000303c    00000124                                   : _printfi.c.obj (.text:fcvt)
                  00003160    00000118     libcybotScan.lib : ir.obj (.text)
                  00003278    00000110     rtsv7M4_T_le_v4SPD16_eabi.lib : s_scalbn.c.obj (.text:scalbn)
                  00003388    000000fc                                   : fd_mul_t2.asm.obj (.text)
                  00003484    000000f4     button.obj (.text)
                  00003578    000000b1     rtsv7M4_T_le_v4SPD16_eabi.lib : _printfi.c.obj (.text:_ltostr)
                  00003629    00000001     --HOLE-- [fill = 0]
                  0000362a    0000009c                                   : memcpy_t2.asm.obj (.text)
                  000036c6    00000096                                   : ull_div_t2.asm.obj (.text)
                  0000375c    00000086                                   : fd_cmp_t2.asm.obj (.text:__aeabi_cdcmple)
                  000037e2    00000086                                   : fd_cmp_t2.asm.obj (.text:__aeabi_cdrcmple)
                  00003868    0000007a                                   : memset_t2.asm.obj (.text)
                  000038e2    0000006e                                   : _printfi.c.obj (.text:_mcpy)
                  00003950    0000006e                                   : fd_tos_t2.asm.obj (.text)
                  000039be    00000068                                   : copy_decompress_lzss.c.obj (.text:decompress:lzss:__TI_decompress_lzss)
                  00003a26    00000002     --HOLE-- [fill = 0]
                  00003a28    00000064                                   : s_frexp.c.obj (.text:frexp)
                  00003a8c    00000056                                   : _printfi.c.obj (.text:_pconv_f)
                  00003ae2    00000054                                   : _ltoa.c.obj (.text:__TI_ltoa)
                  00003b36    00000052                                   : _printfi.c.obj (.text:_ecpy)
                  00003b88    0000004c                                   : atoi.c.obj (.text:atoi)
                  00003bd4    00000048                                   : fd_toi_t2.asm.obj (.text)
                  00003c1c    00000044                                   : autoinit.c.obj (.text:__TI_auto_init_nobinit_nopinit:__TI_auto_init_nobinit_nopinit)
                  00003c60    00000040                                   : sprintf.c.obj (.text:sprintf)
                  00003ca0    00000040                                   : vsnprintf.c.obj (.text:vsnprintf)
                  00003ce0    0000003e                                   : _printfi.c.obj (.text:_fcpy)
                  00003d1e    00000038                                   : fs_tod_t2.asm.obj (.text)
                  00003d56    00000002     --HOLE-- [fill = 0]
                  00003d58    00000034     driverlib.lib : interrupt.obj (.text:IntRegister)
                  00003d8c    00000034     rtsv7M4_T_le_v4SPD16_eabi.lib : boot_cortex_m.c.obj (.text:_c_int00_noargs:_c_int00_noargs)
                  00003dc0    00000030                                   : vsnprintf.c.obj (.text:_outs)
                  00003df0    0000002e                                   : i_tofd_t2.asm.obj (.text)
                  00003e1e    0000001c                                   : copy_zero_init.c.obj (.text:decompress:ZI:__TI_zero_init_nomemset:__TI_zero_init_nomemset)
                  00003e3a    0000001c                                   : memccpy.c.obj (.text:memccpy)
                  00003e56    0000001a                                   : s_copysign.c.obj (.text:copysign)
                  00003e70    00000018                                   : vsnprintf.c.obj (.text:_outc)
                  00003e88    00000018                                   : sprintf.c.obj (.text:_outs)
                  00003ea0    00000018                                   : strcmp.c.obj (.text:strcmp)
                  00003eb8    00000016                                   : strchr.c.obj (.text:strchr)
                  00003ece    00000014                                   : strcpy.c.obj (.text:strcpy)
                  00003ee2    00000014                                   : strlen.c.obj (.text:strlen)
                  00003ef6    00000012                                   : wcslen.c.obj (.text:wcslen)
                  00003f08    00000010     driverlib.lib : interrupt.obj (.text:IntMasterEnable)
                  00003f18    00000010     lcd.obj (.text:lcd_clear)
                  00003f28    0000000e     rtsv7M4_T_le_v4SPD16_eabi.lib : copy_decompress_none.c.obj (.text:decompress:none:__TI_decompress_none)
                  00003f36    0000000c     driverlib.lib : cpu.obj (.text:CPUcpsie)
                  00003f42    0000000c     tm4c123gh6pm_startup_ccs.obj (.text)
                  00003f4e    0000000a     rtsv7M4_T_le_v4SPD16_eabi.lib : sprintf.c.obj (.text:_outc)
                  00003f58    00000008                                   : errno.c.obj (.text:__aeabi_errno_addr)
                  00003f60    00000004                                   : pre_init.c.obj (.text:_system_pre_init)
                  00003f64    00000004                                   : exit.c.obj (.text:abort:abort)

.const     0    00003f68    0000013c     
                  00003f68    00000101     rtsv7M4_T_le_v4SPD16_eabi.lib : ctype.c.obj (.const:.string:_ctypes_)
                  00004069    00000004     lcd.obj (.const:.string:lineAddress$1)
                  0000406d    00000003     --HOLE-- [fill = 0]
                  00004070    00000030     rtsv7M4_T_le_v4SPD16_eabi.lib : e_pow.c.obj (.const:$O1$$)
                  000040a0    00000004     lcd.obj (.const:.string:lineAddresses$2)

.cinit     0    000040a8    00000040     
                  000040a8    0000000c     (__TI_handler_table)
                  000040b4    00000004     --HOLE-- [fill = 0]
                  000040b8    00000008     (.cinit..bss.load) [load image, compression = zero_init]
                  000040c0    00000008     (.cinit..vtable.load) [load image, compression = zero_init]
                  000040c8    00000007     (.cinit..data.load) [load image, compression = lzss]
                  000040cf    00000001     --HOLE-- [fill = 0]
                  000040d0    00000018     (__TI_cinit_table)

.init_array 
*          0    00000000    00000000     UNINITIALIZED

.vtable    0    20000000    0000026c     UNINITIALIZED
                  20000000    0000026c     driverlib.lib : interrupt.obj (.vtable)

.bss       0    20000a70    000000ad     UNINITIALIZED
                  20000a70    00000054     lcd.obj (.bss:lastbuffer$3)
                  20000ac4    00000034     (.common:isr_char_buffer)
                  20000af8    00000004     (.common:_timeout_ticks)
                  20000afc    00000004     (.common:button_event)
                  20000b00    00000004     (.common:button_num)
                  20000b04    00000004     (.common:fallingEdge)
                  20000b08    00000004     (.common:isr_int_value)
                  20000b0c    00000004     (.common:left_calibration_value)
                  20000b10    00000004     (.common:pulseLength)
                  20000b14    00000004     (.common:right_calibration_value)
                  20000b18    00000004     (.common:risingEdge)
                  20000b1c    00000001     (.common:isRisingEdge)

.data      0    20000b20    0000000e     UNINITIALIZED
                  20000b20    00000004     libcybotScan.lib : cyBot_Scan.obj (.data)
                  20000b24    00000004     libcybotUART.lib : uart.obj (.data)
                  20000b28    00000004     rtsv7M4_T_le_v4SPD16_eabi.lib : errno.c.obj (.data)
                  20000b2c    00000001     Timer.obj (.data)
                  20000b2d    00000001     button.obj (.data)

.stack     0    20000270    00000800     UNINITIALIZED
                  20000270    00000004     rtsv7M4_T_le_v4SPD16_eabi.lib : boot_cortex_m.c.obj (.stack)
                  20000274    000007fc     --HOLE--

__llvm_prf_cnts 
*          0    20000000    00000000     UNINITIALIZED

MODULE SUMMARY

       Module                         code    ro data   rw data
       ------                         ----    -------   -------
    .\
       lcd.obj                        824     8         84     
       tm4c123gh6pm_startup_ccs.obj   12      620       0      
       Timer.obj                      584     0         5      
       lab5_template.obj              560     0         8      
       button.obj                     244     0         9      
    +--+------------------------------+-------+---------+---------+
       Total:                         2224    628       106    
                                                               
    ../libcybotScan.lib
       cyBot_Scan.obj                 608     0         4      
       ping.obj                       492     0         13     
       servo.obj                      344     0         0      
       ir.obj                         280     0         4      
    +--+------------------------------+-------+---------+---------+
       Total:                         1724    0         21     
                                                               
    ../libcybotUART.lib
       uart.obj                       680     0         56     
    +--+------------------------------+-------+---------+---------+
       Total:                         680     0         56     
                                                               
    C:/ti/TivaWare_C_Series-2.2.0.295/driverlib/ccs/Debug/driverlib.lib
       interrupt.obj                  68      0         620    
       cpu.obj                        12      0         0      
    +--+------------------------------+-------+---------+---------+
       Total:                         80      0         620    
                                                               
    C:\ti\ccs1230\ccs\tools\compiler\ti-cgt-arm_20.2.7.LTS\lib\rtsv7M4_T_le_v4SPD16_eabi.lib
       _printfi.c.obj                 4851    0         0      
       e_pow.c.obj                    2512    48        0      
       fd_add_t2.asm.obj              438     0         0      
       e_sqrt.c.obj                   344     0         0      
       fd_div_t2.asm.obj              310     0         0      
       s_scalbn.c.obj                 272     0         0      
       fd_cmp_t2.asm.obj              268     0         0      
       ctype.c.obj                    0       257       0      
       fd_mul_t2.asm.obj              252     0         0      
       memcpy_t2.asm.obj              156     0         0      
       ull_div_t2.asm.obj             150     0         0      
       vsnprintf.c.obj                136     0         0      
       memset_t2.asm.obj              122     0         0      
       fd_tos_t2.asm.obj              110     0         0      
       copy_decompress_lzss.c.obj     104     0         0      
       s_frexp.c.obj                  100     0         0      
       sprintf.c.obj                  98      0         0      
       _ltoa.c.obj                    84      0         0      
       atoi.c.obj                     76      0         0      
       fd_toi_t2.asm.obj              72      0         0      
       autoinit.c.obj                 68      0         0      
       fs_tod_t2.asm.obj              56      0         0      
       boot_cortex_m.c.obj            52      0         0      
       i_tofd_t2.asm.obj              46      0         0      
       copy_zero_init.c.obj           28      0         0      
       memccpy.c.obj                  28      0         0      
       s_copysign.c.obj               26      0         0      
       strcmp.c.obj                   24      0         0      
       strchr.c.obj                   22      0         0      
       strcpy.c.obj                   20      0         0      
       strlen.c.obj                   20      0         0      
       wcslen.c.obj                   18      0         0      
       copy_decompress_none.c.obj     14      0         0      
       errno.c.obj                    8       0         4      
       exit.c.obj                     4       0         0      
       pre_init.c.obj                 4       0         0      
       div0.asm.obj                   2       0         0      
    +--+------------------------------+-------+---------+---------+
       Total:                         10895   305       4      
                                                               
       Stack:                         0       0         2048   
       Linker Generated:              0       59        0      
    +--+------------------------------+-------+---------+---------+
       Grand Total:                   15603   992       2855   


LINKER GENERATED COPY TABLES

__TI_cinit_table @ 000040d0 records: 3, size/record: 8, table size: 24
	.bss: load addr=000040b8, load size=00000008 bytes, run addr=20000a70, run size=000000ad bytes, compression=zero_init
	.vtable: load addr=000040c0, load size=00000008 bytes, run addr=20000000, run size=0000026c bytes, compression=zero_init
	.data: load addr=000040c8, load size=00000007 bytes, run addr=20000b20, run size=0000000e bytes, compression=lzss


LINKER GENERATED HANDLER TABLE

__TI_handler_table @ 000040a8 records: 3, size/record: 4, table size: 12
	index: 0, handler: __TI_zero_init
	index: 1, handler: __TI_decompress_lzss
	index: 2, handler: __TI_decompress_none


GLOBAL SYMBOLS: SORTED ALPHABETICALLY BY Name 

address   name                          
-------   ----                          
000031f9  ADC0SS0_Handler               
00003f65  C$$EXIT                       
00003f37  CPUcpsie                      
00003f09  IntMasterEnable               
00003d59  IntRegister                   
00003f43  ResetISR                      
00002695  TIMER3B_Handler               
20000a70  __STACK_END                   
00000800  __STACK_SIZE                  
20000470  __STACK_TOP                   
000040d0  __TI_CINIT_Base               
000040e8  __TI_CINIT_Limit              
000040a8  __TI_Handler_Table_Base       
000040b4  __TI_Handler_Table_Limit      
00003c1d  __TI_auto_init_nobinit_nopinit
000039bf  __TI_decompress_lzss          
00003f29  __TI_decompress_none          
00003ae3  __TI_ltoa                     
ffffffff  __TI_pprof_out_hndl           
0000026d  __TI_printfi                  
ffffffff  __TI_prof_data_size           
ffffffff  __TI_prof_data_start          
00000000  __TI_static_base__            
00003e1f  __TI_zero_init_nomemset       
0000375d  __aeabi_cdcmpeq               
0000375d  __aeabi_cdcmple               
000037e3  __aeabi_cdrcmple              
00003951  __aeabi_d2f                   
00003bd5  __aeabi_d2iz                  
0000296b  __aeabi_dadd                  
00002f05  __aeabi_ddiv                  
00003389  __aeabi_dmul                  
00002961  __aeabi_dsub                  
00003f59  __aeabi_errno_addr            
00003d1f  __aeabi_f2d                   
00003df1  __aeabi_i2d                   
00000cbb  __aeabi_idiv0                 
00000cbb  __aeabi_ldiv0                 
00003869  __aeabi_memclr                
00003869  __aeabi_memclr4               
00003869  __aeabi_memclr8               
0000362b  __aeabi_memcpy                
0000362b  __aeabi_memcpy4               
0000362b  __aeabi_memcpy8               
0000386b  __aeabi_memset                
0000386b  __aeabi_memset4               
0000386b  __aeabi_memset8               
000036c7  __aeabi_uldivmod              
ffffffff  __binit__                     
ffffffff  __c_args__                    
UNDEFED   __mpu_init                    
20000270  __stack                       
20000000  __start___llvm_prf_cnts       
20000000  __stop___llvm_prf_cnts        
00003d8d  _c_int00_noargs               
00003f68  _ctypes_                      
20000b2c  _running                      
UNDEFED   _system_post_cinit            
00003f61  _system_pre_init              
20000af8  _timeout_ticks                
00003f65  abort                         
00003b89  atoi                          
ffffffff  binit                         
20000afc  button_event                  
00003511  button_getButton              
00003485  button_init                   
20000b00  button_num                    
00003e57  copysign                      
00003e57  copysignl                     
00001fa5  cyBOT_SERVO_cal               
00001f33  cyBOT_Scan                    
00001edb  cyBOT_init_Scan               
20000b20  cyBOT_scan_features           
00001ecd  cyBOT_scan_version            
00001c01  cyBot_UART1_Handler           
00001bf3  cyBot_getByte_blocking        
00001bd3  cyBot_getByte_nonblocking     
000019b5  cyBot_sendByte                
00001bb9  cyBot_uart_flush              
00001b23  cyBot_uart_init               
00001ac3  cyBot_uart_init_PHJ_first_half
00001a6b  cyBot_uart_init_clean         
000019f3  cyBot_uart_init_last_half     
000019db  cyBot_uart_sendBuffer         
000019c1  cyBot_uart_sendStr            
20000b28  errno                         
20000b04  fallingEdge                   
00003a29  frexp                         
00003a29  frexpl                        
20000000  g_pfnRAMVectors               
00000000  g_pfnVectors                  
000034f9  gpioe_handler                 
000034b5  init_button_interrupts        
0000320f  ir_enableInterrupt            
000031f1  ir_getDistance                
000031c9  ir_getValue                   
00003161  ir_init                       
20000b1c  isRisingEdge                  
20000ac4  isr_char_buffer               
20000b24  isr_counter                   
20000b08  isr_int_value                 
00003f19  lcd_clear                     
00001861  lcd_gotoLine                  
000016c9  lcd_init                      
000018c7  lcd_printf                    
00001789  lcd_putc                      
000017c1  lcd_puts                      
0000168d  lcd_reverseNibble             
000017df  lcd_sendCommand               
0000181d  lcd_sendNibble                
00001889  lcd_setCursorPos              
00003279  ldexp                         
00003279  ldexpl                        
20000b0c  left_calibration_value        
00002375  main                          
00003e3b  memccpy                       
0000362b  memcpy                        
00003871  memset                        
000026e7  ping_getDistance              
000025a5  ping_init                     
0000262b  ping_trigger                  
00000cbd  pow                           
00000cbd  powl                          
20000b10  pulseLength                   
20000b14  right_calibration_value       
20000b18  risingEdge                    
00003279  scalbn                        
00003279  scalbnl                       
00002b19  servo_init                    
00002ba9  servo_move                    
00002c09  servo_setPWM                  
00002b9d  servo_stop                    
00003c61  sprintf                       
00002c71  sqrt                          
00002c71  sqrtl                         
00003eb9  strchr                        
00003ea1  strcmp                        
00003ecf  strcpy                        
00003ee3  strlen                        
0000224b  timer_getMicros               
000021f3  timer_getMillis               
0000212d  timer_init                    
000021cf  timer_pause                   
000021e1  timer_resume                  
000021a5  timer_stop                    
000022a5  timer_waitMicros              
000022d7  timer_waitMillis              
00003ca1  vsnprintf                     
00003ef7  wcslen                        


GLOBAL SYMBOLS: SORTED BY Symbol Address 

address   name                          
-------   ----                          
00000000  __TI_static_base__            
00000000  g_pfnVectors                  
0000026d  __TI_printfi                  
00000800  __STACK_SIZE                  
00000cbb  __aeabi_idiv0                 
00000cbb  __aeabi_ldiv0                 
00000cbd  pow                           
00000cbd  powl                          
0000168d  lcd_reverseNibble             
000016c9  lcd_init                      
00001789  lcd_putc                      
000017c1  lcd_puts                      
000017df  lcd_sendCommand               
0000181d  lcd_sendNibble                
00001861  lcd_gotoLine                  
00001889  lcd_setCursorPos              
000018c7  lcd_printf                    
000019b5  cyBot_sendByte                
000019c1  cyBot_uart_sendStr            
000019db  cyBot_uart_sendBuffer         
000019f3  cyBot_uart_init_last_half     
00001a6b  cyBot_uart_init_clean         
00001ac3  cyBot_uart_init_PHJ_first_half
00001b23  cyBot_uart_init               
00001bb9  cyBot_uart_flush              
00001bd3  cyBot_getByte_nonblocking     
00001bf3  cyBot_getByte_blocking        
00001c01  cyBot_UART1_Handler           
00001ecd  cyBOT_scan_version            
00001edb  cyBOT_init_Scan               
00001f33  cyBOT_Scan                    
00001fa5  cyBOT_SERVO_cal               
0000212d  timer_init                    
000021a5  timer_stop                    
000021cf  timer_pause                   
000021e1  timer_resume                  
000021f3  timer_getMillis               
0000224b  timer_getMicros               
000022a5  timer_waitMicros              
000022d7  timer_waitMillis              
00002375  main                          
000025a5  ping_init                     
0000262b  ping_trigger                  
00002695  TIMER3B_Handler               
000026e7  ping_getDistance              
00002961  __aeabi_dsub                  
0000296b  __aeabi_dadd                  
00002b19  servo_init                    
00002b9d  servo_stop                    
00002ba9  servo_move                    
00002c09  servo_setPWM                  
00002c71  sqrt                          
00002c71  sqrtl                         
00002f05  __aeabi_ddiv                  
00003161  ir_init                       
000031c9  ir_getValue                   
000031f1  ir_getDistance                
000031f9  ADC0SS0_Handler               
0000320f  ir_enableInterrupt            
00003279  ldexp                         
00003279  ldexpl                        
00003279  scalbn                        
00003279  scalbnl                       
00003389  __aeabi_dmul                  
00003485  button_init                   
000034b5  init_button_interrupts        
000034f9  gpioe_handler                 
00003511  button_getButton              
0000362b  __aeabi_memcpy                
0000362b  __aeabi_memcpy4               
0000362b  __aeabi_memcpy8               
0000362b  memcpy                        
000036c7  __aeabi_uldivmod              
0000375d  __aeabi_cdcmpeq               
0000375d  __aeabi_cdcmple               
000037e3  __aeabi_cdrcmple              
00003869  __aeabi_memclr                
00003869  __aeabi_memclr4               
00003869  __aeabi_memclr8               
0000386b  __aeabi_memset                
0000386b  __aeabi_memset4               
0000386b  __aeabi_memset8               
00003871  memset                        
00003951  __aeabi_d2f                   
000039bf  __TI_decompress_lzss          
00003a29  frexp                         
00003a29  frexpl                        
00003ae3  __TI_ltoa                     
00003b89  atoi                          
00003bd5  __aeabi_d2iz                  
00003c1d  __TI_auto_init_nobinit_nopinit
00003c61  sprintf                       
00003ca1  vsnprintf                     
00003d1f  __aeabi_f2d                   
00003d59  IntRegister                   
00003d8d  _c_int00_noargs               
00003df1  __aeabi_i2d                   
00003e1f  __TI_zero_init_nomemset       
00003e3b  memccpy                       
00003e57  copysign                      
00003e57  copysignl                     
00003ea1  strcmp                        
00003eb9  strchr                        
00003ecf  strcpy                        
00003ee3  strlen                        
00003ef7  wcslen                        
00003f09  IntMasterEnable               
00003f19  lcd_clear                     
00003f29  __TI_decompress_none          
00003f37  CPUcpsie                      
00003f43  ResetISR                      
00003f59  __aeabi_errno_addr            
00003f61  _system_pre_init              
00003f65  C$$EXIT                       
00003f65  abort                         
00003f68  _ctypes_                      
000040a8  __TI_Handler_Table_Base       
000040b4  __TI_Handler_Table_Limit      
000040d0  __TI_CINIT_Base               
000040e8  __TI_CINIT_Limit              
20000000  __start___llvm_prf_cnts       
20000000  __stop___llvm_prf_cnts        
20000000  g_pfnRAMVectors               
20000270  __stack                       
20000470  __STACK_TOP                   
20000a70  __STACK_END                   
20000ac4  isr_char_buffer               
20000af8  _timeout_ticks                
20000afc  button_event                  
20000b00  button_num                    
20000b04  fallingEdge                   
20000b08  isr_int_value                 
20000b0c  left_calibration_value        
20000b10  pulseLength                   
20000b14  right_calibration_value       
20000b18  risingEdge                    
20000b1c  isRisingEdge                  
20000b20  cyBOT_scan_features           
20000b24  isr_counter                   
20000b28  errno                         
20000b2c  _running                      
ffffffff  __TI_pprof_out_hndl           
ffffffff  __TI_prof_data_size           
ffffffff  __TI_prof_data_start          
ffffffff  __binit__                     
ffffffff  __c_args__                    
ffffffff  binit                         
UNDEFED   __mpu_init                    
UNDEFED   _system_post_cinit            

[149 symbols]
