******************************************************************************
                  TI ARM Linker PC v20.2.7                     
******************************************************************************
>> Linked Thu Nov  9 13:28:31 2023

OUTPUT FILE NAME:   <lab_8.out>
ENTRY POINT SYMBOL: "_c_int00_noargs"  address: 00006c89


MEMORY CONFIGURATION

         name            origin    length      used     unused   attr    fill
----------------------  --------  ---------  --------  --------  ----  --------
  FLASH                 00000000   00040000  000071c7  00038e39  R  X
  SRAM                  20000000   00008000  00000f34  000070cc  RW X


SEGMENT ALLOCATION MAP

run origin  load origin   length   init length attrs members
----------  ----------- ---------- ----------- ----- -------
00000000    00000000    000071d0   000071d0    r-x
  00000000    00000000    0000026c   0000026c    r-- .intvecs
  0000026c    0000026c    00006c60   00006c60    r-x .text
  00006ed0    00006ed0    000002a3   000002a3    r-- .const
  00007178    00007178    00000058   00000058    r-- .cinit
20000000    20000000    00000f38   00000000    rw-
  20000000    20000000    0000026c   00000000    rw- .vtable
  20000270    20000270    00000800   00000000    rw- .stack
  20000a70    20000a70    00000400   00000000    rw- .sysmem
  20000e70    20000e70    0000007c   00000000    rw- .bss
  20000eec    20000eec    0000004c   00000000    rw- .data


SECTION ALLOCATION MAP

 output                                  attributes/
section   page    origin      length       input sections
--------  ----  ----------  ----------   ----------------
.intvecs   0    00000000    0000026c     
                  00000000    0000026c     tm4c123gh6pm_startup_ccs.obj (.intvecs)

.text      0    0000026c    00006c60     
                  0000026c    000012ec     movement.obj (.text)
                  00001558    00000c20     open_interface.obj (.text)
                  00002178    00000a4e     rtsv7M4_T_le_v4SPD16_eabi.lib : _printfi.c.obj (.text:__TI_printfi)
                  00002bc6    00000002                                   : _lock.c.obj (.text:_nop)
                  00002bc8    000009d0                                   : e_pow.c.obj (.text:pow)
                  00003598    00000738                                   : k_rem_pio2.c.obj (.text:__kernel_rem_pio2)
                  00003cd0    000005e0                                   : s_sin.c.obj (.text:sin)
                  000042b0    00000328     lcd.obj (.text)
                  000045d8    00000324     ping.obj (.text)
                  000048fc    00000270     rtsv7M4_T_le_v4SPD16_eabi.lib : _printfi.c.obj (.text:_pconv_a)
                  00004b6c    00000248     Timer.obj (.text)
                  00004db4    00000230     servo.obj (.text)
                  00004fe4    000001d0     rtsv7M4_T_le_v4SPD16_eabi.lib : _printfi.c.obj (.text:_pconv_g)
                  000051b4    000001b6                                   : fd_add_t2.asm.obj (.text)
                  0000536a    00000002                                   : div0.asm.obj (.text)
                  0000536c    00000174                                   : k_sin.c.obj (.text:__kernel_sin)
                  000054e0    00000170                                   : k_cos.c.obj (.text:__kernel_cos)
                  00005650    00000158     libcybotScan.lib : servo.obj (.text)
                  000057a8    00000158     rtsv7M4_T_le_v4SPD16_eabi.lib : e_sqrt.c.obj (.text:sqrt)
                  00005900    00000140     uart_extra_help.obj (.text)
                  00005a40    0000013c     rtsv7M4_T_le_v4SPD16_eabi.lib : _printfi.c.obj (.text:_pconv_e)
                  00005b7c    00000136                                   : fd_div_t2.asm.obj (.text)
                  00005cb2    00000002     --HOLE-- [fill = 0]
                  00005cb4    00000124                                   : _printfi.c.obj (.text:fcvt)
                  00005dd8    00000110                                   : s_scalbn.c.obj (.text:scalbn)
                  00005ee8    00000100                                   : memory.c.obj (.text:aligned_alloc)
                  00005fe8    000000fc                                   : fd_mul_t2.asm.obj (.text)
                  000060e4    000000f8                                   : s_floor.c.obj (.text:floor)
                  000061dc    000000e4                                   : memory.c.obj (.text:free)
                  000062c0    000000c8     adc.obj (.text)
                  00006388    000000b1     rtsv7M4_T_le_v4SPD16_eabi.lib : _printfi.c.obj (.text:_ltostr)
                  00006439    00000001     --HOLE-- [fill = 0]
                  0000643a    0000009c                                   : memcpy_t2.asm.obj (.text)
                  000064d6    00000096                                   : ull_div_t2.asm.obj (.text)
                  0000656c    00000086                                   : fd_cmp_t2.asm.obj (.text:__aeabi_cdcmple)
                  000065f2    00000086                                   : fd_cmp_t2.asm.obj (.text:__aeabi_cdrcmple)
                  00006678    0000007a                                   : memset_t2.asm.obj (.text)
                  000066f2    00000002     --HOLE-- [fill = 0]
                  000066f4    00000070                                   : memory.c.obj (.text:split)
                  00006764    0000006e                                   : _printfi.c.obj (.text:_mcpy)
                  000067d2    0000006e                                   : fd_tos_t2.asm.obj (.text)
                  00006840    00000068                                   : copy_decompress_lzss.c.obj (.text:decompress:lzss:__TI_decompress_lzss)
                  000068a8    00000064                                   : s_frexp.c.obj (.text:frexp)
                  0000690c    00000056                                   : _printfi.c.obj (.text:_pconv_f)
                  00006962    00000054                                   : _ltoa.c.obj (.text:__TI_ltoa)
                  000069b6    00000052                                   : _printfi.c.obj (.text:_ecpy)
                  00006a08    0000004c                                   : atoi.c.obj (.text:atoi)
                  00006a54    00000048                                   : fd_toi_t2.asm.obj (.text)
                  00006a9c    00000044                                   : autoinit.c.obj (.text:__TI_auto_init_nobinit_nopinit:__TI_auto_init_nobinit_nopinit)
                  00006ae0    00000044                                   : fd_tou_t2.asm.obj (.text)
                  00006b24    00000040                                   : sprintf.c.obj (.text:sprintf)
                  00006b64    00000040                                   : vsnprintf.c.obj (.text:vsnprintf)
                  00006ba4    0000003e                                   : _printfi.c.obj (.text:_fcpy)
                  00006be2    00000002     --HOLE-- [fill = 0]
                  00006be4    00000038                                   : memory.c.obj (.text:calloc)
                  00006c1c    00000038                                   : fs_tod_t2.asm.obj (.text)
                  00006c54    00000034     driverlib.lib : interrupt.obj (.text:IntRegister)
                  00006c88    00000034     rtsv7M4_T_le_v4SPD16_eabi.lib : boot_cortex_m.c.obj (.text:_c_int00_noargs:_c_int00_noargs)
                  00006cbc    00000030                                   : vsnprintf.c.obj (.text:_outs)
                  00006cec    0000002e                                   : i_tofd_t2.asm.obj (.text)
                  00006d1a    00000002     --HOLE-- [fill = 0]
                  00006d1c    00000028                                   : memory.c.obj (.text:free_list_insert)
                  00006d44    0000001c                                   : copy_zero_init.c.obj (.text:decompress:ZI:__TI_zero_init_nomemset:__TI_zero_init_nomemset)
                  00006d60    0000001c                                   : memory.c.obj (.text:free_list_remove)
                  00006d7c    0000001c                                   : memccpy.c.obj (.text:memccpy)
                  00006d98    0000001a                                   : s_copysign.c.obj (.text:copysign)
                  00006db2    00000018                                   : vsnprintf.c.obj (.text:_outc)
                  00006dca    00000018                                   : sprintf.c.obj (.text:_outs)
                  00006de2    00000018     open_interface.obj (.text:oi_parseInt)
                  00006dfa    00000018     rtsv7M4_T_le_v4SPD16_eabi.lib : strcmp.c.obj (.text:strcmp)
                  00006e12    00000016                                   : strchr.c.obj (.text:strchr)
                  00006e28    00000014                                   : strcpy.c.obj (.text:strcpy)
                  00006e3c    00000014                                   : strlen.c.obj (.text:strlen)
                  00006e50    00000012                                   : wcslen.c.obj (.text:wcslen)
                  00006e62    00000010     driverlib.lib : interrupt.obj (.text:IntMasterEnable)
                  00006e72    00000010     lcd.obj (.text:lcd_clear)
                  00006e82    0000000e     rtsv7M4_T_le_v4SPD16_eabi.lib : copy_decompress_none.c.obj (.text:decompress:none:__TI_decompress_none)
                  00006e90    0000000c     driverlib.lib : cpu.obj (.text:CPUcpsie)
                  00006e9c    0000000c     tm4c123gh6pm_startup_ccs.obj (.text)
                  00006ea8    0000000a     rtsv7M4_T_le_v4SPD16_eabi.lib : sprintf.c.obj (.text:_outc)
                  00006eb2    00000002     --HOLE-- [fill = 0]
                  00006eb4    00000008                                   : errno.c.obj (.text:__aeabi_errno_addr)
                  00006ebc    00000008                                   : memory.c.obj (.text:malloc)
                  00006ec4    00000004                                   : pre_init.c.obj (.text:_system_pre_init)
                  00006ec8    00000004                                   : exit.c.obj (.text:abort:abort)

.const     0    00006ed0    000002a3     
                  00006ed0    00000158     rtsv7M4_T_le_v4SPD16_eabi.lib : k_rem_pio2.c.obj (.const:$O1$$)
                  00007028    00000101                                   : ctype.c.obj (.const:.string:_ctypes_)
                  00007129    00000004     lcd.obj (.const:.string:lineAddress$1)
                  0000712d    00000003     --HOLE-- [fill = 0]
                  00007130    00000030     rtsv7M4_T_le_v4SPD16_eabi.lib : e_pow.c.obj (.const:$O1$$)
                  00007160    0000000f     open_interface.obj (.const:.string:$P$T0$3)
                  0000716f    00000004     lcd.obj (.const:.string:lineAddresses$2)

.cinit     0    00007178    00000058     
                  00007178    0000001f     (.cinit..data.load) [load image, compression = lzss]
                  00007197    00000001     --HOLE-- [fill = 0]
                  00007198    0000000c     (__TI_handler_table)
                  000071a4    00000004     --HOLE-- [fill = 0]
                  000071a8    00000008     (.cinit..bss.load) [load image, compression = zero_init]
                  000071b0    00000008     (.cinit..vtable.load) [load image, compression = zero_init]
                  000071b8    00000018     (__TI_cinit_table)

.init_array 
*          0    00000000    00000000     UNINITIALIZED

.vtable    0    20000000    0000026c     UNINITIALIZED
                  20000000    0000026c     driverlib.lib : interrupt.obj (.vtable)

.stack     0    20000270    00000800     UNINITIALIZED
                  20000270    00000004     rtsv7M4_T_le_v4SPD16_eabi.lib : boot_cortex_m.c.obj (.stack)
                  20000274    000007fc     --HOLE--

.sysmem    0    20000a70    00000400     UNINITIALIZED
                  20000a70    00000010     rtsv7M4_T_le_v4SPD16_eabi.lib : memory.c.obj (.sysmem)
                  20000a80    000003f0     --HOLE--

.bss       0    20000e70    0000007c     UNINITIALIZED
                  20000e70    00000054     lcd.obj (.bss:lastbuffer$3)
                  20000ec4    00000018     open_interface.obj (.bss:firmware$2)
                  20000edc    00000004     (.common:_timeout_ticks)
                  20000ee0    00000004     (.common:clockwise)
                  20000ee4    00000004     (.common:left_calibration_value)
                  20000ee8    00000004     (.common:right_calibration_value)

.data      0    20000eec    0000004c     UNINITIALIZED
                  20000eec    00000020     open_interface.obj (.data)
                  20000f0c    00000011     ping.obj (.data)
                  20000f1d    00000002     uart_extra_help.obj (.data)
                  20000f1f    00000001     Timer.obj (.data)
                  20000f20    00000008     rtsv7M4_T_le_v4SPD16_eabi.lib : _lock.c.obj (.data:$O1$$)
                  20000f28    00000008                                   : memory.c.obj (.data:$O1$$)
                  20000f30    00000004                                   : errno.c.obj (.data)
                  20000f34    00000004     servo.obj (.data)

__llvm_prf_cnts 
*          0    20000000    00000000     UNINITIALIZED

MODULE SUMMARY

       Module                         code    ro data   rw data
       ------                         ----    -------   -------
    .\
       movement.obj                   4844    0         0      
       open_interface.obj             3128    15        56     
       lcd.obj                        824     8         84     
       ping.obj                       804     0         17     
       tm4c123gh6pm_startup_ccs.obj   12      620       0      
       Timer.obj                      584     0         5      
       servo.obj                      560     0         8      
       uart_extra_help.obj            320     0         2      
       adc.obj                        200     0         0      
    +--+------------------------------+-------+---------+---------+
       Total:                         11276   643       172    
                                                               
    ../libcybotScan.lib
       servo.obj                      344     0         0      
       cyBot_Scan.obj                 0       0         8      
    +--+------------------------------+-------+---------+---------+
       Total:                         344     0         8      
                                                               
    C:/ti/TivaWare_C_Series-2.2.0.295/driverlib/ccs/Debug/driverlib.lib
       interrupt.obj                  68      0         620    
       cpu.obj                        12      0         0      
    +--+------------------------------+-------+---------+---------+
       Total:                         80      0         620    
                                                               
    C:\ti\ccs1230\ccs\tools\compiler\ti-cgt-arm_20.2.7.LTS\lib\rtsv7M4_T_le_v4SPD16_eabi.lib
       _printfi.c.obj                 4851    0         0      
       e_pow.c.obj                    2512    48        0      
       k_rem_pio2.c.obj               1848    344       0      
       s_sin.c.obj                    1504    0         0      
       memory.c.obj                   728     0         8      
       fd_add_t2.asm.obj              438     0         0      
       k_sin.c.obj                    372     0         0      
       k_cos.c.obj                    368     0         0      
       e_sqrt.c.obj                   344     0         0      
       fd_div_t2.asm.obj              310     0         0      
       s_scalbn.c.obj                 272     0         0      
       fd_cmp_t2.asm.obj              268     0         0      
       ctype.c.obj                    0       257       0      
       fd_mul_t2.asm.obj              252     0         0      
       s_floor.c.obj                  248     0         0      
       memcpy_t2.asm.obj              156     0         0      
       ull_div_t2.asm.obj             150     0         0      
       vsnprintf.c.obj                136     0         0      
       memset_t2.asm.obj              122     0         0      
       fd_tos_t2.asm.obj              110     0         0      
       copy_decompress_lzss.c.obj     104     0         0      
       s_frexp.c.obj                  100     0         0      
       sprintf.c.obj                  98      0         0      
       _ltoa.c.obj                    84      0         0      
       atoi.c.obj                     76      0         0      
       fd_toi_t2.asm.obj              72      0         0      
       autoinit.c.obj                 68      0         0      
       fd_tou_t2.asm.obj              68      0         0      
       fs_tod_t2.asm.obj              56      0         0      
       boot_cortex_m.c.obj            52      0         0      
       i_tofd_t2.asm.obj              46      0         0      
       copy_zero_init.c.obj           28      0         0      
       memccpy.c.obj                  28      0         0      
       s_copysign.c.obj               26      0         0      
       strcmp.c.obj                   24      0         0      
       strchr.c.obj                   22      0         0      
       strcpy.c.obj                   20      0         0      
       strlen.c.obj                   20      0         0      
       wcslen.c.obj                   18      0         0      
       copy_decompress_none.c.obj     14      0         0      
       errno.c.obj                    8       0         4      
       _lock.c.obj                    2       0         8      
       exit.c.obj                     4       0         0      
       pre_init.c.obj                 4       0         0      
       div0.asm.obj                   2       0         0      
    +--+------------------------------+-------+---------+---------+
       Total:                         16033   649       20     
                                                               
       Heap:                          0       0         1024   
       Stack:                         0       0         2048   
       Linker Generated:              0       83        0      
    +--+------------------------------+-------+---------+---------+
       Grand Total:                   27733   1375      3892   


LINKER GENERATED COPY TABLES

__TI_cinit_table @ 000071b8 records: 3, size/record: 8, table size: 24
	.data: load addr=00007178, load size=0000001f bytes, run addr=20000eec, run size=0000004c bytes, compression=lzss
	.bss: load addr=000071a8, load size=00000008 bytes, run addr=20000e70, run size=0000007c bytes, compression=zero_init
	.vtable: load addr=000071b0, load size=00000008 bytes, run addr=20000000, run size=0000026c bytes, compression=zero_init


LINKER GENERATED HANDLER TABLE

__TI_handler_table @ 00007198 records: 3, size/record: 4, table size: 12
	index: 0, handler: __TI_zero_init
	index: 1, handler: __TI_decompress_lzss
	index: 2, handler: __TI_decompress_none


GLOBAL SYMBOLS: SORTED ALPHABETICALLY BY Name 

address   name                          
-------   ----                          
00006ec9  C$$EXIT                       
00006e91  CPUcpsie                      
20000f10  END_TIME                      
00001eaf  GPIOF_Handler                 
00006e63  IntMasterEnable               
00006c55  IntRegister                   
00006e9d  ResetISR                      
20000f0c  START_TIME                    
20000f14  STATE                         
0000471b  TIMER3B_Handler               
20000a70  __STACK_END                   
00000800  __STACK_SIZE                  
20000470  __STACK_TOP                   
00000400  __SYSMEM_SIZE                 
000071b8  __TI_CINIT_Base               
000071d0  __TI_CINIT_Limit              
00007198  __TI_Handler_Table_Base       
000071a4  __TI_Handler_Table_Limit      
00006a9d  __TI_auto_init_nobinit_nopinit
00006841  __TI_decompress_lzss          
00006e83  __TI_decompress_none          
00006963  __TI_ltoa                     
ffffffff  __TI_pprof_out_hndl           
00002179  __TI_printfi                  
ffffffff  __TI_prof_data_size           
ffffffff  __TI_prof_data_start          
00000000  __TI_static_base__            
00006d45  __TI_zero_init_nomemset       
0000656d  __aeabi_cdcmpeq               
0000656d  __aeabi_cdcmple               
000065f3  __aeabi_cdrcmple              
000067d3  __aeabi_d2f                   
00006a55  __aeabi_d2iz                  
00006ae1  __aeabi_d2uiz                 
000051bf  __aeabi_dadd                  
00005b7d  __aeabi_ddiv                  
00005fe9  __aeabi_dmul                  
000051b5  __aeabi_dsub                  
00006eb5  __aeabi_errno_addr            
00006c1d  __aeabi_f2d                   
00006ced  __aeabi_i2d                   
0000536b  __aeabi_idiv0                 
0000536b  __aeabi_ldiv0                 
00006679  __aeabi_memclr                
00006679  __aeabi_memclr4               
00006679  __aeabi_memclr8               
0000643b  __aeabi_memcpy                
0000643b  __aeabi_memcpy4               
0000643b  __aeabi_memcpy8               
0000667b  __aeabi_memset                
0000667b  __aeabi_memset4               
0000667b  __aeabi_memset8               
000064d7  __aeabi_uldivmod              
ffffffff  __binit__                     
ffffffff  __c_args__                    
000054e1  __kernel_cos                  
00003599  __kernel_rem_pio2             
0000536d  __kernel_sin                  
UNDEFED   __mpu_init                    
20000270  __stack                       
20000000  __start___llvm_prf_cnts       
20000000  __stop___llvm_prf_cnts        
00006c89  _c_int00_noargs               
00007028  _ctypes_                      
20000f20  _lock                         
00002bc7  _nop                          
20000f1f  _running                      
20000a70  _sys_memory                   
UNDEFED   _system_post_cinit            
00006ec5  _system_pre_init              
20000edc  _timeout_ticks                
20000f24  _unlock                       
00006ec9  abort                         
000062c1  adc_init                      
00006329  adc_read                      
00005ee9  aligned_alloc                 
00006a09  atoi                          
ffffffff  binit                         
00004eb1  button_Handler                
00006be5  calloc                        
20000ee0  clockwise                     
00006d99  copysign                      
00006d99  copysignl                     
20000f18  count                         
20000f34  degree                        
20000f30  errno                         
000006e1  est_distance                  
20000f1d  flag                          
000060e5  floor                         
000060e5  floorl                        
000061dd  free                          
000068a9  frexp                         
000068a9  frexpl                        
20000000  g_pfnRAMVectors               
00000000  g_pfnVectors                  
00001c6b  go_charge                     
00000425  hasBumpedLeft                 
0000043f  hasBumpedRight                
20000f1c  intflag                       
00006e73  lcd_clear                     
00004485  lcd_gotoLine                  
000042ed  lcd_init                      
000044eb  lcd_printf                    
000043ad  lcd_putc                      
000043e5  lcd_puts                      
000042b1  lcd_reverseNibble             
00004403  lcd_sendCommand               
00004441  lcd_sendNibble                
000044ad  lcd_setCursorPos              
00005dd9  ldexp                         
00005dd9  ldexpl                        
20000ee4  left_calibration_value        
0000076d  main                          
00006ebd  malloc                        
00005ee9  memalign                      
00006d7d  memccpy                       
0000643b  memcpy                        
00006681  memset                        
20000eec  motor_cal_factor_L            
20000ef0  motor_cal_factor_R            
0000026d  move_backward                 
00000543  move_backwards                
00000459  move_forward                  
00000375  move_until_bump               
00001559  oi_alloc                      
00001d95  oi_checkFirmware              
000015b3  oi_close                      
00001565  oi_free                       
000020d9  oi_getMotorCalibrationLeft    
000020ed  oi_getMotorCalibrationRight   
0000159d  oi_init                       
00001575  oi_init_noupdate              
00001c01  oi_loadSong                   
00006de3  oi_parseInt                   
00001617  oi_parsePacket                
00001c57  oi_play_song                  
00001b37  oi_setLeds                    
0000209d  oi_setMotorCalibration        
00001b7b  oi_setWheels                  
00001e3d  oi_shutoff_init               
00001c79  oi_uartInit                   
00001d1d  oi_uartReceive                
00001d63  oi_uartSendBuff               
00001d01  oi_uartSendChar               
00001d45  oi_uartSendStr                
000015c5  oi_update                     
0000475b  ping_getDistance              
000045d9  ping_init                     
0000468f  ping_trigger                  
00002bc9  pow                           
00002bc9  powl                          
20000ee8  right_calibration_value       
00005dd9  scalbn                        
00005dd9  scalbnl                       
00000691  sendString                    
00005651  servo_init                    
00004db5  servo_initc                   
000056e1  servo_move                    
00004e61  servo_movec                   
00005741  servo_setPWM                  
000056d5  servo_stop                    
00003cd1  sin                           
00003cd1  sinl                          
00006b25  sprintf                       
000057a9  sqrt                          
000057a9  sqrtl                         
00006e13  strchr                        
00006dfb  strcmp                        
00006e29  strcpy                        
00006e3d  strlen                        
00004c8b  timer_getMicros               
00004c33  timer_getMillis               
00004b6d  timer_init                    
00004c0f  timer_pause                   
00004c21  timer_resume                  
00004be5  timer_stop                    
00004ce5  timer_waitMicros              
00004d17  timer_waitMillis              
000006c1  toRadians                     
00000615  turn_cclockwise               
000005b1  turn_clockwise                
000002e7  turn_counterclockwise         
20000f1e  uart_data                     
00005901  uart_init                     
000059c3  uart_interrupt_handler        
000059a3  uart_interrupt_init           
0000598f  uart_receive                  
00005973  uart_sendChar                 
00006b65  vsnprintf                     
00006e51  wcslen                        


GLOBAL SYMBOLS: SORTED BY Symbol Address 

address   name                          
-------   ----                          
00000000  __TI_static_base__            
00000000  g_pfnVectors                  
0000026d  move_backward                 
000002e7  turn_counterclockwise         
00000375  move_until_bump               
00000400  __SYSMEM_SIZE                 
00000425  hasBumpedLeft                 
0000043f  hasBumpedRight                
00000459  move_forward                  
00000543  move_backwards                
000005b1  turn_clockwise                
00000615  turn_cclockwise               
00000691  sendString                    
000006c1  toRadians                     
000006e1  est_distance                  
0000076d  main                          
00000800  __STACK_SIZE                  
00001559  oi_alloc                      
00001565  oi_free                       
00001575  oi_init_noupdate              
0000159d  oi_init                       
000015b3  oi_close                      
000015c5  oi_update                     
00001617  oi_parsePacket                
00001b37  oi_setLeds                    
00001b7b  oi_setWheels                  
00001c01  oi_loadSong                   
00001c57  oi_play_song                  
00001c6b  go_charge                     
00001c79  oi_uartInit                   
00001d01  oi_uartSendChar               
00001d1d  oi_uartReceive                
00001d45  oi_uartSendStr                
00001d63  oi_uartSendBuff               
00001d95  oi_checkFirmware              
00001e3d  oi_shutoff_init               
00001eaf  GPIOF_Handler                 
0000209d  oi_setMotorCalibration        
000020d9  oi_getMotorCalibrationLeft    
000020ed  oi_getMotorCalibrationRight   
00002179  __TI_printfi                  
00002bc7  _nop                          
00002bc9  pow                           
00002bc9  powl                          
00003599  __kernel_rem_pio2             
00003cd1  sin                           
00003cd1  sinl                          
000042b1  lcd_reverseNibble             
000042ed  lcd_init                      
000043ad  lcd_putc                      
000043e5  lcd_puts                      
00004403  lcd_sendCommand               
00004441  lcd_sendNibble                
00004485  lcd_gotoLine                  
000044ad  lcd_setCursorPos              
000044eb  lcd_printf                    
000045d9  ping_init                     
0000468f  ping_trigger                  
0000471b  TIMER3B_Handler               
0000475b  ping_getDistance              
00004b6d  timer_init                    
00004be5  timer_stop                    
00004c0f  timer_pause                   
00004c21  timer_resume                  
00004c33  timer_getMillis               
00004c8b  timer_getMicros               
00004ce5  timer_waitMicros              
00004d17  timer_waitMillis              
00004db5  servo_initc                   
00004e61  servo_movec                   
00004eb1  button_Handler                
000051b5  __aeabi_dsub                  
000051bf  __aeabi_dadd                  
0000536b  __aeabi_idiv0                 
0000536b  __aeabi_ldiv0                 
0000536d  __kernel_sin                  
000054e1  __kernel_cos                  
00005651  servo_init                    
000056d5  servo_stop                    
000056e1  servo_move                    
00005741  servo_setPWM                  
000057a9  sqrt                          
000057a9  sqrtl                         
00005901  uart_init                     
00005973  uart_sendChar                 
0000598f  uart_receive                  
000059a3  uart_interrupt_init           
000059c3  uart_interrupt_handler        
00005b7d  __aeabi_ddiv                  
00005dd9  ldexp                         
00005dd9  ldexpl                        
00005dd9  scalbn                        
00005dd9  scalbnl                       
00005ee9  aligned_alloc                 
00005ee9  memalign                      
00005fe9  __aeabi_dmul                  
000060e5  floor                         
000060e5  floorl                        
000061dd  free                          
000062c1  adc_init                      
00006329  adc_read                      
0000643b  __aeabi_memcpy                
0000643b  __aeabi_memcpy4               
0000643b  __aeabi_memcpy8               
0000643b  memcpy                        
000064d7  __aeabi_uldivmod              
0000656d  __aeabi_cdcmpeq               
0000656d  __aeabi_cdcmple               
000065f3  __aeabi_cdrcmple              
00006679  __aeabi_memclr                
00006679  __aeabi_memclr4               
00006679  __aeabi_memclr8               
0000667b  __aeabi_memset                
0000667b  __aeabi_memset4               
0000667b  __aeabi_memset8               
00006681  memset                        
000067d3  __aeabi_d2f                   
00006841  __TI_decompress_lzss          
000068a9  frexp                         
000068a9  frexpl                        
00006963  __TI_ltoa                     
00006a09  atoi                          
00006a55  __aeabi_d2iz                  
00006a9d  __TI_auto_init_nobinit_nopinit
00006ae1  __aeabi_d2uiz                 
00006b25  sprintf                       
00006b65  vsnprintf                     
00006be5  calloc                        
00006c1d  __aeabi_f2d                   
00006c55  IntRegister                   
00006c89  _c_int00_noargs               
00006ced  __aeabi_i2d                   
00006d45  __TI_zero_init_nomemset       
00006d7d  memccpy                       
00006d99  copysign                      
00006d99  copysignl                     
00006de3  oi_parseInt                   
00006dfb  strcmp                        
00006e13  strchr                        
00006e29  strcpy                        
00006e3d  strlen                        
00006e51  wcslen                        
00006e63  IntMasterEnable               
00006e73  lcd_clear                     
00006e83  __TI_decompress_none          
00006e91  CPUcpsie                      
00006e9d  ResetISR                      
00006eb5  __aeabi_errno_addr            
00006ebd  malloc                        
00006ec5  _system_pre_init              
00006ec9  C$$EXIT                       
00006ec9  abort                         
00007028  _ctypes_                      
00007198  __TI_Handler_Table_Base       
000071a4  __TI_Handler_Table_Limit      
000071b8  __TI_CINIT_Base               
000071d0  __TI_CINIT_Limit              
20000000  __start___llvm_prf_cnts       
20000000  __stop___llvm_prf_cnts        
20000000  g_pfnRAMVectors               
20000270  __stack                       
20000470  __STACK_TOP                   
20000a70  __STACK_END                   
20000a70  _sys_memory                   
20000edc  _timeout_ticks                
20000ee0  clockwise                     
20000ee4  left_calibration_value        
20000ee8  right_calibration_value       
20000eec  motor_cal_factor_L            
20000ef0  motor_cal_factor_R            
20000f0c  START_TIME                    
20000f10  END_TIME                      
20000f14  STATE                         
20000f18  count                         
20000f1c  intflag                       
20000f1d  flag                          
20000f1e  uart_data                     
20000f1f  _running                      
20000f20  _lock                         
20000f24  _unlock                       
20000f30  errno                         
20000f34  degree                        
ffffffff  __TI_pprof_out_hndl           
ffffffff  __TI_prof_data_size           
ffffffff  __TI_prof_data_start          
ffffffff  __binit__                     
ffffffff  __c_args__                    
ffffffff  binit                         
UNDEFED   __mpu_init                    
UNDEFED   _system_post_cinit            

[190 symbols]
