******************************************************************************
                  TI ARM Linker PC v20.2.7                     
******************************************************************************
>> Linked Wed Oct 25 19:25:56 2023

OUTPUT FILE NAME:   <lab_2.out>
ENTRY POINT SYMBOL: "_c_int00_noargs"  address: 00004129


MEMORY CONFIGURATION

         name            origin    length      used     unused   attr    fill
----------------------  --------  ---------  --------  --------  ----  --------
  FLASH                 00000000   00040000  000044d4  0003bb2c  R  X
  SRAM                  20000000   00008000  00000f66  0000709a  RW X


SEGMENT ALLOCATION MAP

run origin  load origin   length   init length attrs members
----------  ----------- ---------- ----------- ----- -------
00000000    00000000    000044d8   000044d8    r-x
  00000000    00000000    0000026c   0000026c    r-- .intvecs
  0000026c    0000026c    00004100   00004100    r-x .text
  0000436c    0000436c    00000118   00000118    r-- .const
  00004488    00004488    00000050   00000050    r-- .cinit
20000000    20000000    00000f6d   00000000    rw-
  20000000    20000000    0000026c   00000000    rw- .vtable
  20000270    20000270    00000800   00000000    rw- .stack
  20000a70    20000a70    00000400   00000000    rw- .sysmem
  20000e70    20000e70    000000bd   00000000    rw- .bss
  20000f30    20000f30    0000003d   00000000    rw- .data


SECTION ALLOCATION MAP

 output                                  attributes/
section   page    origin      length       input sections
--------  ----  ----------  ----------   ----------------
.intvecs   0    00000000    0000026c     
                  00000000    0000026c     tm4c123gh6pm_startup_ccs.obj (.intvecs)

.text      0    0000026c    00004100     
                  0000026c    00000c20     open_interface.obj (.text)
                  00000e8c    00000a4e     rtsv7M4_T_le_v4SPD16_eabi.lib : _printfi.c.obj (.text:__TI_printfi)
                  000018da    00000002                                   : _lock.c.obj (.text:_nop)
                  000018dc    00000328     lcd.obj (.text)
                  00001c04    00000270     rtsv7M4_T_le_v4SPD16_eabi.lib : _printfi.c.obj (.text:_pconv_a)
                  00001e74    00000260     libcybotScan.lib : cyBot_Scan.obj (.text)
                  000020d4    00000254     main.obj (.text)
                  00002328    00000248     Timer.obj (.text)
                  00002570    00000234     movement.obj (.text)
                  000027a4    000001ec     libcybotScan.lib : ping.obj (.text)
                  00002990    000001d0     rtsv7M4_T_le_v4SPD16_eabi.lib : _printfi.c.obj (.text:_pconv_g)
                  00002b60    000001b6                                   : fd_add_t2.asm.obj (.text)
                  00002d16    00000002                                   : div0.asm.obj (.text)
                  00002d18    0000015c     libcybotUART.lib : uart.obj (.text)
                  00002e74    00000158     libcybotScan.lib : servo.obj (.text)
                  00002fcc    0000013c     rtsv7M4_T_le_v4SPD16_eabi.lib : _printfi.c.obj (.text:_pconv_e)
                  00003108    00000136                                   : fd_div_t2.asm.obj (.text)
                  0000323e    00000002     --HOLE-- [fill = 0]
                  00003240    00000124                                   : _printfi.c.obj (.text:fcvt)
                  00003364    00000118     libcybotScan.lib : ir.obj (.text)
                  0000347c    00000110     rtsv7M4_T_le_v4SPD16_eabi.lib : s_scalbn.c.obj (.text:scalbn)
                  0000358c    00000100                                   : memory.c.obj (.text:aligned_alloc)
                  0000368c    000000fc                                   : fd_mul_t2.asm.obj (.text)
                  00003788    000000e4                                   : memory.c.obj (.text:free)
                  0000386c    000000b1                                   : _printfi.c.obj (.text:_ltostr)
                  0000391d    00000001     --HOLE-- [fill = 0]
                  0000391e    0000009c                                   : memcpy_t2.asm.obj (.text)
                  000039ba    00000096                                   : ull_div_t2.asm.obj (.text)
                  00003a50    00000086                                   : fd_cmp_t2.asm.obj (.text:__aeabi_cdcmple)
                  00003ad6    00000086                                   : fd_cmp_t2.asm.obj (.text:__aeabi_cdrcmple)
                  00003b5c    0000007a                                   : memset_t2.asm.obj (.text)
                  00003bd6    00000002     --HOLE-- [fill = 0]
                  00003bd8    00000070                                   : memory.c.obj (.text:split)
                  00003c48    0000006e                                   : _printfi.c.obj (.text:_mcpy)
                  00003cb6    0000006e                                   : fd_tos_t2.asm.obj (.text)
                  00003d24    00000068                                   : copy_decompress_lzss.c.obj (.text:decompress:lzss:__TI_decompress_lzss)
                  00003d8c    00000064                                   : s_frexp.c.obj (.text:frexp)
                  00003df0    00000056                                   : _printfi.c.obj (.text:_pconv_f)
                  00003e46    00000054                                   : _ltoa.c.obj (.text:__TI_ltoa)
                  00003e9a    00000052                                   : _printfi.c.obj (.text:_ecpy)
                  00003eec    0000004c                                   : atoi.c.obj (.text:atoi)
                  00003f38    00000048                                   : fd_toi_t2.asm.obj (.text)
                  00003f80    00000044                                   : autoinit.c.obj (.text:__TI_auto_init_nobinit_nopinit:__TI_auto_init_nobinit_nopinit)
                  00003fc4    00000040                                   : sprintf.c.obj (.text:sprintf)
                  00004004    00000040                                   : vsnprintf.c.obj (.text:vsnprintf)
                  00004044    0000003e                                   : _printfi.c.obj (.text:_fcpy)
                  00004082    00000002     --HOLE-- [fill = 0]
                  00004084    00000038                                   : memory.c.obj (.text:calloc)
                  000040bc    00000038                                   : fs_tod_t2.asm.obj (.text)
                  000040f4    00000034     driverlib.lib : interrupt.obj (.text:IntRegister)
                  00004128    00000034     rtsv7M4_T_le_v4SPD16_eabi.lib : boot_cortex_m.c.obj (.text:_c_int00_noargs:_c_int00_noargs)
                  0000415c    00000030                                   : vsnprintf.c.obj (.text:_outs)
                  0000418c    0000002e                                   : i_tofd_t2.asm.obj (.text)
                  000041ba    00000002     --HOLE-- [fill = 0]
                  000041bc    00000028                                   : memory.c.obj (.text:free_list_insert)
                  000041e4    0000001c                                   : copy_zero_init.c.obj (.text:decompress:ZI:__TI_zero_init_nomemset:__TI_zero_init_nomemset)
                  00004200    0000001c                                   : memory.c.obj (.text:free_list_remove)
                  0000421c    0000001c                                   : memccpy.c.obj (.text:memccpy)
                  00004238    0000001a                                   : s_copysign.c.obj (.text:copysign)
                  00004252    00000018                                   : vsnprintf.c.obj (.text:_outc)
                  0000426a    00000018                                   : sprintf.c.obj (.text:_outs)
                  00004282    00000018     open_interface.obj (.text:oi_parseInt)
                  0000429a    00000018     rtsv7M4_T_le_v4SPD16_eabi.lib : strcmp.c.obj (.text:strcmp)
                  000042b2    00000016                                   : strchr.c.obj (.text:strchr)
                  000042c8    00000014                                   : strcpy.c.obj (.text:strcpy)
                  000042dc    00000014                                   : strlen.c.obj (.text:strlen)
                  000042f0    00000012                                   : wcslen.c.obj (.text:wcslen)
                  00004302    00000010     driverlib.lib : interrupt.obj (.text:IntMasterEnable)
                  00004312    00000010     lcd.obj (.text:lcd_clear)
                  00004322    0000000e     rtsv7M4_T_le_v4SPD16_eabi.lib : copy_decompress_none.c.obj (.text:decompress:none:__TI_decompress_none)
                  00004330    0000000c     driverlib.lib : cpu.obj (.text:CPUcpsie)
                  0000433c    0000000c     tm4c123gh6pm_startup_ccs.obj (.text)
                  00004348    0000000a     rtsv7M4_T_le_v4SPD16_eabi.lib : sprintf.c.obj (.text:_outc)
                  00004352    00000002     --HOLE-- [fill = 0]
                  00004354    00000008                                   : errno.c.obj (.text:__aeabi_errno_addr)
                  0000435c    00000008                                   : memory.c.obj (.text:malloc)
                  00004364    00000004                                   : pre_init.c.obj (.text:_system_pre_init)
                  00004368    00000004                                   : exit.c.obj (.text:abort:abort)

.const     0    0000436c    00000118     
                  0000436c    00000101     rtsv7M4_T_le_v4SPD16_eabi.lib : ctype.c.obj (.const:.string:_ctypes_)
                  0000446d    0000000f     open_interface.obj (.const:.string:$P$T0$3)
                  0000447c    00000004     lcd.obj (.const:.string:lineAddress$1)
                  00004480    00000004     lcd.obj (.const:.string:lineAddresses$2)

.cinit     0    00004488    00000050     
                  00004488    00000019     (.cinit..data.load) [load image, compression = lzss]
                  000044a1    00000003     --HOLE-- [fill = 0]
                  000044a4    0000000c     (__TI_handler_table)
                  000044b0    00000008     (.cinit..bss.load) [load image, compression = zero_init]
                  000044b8    00000008     (.cinit..vtable.load) [load image, compression = zero_init]
                  000044c0    00000018     (__TI_cinit_table)

.init_array 
*          0    00000000    00000000     UNINITIALIZED

.vtable    0    20000000    0000026c     UNINITIALIZED
                  20000000    0000026c     driverlib.lib : interrupt.obj (.vtable)

.stack     0    20000270    00000800     UNINITIALIZED
                  20000270    00000004     rtsv7M4_T_le_v4SPD16_eabi.lib : boot_cortex_m.c.obj (.stack)
                  20000274    000007fc     --HOLE--

.sysmem    0    20000a70    00000400     UNINITIALIZED
                  20000a70    00000010     rtsv7M4_T_le_v4SPD16_eabi.lib : memory.c.obj (.sysmem)
                  20000a80    000003f0     --HOLE--

.bss       0    20000e70    000000bd     UNINITIALIZED
                  20000e70    00000054     lcd.obj (.bss:lastbuffer$3)
                  20000ec4    00000034     (.common:isr_char_buffer)
                  20000ef8    00000018     open_interface.obj (.bss:firmware$2)
                  20000f10    00000004     (.common:_timeout_ticks)
                  20000f14    00000004     (.common:fallingEdge)
                  20000f18    00000004     (.common:isr_int_value)
                  20000f1c    00000004     (.common:left_calibration_value)
                  20000f20    00000004     (.common:pulseLength)
                  20000f24    00000004     (.common:right_calibration_value)
                  20000f28    00000004     (.common:risingEdge)
                  20000f2c    00000001     (.common:isRisingEdge)

.data      0    20000f30    0000003d     UNINITIALIZED
                  20000f30    00000020     open_interface.obj (.data)
                  20000f50    00000008     rtsv7M4_T_le_v4SPD16_eabi.lib : _lock.c.obj (.data:$O1$$)
                  20000f58    00000008                                   : memory.c.obj (.data:$O1$$)
                  20000f60    00000004     libcybotScan.lib : cyBot_Scan.obj (.data)
                  20000f64    00000004     libcybotUART.lib : uart.obj (.data)
                  20000f68    00000004     rtsv7M4_T_le_v4SPD16_eabi.lib : errno.c.obj (.data)
                  20000f6c    00000001     Timer.obj (.data)

__llvm_prf_cnts 
*          0    20000000    00000000     UNINITIALIZED

MODULE SUMMARY

       Module                         code    ro data   rw data
       ------                         ----    -------   -------
    .\
       open_interface.obj             3128    15        56     
       lcd.obj                        824     8         84     
       tm4c123gh6pm_startup_ccs.obj   12      620       0      
       main.obj                       596     0         8      
       Timer.obj                      584     0         5      
       movement.obj                   564     0         0      
    +--+------------------------------+-------+---------+---------+
       Total:                         5708    643       153    
                                                               
    ../libcybotScan.lib
       cyBot_Scan.obj                 608     0         4      
       ping.obj                       492     0         13     
       servo.obj                      344     0         0      
       ir.obj                         280     0         4      
    +--+------------------------------+-------+---------+---------+
       Total:                         1724    0         21     
                                                               
    ../libcybotUART.lib
       uart.obj                       348     0         56     
    +--+------------------------------+-------+---------+---------+
       Total:                         348     0         56     
                                                               
    C:/ti/TivaWare_C_Series-2.2.0.295/driverlib/ccs/Debug/driverlib.lib
       interrupt.obj                  68      0         620    
       cpu.obj                        12      0         0      
    +--+------------------------------+-------+---------+---------+
       Total:                         80      0         620    
                                                               
    C:\ti\ccs1230\ccs\tools\compiler\ti-cgt-arm_20.2.7.LTS\lib\rtsv7M4_T_le_v4SPD16_eabi.lib
       _printfi.c.obj                 4851    0         0      
       memory.c.obj                   728     0         8      
       fd_add_t2.asm.obj              438     0         0      
       fd_div_t2.asm.obj              310     0         0      
       s_scalbn.c.obj                 272     0         0      
       fd_cmp_t2.asm.obj              268     0         0      
       ctype.c.obj                    0       257       0      
       fd_mul_t2.asm.obj              252     0         0      
       memcpy_t2.asm.obj              156     0         0      
       ull_div_t2.asm.obj             150     0         0      
       vsnprintf.c.obj                136     0         0      
       memset_t2.asm.obj              122     0         0      
       fd_tos_t2.asm.obj              110     0         0      
       copy_decompress_lzss.c.obj     104     0         0      
       s_frexp.c.obj                  100     0         0      
       sprintf.c.obj                  98      0         0      
       _ltoa.c.obj                    84      0         0      
       atoi.c.obj                     76      0         0      
       fd_toi_t2.asm.obj              72      0         0      
       autoinit.c.obj                 68      0         0      
       fs_tod_t2.asm.obj              56      0         0      
       boot_cortex_m.c.obj            52      0         0      
       i_tofd_t2.asm.obj              46      0         0      
       copy_zero_init.c.obj           28      0         0      
       memccpy.c.obj                  28      0         0      
       s_copysign.c.obj               26      0         0      
       strcmp.c.obj                   24      0         0      
       strchr.c.obj                   22      0         0      
       strcpy.c.obj                   20      0         0      
       strlen.c.obj                   20      0         0      
       wcslen.c.obj                   18      0         0      
       copy_decompress_none.c.obj     14      0         0      
       errno.c.obj                    8       0         4      
       _lock.c.obj                    2       0         8      
       exit.c.obj                     4       0         0      
       pre_init.c.obj                 4       0         0      
       div0.asm.obj                   2       0         0      
    +--+------------------------------+-------+---------+---------+
       Total:                         8769    257       20     
                                                               
       Heap:                          0       0         1024   
       Stack:                         0       0         2048   
       Linker Generated:              0       77        0      
    +--+------------------------------+-------+---------+---------+
       Grand Total:                   16629   977       3942   


LINKER GENERATED COPY TABLES

__TI_cinit_table @ 000044c0 records: 3, size/record: 8, table size: 24
	.data: load addr=00004488, load size=00000019 bytes, run addr=20000f30, run size=0000003d bytes, compression=lzss
	.bss: load addr=000044b0, load size=00000008 bytes, run addr=20000e70, run size=000000bd bytes, compression=zero_init
	.vtable: load addr=000044b8, load size=00000008 bytes, run addr=20000000, run size=0000026c bytes, compression=zero_init


LINKER GENERATED HANDLER TABLE

__TI_handler_table @ 000044a4 records: 3, size/record: 4, table size: 12
	index: 0, handler: __TI_zero_init
	index: 1, handler: __TI_decompress_lzss
	index: 2, handler: __TI_decompress_none


GLOBAL SYMBOLS: SORTED ALPHABETICALLY BY Name 

address   name                          
-------   ----                          
000033fd  ADC0SS0_Handler               
00004369  C$$EXIT                       
00004331  CPUcpsie                      
00000bc3  GPIOF_Handler                 
00004303  IntMasterEnable               
000040f5  IntRegister                   
0000433d  ResetISR                      
00002895  TIMER3B_Handler               
20000a70  __STACK_END                   
00000800  __STACK_SIZE                  
20000470  __STACK_TOP                   
00000400  __SYSMEM_SIZE                 
000044c0  __TI_CINIT_Base               
000044d8  __TI_CINIT_Limit              
000044a4  __TI_Handler_Table_Base       
000044b0  __TI_Handler_Table_Limit      
00003f81  __TI_auto_init_nobinit_nopinit
00003d25  __TI_decompress_lzss          
00004323  __TI_decompress_none          
00003e47  __TI_ltoa                     
ffffffff  __TI_pprof_out_hndl           
00000e8d  __TI_printfi                  
ffffffff  __TI_prof_data_size           
ffffffff  __TI_prof_data_start          
00000000  __TI_static_base__            
000041e5  __TI_zero_init_nomemset       
00003a51  __aeabi_cdcmpeq               
00003a51  __aeabi_cdcmple               
00003ad7  __aeabi_cdrcmple              
00003cb7  __aeabi_d2f                   
00003f39  __aeabi_d2iz                  
00002b6b  __aeabi_dadd                  
00003109  __aeabi_ddiv                  
0000368d  __aeabi_dmul                  
00002b61  __aeabi_dsub                  
00004355  __aeabi_errno_addr            
000040bd  __aeabi_f2d                   
0000418d  __aeabi_i2d                   
00002d17  __aeabi_idiv0                 
00002d17  __aeabi_ldiv0                 
00003b5d  __aeabi_memclr                
00003b5d  __aeabi_memclr4               
00003b5d  __aeabi_memclr8               
0000391f  __aeabi_memcpy                
0000391f  __aeabi_memcpy4               
0000391f  __aeabi_memcpy8               
00003b5f  __aeabi_memset                
00003b5f  __aeabi_memset4               
00003b5f  __aeabi_memset8               
000039bb  __aeabi_uldivmod              
ffffffff  __binit__                     
ffffffff  __c_args__                    
UNDEFED   __mpu_init                    
20000270  __stack                       
20000000  __start___llvm_prf_cnts       
20000000  __stop___llvm_prf_cnts        
00004129  _c_int00_noargs               
0000436c  _ctypes_                      
20000f50  _lock                         
000018db  _nop                          
20000f6c  _running                      
20000a70  _sys_memory                   
UNDEFED   _system_post_cinit            
00004365  _system_pre_init              
20000f10  _timeout_ticks                
20000f54  _unlock                       
00004369  abort                         
0000358d  aligned_alloc                 
00003eed  atoi                          
ffffffff  binit                         
00004085  calloc                        
00004239  copysign                      
00004239  copysignl                     
00001f4d  cyBOT_SERVO_cal               
00001edb  cyBOT_Scan                    
00001e83  cyBOT_init_Scan               
20000f60  cyBOT_scan_features           
00001e75  cyBOT_scan_version            
00002e21  cyBot_UART1_Handler           
00002e07  cyBot_getByte                 
00002d19  cyBot_sendByte                
00002de9  cyBot_uart_flush              
00002d57  cyBot_uart_init               
00002d3f  cyBot_uart_sendBuffer         
00002d25  cyBot_uart_sendStr            
20000f68  errno                         
20000f14  fallingEdge                   
00003789  free                          
00003d8d  frexp                         
00003d8d  frexpl                        
20000000  g_pfnRAMVectors               
00000000  g_pfnVectors                  
0000097f  go_charge                     
00003413  ir_enableInterrupt            
000033f5  ir_getDistance                
000033cd  ir_getValue                   
00003365  ir_init                       
20000f2c  isRisingEdge                  
20000ec4  isr_char_buffer               
20000f64  isr_counter                   
20000f18  isr_int_value                 
00004313  lcd_clear                     
00001ab1  lcd_gotoLine                  
00001919  lcd_init                      
00001b17  lcd_printf                    
000019d9  lcd_putc                      
00001a11  lcd_puts                      
000018dd  lcd_reverseNibble             
00001a2f  lcd_sendCommand               
00001a6d  lcd_sendNibble                
00001ad9  lcd_setCursorPos              
0000347d  ldexp                         
0000347d  ldexpl                        
20000f1c  left_calibration_value        
000020d5  main                          
0000435d  malloc                        
0000358d  memalign                      
0000421d  memccpy                       
0000391f  memcpy                        
00003b65  memset                        
20000f30  motor_cal_factor_L            
20000f34  motor_cal_factor_R            
0000265b  move_backwards                
00002571  move_forward                  
0000026d  oi_alloc                      
00000aa9  oi_checkFirmware              
000002c7  oi_close                      
00000279  oi_free                       
00000ded  oi_getMotorCalibrationLeft    
00000e01  oi_getMotorCalibrationRight   
000002b1  oi_init                       
00000289  oi_init_noupdate              
00000915  oi_loadSong                   
00004283  oi_parseInt                   
0000032b  oi_parsePacket                
0000096b  oi_play_song                  
0000084b  oi_setLeds                    
00000db1  oi_setMotorCalibration        
0000088f  oi_setWheels                  
00000b51  oi_shutoff_init               
0000098d  oi_uartInit                   
00000a31  oi_uartReceive                
00000a77  oi_uartSendBuff               
00000a15  oi_uartSendChar               
00000a59  oi_uartSendStr                
000002d9  oi_update                     
000028e7  ping_getDistance              
000027a5  ping_init                     
0000282b  ping_trigger                  
20000f20  pulseLength                   
20000f24  right_calibration_value       
20000f28  risingEdge                    
0000347d  scalbn                        
0000347d  scalbnl                       
00002e75  servo_init                    
00002f05  servo_move                    
00002f65  servo_setPWM                  
00002ef9  servo_stop                    
00003fc5  sprintf                       
000042b3  strchr                        
0000429b  strcmp                        
000042c9  strcpy                        
000042dd  strlen                        
00002447  timer_getMicros               
000023ef  timer_getMillis               
00002329  timer_init                    
000023cb  timer_pause                   
000023dd  timer_resume                  
000023a1  timer_stop                    
000024a1  timer_waitMicros              
000024d3  timer_waitMillis              
00002719  turn_cclockwise               
000026b5  turn_clockwise                
00004005  vsnprintf                     
000042f1  wcslen                        


GLOBAL SYMBOLS: SORTED BY Symbol Address 

address   name                          
-------   ----                          
00000000  __TI_static_base__            
00000000  g_pfnVectors                  
0000026d  oi_alloc                      
00000279  oi_free                       
00000289  oi_init_noupdate              
000002b1  oi_init                       
000002c7  oi_close                      
000002d9  oi_update                     
0000032b  oi_parsePacket                
00000400  __SYSMEM_SIZE                 
00000800  __STACK_SIZE                  
0000084b  oi_setLeds                    
0000088f  oi_setWheels                  
00000915  oi_loadSong                   
0000096b  oi_play_song                  
0000097f  go_charge                     
0000098d  oi_uartInit                   
00000a15  oi_uartSendChar               
00000a31  oi_uartReceive                
00000a59  oi_uartSendStr                
00000a77  oi_uartSendBuff               
00000aa9  oi_checkFirmware              
00000b51  oi_shutoff_init               
00000bc3  GPIOF_Handler                 
00000db1  oi_setMotorCalibration        
00000ded  oi_getMotorCalibrationLeft    
00000e01  oi_getMotorCalibrationRight   
00000e8d  __TI_printfi                  
000018db  _nop                          
000018dd  lcd_reverseNibble             
00001919  lcd_init                      
000019d9  lcd_putc                      
00001a11  lcd_puts                      
00001a2f  lcd_sendCommand               
00001a6d  lcd_sendNibble                
00001ab1  lcd_gotoLine                  
00001ad9  lcd_setCursorPos              
00001b17  lcd_printf                    
00001e75  cyBOT_scan_version            
00001e83  cyBOT_init_Scan               
00001edb  cyBOT_Scan                    
00001f4d  cyBOT_SERVO_cal               
000020d5  main                          
00002329  timer_init                    
000023a1  timer_stop                    
000023cb  timer_pause                   
000023dd  timer_resume                  
000023ef  timer_getMillis               
00002447  timer_getMicros               
000024a1  timer_waitMicros              
000024d3  timer_waitMillis              
00002571  move_forward                  
0000265b  move_backwards                
000026b5  turn_clockwise                
00002719  turn_cclockwise               
000027a5  ping_init                     
0000282b  ping_trigger                  
00002895  TIMER3B_Handler               
000028e7  ping_getDistance              
00002b61  __aeabi_dsub                  
00002b6b  __aeabi_dadd                  
00002d17  __aeabi_idiv0                 
00002d17  __aeabi_ldiv0                 
00002d19  cyBot_sendByte                
00002d25  cyBot_uart_sendStr            
00002d3f  cyBot_uart_sendBuffer         
00002d57  cyBot_uart_init               
00002de9  cyBot_uart_flush              
00002e07  cyBot_getByte                 
00002e21  cyBot_UART1_Handler           
00002e75  servo_init                    
00002ef9  servo_stop                    
00002f05  servo_move                    
00002f65  servo_setPWM                  
00003109  __aeabi_ddiv                  
00003365  ir_init                       
000033cd  ir_getValue                   
000033f5  ir_getDistance                
000033fd  ADC0SS0_Handler               
00003413  ir_enableInterrupt            
0000347d  ldexp                         
0000347d  ldexpl                        
0000347d  scalbn                        
0000347d  scalbnl                       
0000358d  aligned_alloc                 
0000358d  memalign                      
0000368d  __aeabi_dmul                  
00003789  free                          
0000391f  __aeabi_memcpy                
0000391f  __aeabi_memcpy4               
0000391f  __aeabi_memcpy8               
0000391f  memcpy                        
000039bb  __aeabi_uldivmod              
00003a51  __aeabi_cdcmpeq               
00003a51  __aeabi_cdcmple               
00003ad7  __aeabi_cdrcmple              
00003b5d  __aeabi_memclr                
00003b5d  __aeabi_memclr4               
00003b5d  __aeabi_memclr8               
00003b5f  __aeabi_memset                
00003b5f  __aeabi_memset4               
00003b5f  __aeabi_memset8               
00003b65  memset                        
00003cb7  __aeabi_d2f                   
00003d25  __TI_decompress_lzss          
00003d8d  frexp                         
00003d8d  frexpl                        
00003e47  __TI_ltoa                     
00003eed  atoi                          
00003f39  __aeabi_d2iz                  
00003f81  __TI_auto_init_nobinit_nopinit
00003fc5  sprintf                       
00004005  vsnprintf                     
00004085  calloc                        
000040bd  __aeabi_f2d                   
000040f5  IntRegister                   
00004129  _c_int00_noargs               
0000418d  __aeabi_i2d                   
000041e5  __TI_zero_init_nomemset       
0000421d  memccpy                       
00004239  copysign                      
00004239  copysignl                     
00004283  oi_parseInt                   
0000429b  strcmp                        
000042b3  strchr                        
000042c9  strcpy                        
000042dd  strlen                        
000042f1  wcslen                        
00004303  IntMasterEnable               
00004313  lcd_clear                     
00004323  __TI_decompress_none          
00004331  CPUcpsie                      
0000433d  ResetISR                      
00004355  __aeabi_errno_addr            
0000435d  malloc                        
00004365  _system_pre_init              
00004369  C$$EXIT                       
00004369  abort                         
0000436c  _ctypes_                      
000044a4  __TI_Handler_Table_Base       
000044b0  __TI_Handler_Table_Limit      
000044c0  __TI_CINIT_Base               
000044d8  __TI_CINIT_Limit              
20000000  __start___llvm_prf_cnts       
20000000  __stop___llvm_prf_cnts        
20000000  g_pfnRAMVectors               
20000270  __stack                       
20000470  __STACK_TOP                   
20000a70  __STACK_END                   
20000a70  _sys_memory                   
20000ec4  isr_char_buffer               
20000f10  _timeout_ticks                
20000f14  fallingEdge                   
20000f18  isr_int_value                 
20000f1c  left_calibration_value        
20000f20  pulseLength                   
20000f24  right_calibration_value       
20000f28  risingEdge                    
20000f2c  isRisingEdge                  
20000f30  motor_cal_factor_L            
20000f34  motor_cal_factor_R            
20000f50  _lock                         
20000f54  _unlock                       
20000f60  cyBOT_scan_features           
20000f64  isr_counter                   
20000f68  errno                         
20000f6c  _running                      
ffffffff  __TI_pprof_out_hndl           
ffffffff  __TI_prof_data_size           
ffffffff  __TI_prof_data_start          
ffffffff  __binit__                     
ffffffff  __c_args__                    
ffffffff  binit                         
UNDEFED   __mpu_init                    
UNDEFED   _system_post_cinit            

[175 symbols]
