******************************************************************************
                  TI ARM Linker PC v20.2.7                     
******************************************************************************
>> Linked Wed Sep 20 17:28:06 2023

OUTPUT FILE NAME:   <lab_3.out>
ENTRY POINT SYMBOL: "_c_int00_noargs"  address: 00004355


MEMORY CONFIGURATION

         name            origin    length      used     unused   attr    fill
----------------------  --------  ---------  --------  --------  ----  --------
  FLASH                 00000000   00040000  000047d1  0003b82f  R  X
  SRAM                  20000000   00008000  00000b1e  000074e2  RW X


SEGMENT ALLOCATION MAP

run origin  load origin   length   init length attrs members
----------  ----------- ---------- ----------- ----- -------
00000000    00000000    000047d8   000047d8    r-x
  00000000    00000000    0000026c   0000026c    r-- .intvecs
  0000026c    0000026c    000042c4   000042c4    r-x .text
  00004530    00004530    00000261   00000261    r-- .const
  00004798    00004798    00000040   00000040    r-- .cinit
20000000    20000000    00000b25   00000000    rw-
  20000000    20000000    0000026c   00000000    rw- .vtable
  20000270    20000270    00000800   00000000    rw- .stack
  20000a70    20000a70    000000a5   00000000    rw- .bss
  20000b18    20000b18    0000000d   00000000    rw- .data


SECTION ALLOCATION MAP

 output                                  attributes/
section   page    origin      length       input sections
--------  ----  ----------  ----------   ----------------
.intvecs   0    00000000    0000026c     
                  00000000    0000026c     tm4c123gh6pm_startup_ccs.obj (.intvecs)

.text      0    0000026c    000042c4     
                  0000026c    00000a4e     rtsv7M4_T_le_v4SPD16_eabi.lib : _printfi.c.obj (.text:__TI_printfi)
                  00000cba    00000002                                   : div0.asm.obj (.text)
                  00000cbc    00000738                                   : k_rem_pio2.c.obj (.text:__kernel_rem_pio2)
                  000013f4    000005e0                                   : s_sin.c.obj (.text:sin)
                  000019d4    000004dc     main.obj (.text)
                  00001eb0    00000328     lcd.obj (.text)
                  000021d8    00000270     rtsv7M4_T_le_v4SPD16_eabi.lib : _printfi.c.obj (.text:_pconv_a)
                  00002448    00000260     libcybotScan.lib : cyBot_Scan.obj (.text)
                  000026a8    00000248     Timer.obj (.text)
                  000028f0    000001ec     libcybotScan.lib : ping.obj (.text)
                  00002adc    000001d0     rtsv7M4_T_le_v4SPD16_eabi.lib : _printfi.c.obj (.text:_pconv_g)
                  00002cac    000001b6                                   : fd_add_t2.asm.obj (.text)
                  00002e62    00000002     --HOLE-- [fill = 0]
                  00002e64    00000174                                   : k_sin.c.obj (.text:__kernel_sin)
                  00002fd8    00000170                                   : k_cos.c.obj (.text:__kernel_cos)
                  00003148    0000015c     libcybotUART.lib : uart.obj (.text)
                  000032a4    00000158     libcybotScan.lib : servo.obj (.text)
                  000033fc    0000013c     rtsv7M4_T_le_v4SPD16_eabi.lib : _printfi.c.obj (.text:_pconv_e)
                  00003538    00000136                                   : fd_div_t2.asm.obj (.text)
                  0000366e    00000002     --HOLE-- [fill = 0]
                  00003670    00000124                                   : _printfi.c.obj (.text:fcvt)
                  00003794    00000118     libcybotScan.lib : ir.obj (.text)
                  000038ac    00000110     rtsv7M4_T_le_v4SPD16_eabi.lib : s_scalbn.c.obj (.text:scalbn)
                  000039bc    000000fc                                   : fd_mul_t2.asm.obj (.text)
                  00003ab8    000000f8                                   : s_floor.c.obj (.text:floor)
                  00003bb0    000000b1                                   : _printfi.c.obj (.text:_ltostr)
                  00003c61    00000001     --HOLE-- [fill = 0]
                  00003c62    0000009c                                   : memcpy_t2.asm.obj (.text)
                  00003cfe    00000096                                   : ull_div_t2.asm.obj (.text)
                  00003d94    00000086                                   : fd_cmp_t2.asm.obj (.text:__aeabi_cdcmple)
                  00003e1a    00000086                                   : fd_cmp_t2.asm.obj (.text:__aeabi_cdrcmple)
                  00003ea0    0000007a                                   : memset_t2.asm.obj (.text)
                  00003f1a    0000006e                                   : _printfi.c.obj (.text:_mcpy)
                  00003f88    00000068                                   : copy_decompress_lzss.c.obj (.text:decompress:lzss:__TI_decompress_lzss)
                  00003ff0    00000064                                   : s_frexp.c.obj (.text:frexp)
                  00004054    00000056                                   : _printfi.c.obj (.text:_pconv_f)
                  000040aa    00000054                                   : _ltoa.c.obj (.text:__TI_ltoa)
                  000040fe    00000052                                   : _printfi.c.obj (.text:_ecpy)
                  00004150    0000004c                                   : atoi.c.obj (.text:atoi)
                  0000419c    00000048                                   : fd_toi_t2.asm.obj (.text)
                  000041e4    00000044                                   : autoinit.c.obj (.text:__TI_auto_init_nobinit_nopinit:__TI_auto_init_nobinit_nopinit)
                  00004228    00000040                                   : sprintf.c.obj (.text:sprintf)
                  00004268    00000040                                   : vsnprintf.c.obj (.text:vsnprintf)
                  000042a8    0000003e                                   : _printfi.c.obj (.text:_fcpy)
                  000042e6    00000038                                   : fs_tod_t2.asm.obj (.text)
                  0000431e    00000002     --HOLE-- [fill = 0]
                  00004320    00000034     driverlib.lib : interrupt.obj (.text:IntRegister)
                  00004354    00000034     rtsv7M4_T_le_v4SPD16_eabi.lib : boot_cortex_m.c.obj (.text:_c_int00_noargs:_c_int00_noargs)
                  00004388    00000030                                   : vsnprintf.c.obj (.text:_outs)
                  000043b8    0000002e                                   : i_tofd_t2.asm.obj (.text)
                  000043e6    0000001c                                   : copy_zero_init.c.obj (.text:decompress:ZI:__TI_zero_init_nomemset:__TI_zero_init_nomemset)
                  00004402    0000001c                                   : memccpy.c.obj (.text:memccpy)
                  0000441e    0000001a                                   : s_copysign.c.obj (.text:copysign)
                  00004438    00000018                                   : vsnprintf.c.obj (.text:_outc)
                  00004450    00000018                                   : sprintf.c.obj (.text:_outs)
                  00004468    00000018                                   : strcmp.c.obj (.text:strcmp)
                  00004480    00000016                                   : strchr.c.obj (.text:strchr)
                  00004496    00000014                                   : strcpy.c.obj (.text:strcpy)
                  000044aa    00000014                                   : strlen.c.obj (.text:strlen)
                  000044be    00000012                                   : wcslen.c.obj (.text:wcslen)
                  000044d0    00000010     driverlib.lib : interrupt.obj (.text:IntMasterEnable)
                  000044e0    00000010     lcd.obj (.text:lcd_clear)
                  000044f0    0000000e     rtsv7M4_T_le_v4SPD16_eabi.lib : copy_decompress_none.c.obj (.text:decompress:none:__TI_decompress_none)
                  000044fe    0000000c     driverlib.lib : cpu.obj (.text:CPUcpsie)
                  0000450a    0000000c     tm4c123gh6pm_startup_ccs.obj (.text)
                  00004516    0000000a     rtsv7M4_T_le_v4SPD16_eabi.lib : sprintf.c.obj (.text:_outc)
                  00004520    00000008                                   : errno.c.obj (.text:__aeabi_errno_addr)
                  00004528    00000004                                   : pre_init.c.obj (.text:_system_pre_init)
                  0000452c    00000004                                   : exit.c.obj (.text:abort:abort)

.const     0    00004530    00000261     
                  00004530    00000158     rtsv7M4_T_le_v4SPD16_eabi.lib : k_rem_pio2.c.obj (.const:$O1$$)
                  00004688    00000101                                   : ctype.c.obj (.const:.string:_ctypes_)
                  00004789    00000004     lcd.obj (.const:.string:lineAddress$1)
                  0000478d    00000004     lcd.obj (.const:.string:lineAddresses$2)

.cinit     0    00004798    00000040     
                  00004798    0000000c     (__TI_handler_table)
                  000047a4    00000004     --HOLE-- [fill = 0]
                  000047a8    00000008     (.cinit..bss.load) [load image, compression = zero_init]
                  000047b0    00000008     (.cinit..vtable.load) [load image, compression = zero_init]
                  000047b8    00000007     (.cinit..data.load) [load image, compression = lzss]
                  000047bf    00000001     --HOLE-- [fill = 0]
                  000047c0    00000018     (__TI_cinit_table)

.init_array 
*          0    00000000    00000000     UNINITIALIZED

.vtable    0    20000000    0000026c     UNINITIALIZED
                  20000000    0000026c     driverlib.lib : interrupt.obj (.vtable)

.bss       0    20000a70    000000a5     UNINITIALIZED
                  20000a70    00000054     lcd.obj (.bss:lastbuffer$3)
                  20000ac4    00000034     (.common:isr_char_buffer)
                  20000af8    00000004     (.common:_timeout_ticks)
                  20000afc    00000004     (.common:fallingEdge)
                  20000b00    00000004     (.common:isr_int_value)
                  20000b04    00000004     (.common:left_calibration_value)
                  20000b08    00000004     (.common:pulseLength)
                  20000b0c    00000004     (.common:right_calibration_value)
                  20000b10    00000004     (.common:risingEdge)
                  20000b14    00000001     (.common:isRisingEdge)

.data      0    20000b18    0000000d     UNINITIALIZED
                  20000b18    00000004     libcybotScan.lib : cyBot_Scan.obj (.data)
                  20000b1c    00000004     libcybotUART.lib : uart.obj (.data)
                  20000b20    00000004     rtsv7M4_T_le_v4SPD16_eabi.lib : errno.c.obj (.data)
                  20000b24    00000001     Timer.obj (.data)

.stack     0    20000270    00000800     UNINITIALIZED
                  20000270    00000004     rtsv7M4_T_le_v4SPD16_eabi.lib : boot_cortex_m.c.obj (.stack)
                  20000274    000007fc     --HOLE--

__llvm_prf_cnts 
*          0    20000000    00000000     UNINITIALIZED

MODULE SUMMARY

       Module                         code    ro data   rw data
       ------                         ----    -------   -------
    .\
       main.obj                       1244    0         8      
       lcd.obj                        824     8         84     
       tm4c123gh6pm_startup_ccs.obj   12      620       0      
       Timer.obj                      584     0         5      
    +--+------------------------------+-------+---------+---------+
       Total:                         2664    628       97     
                                                               
    ../libcybotScan.lib
       cyBot_Scan.obj                 608     0         4      
       ping.obj                       492     0         13     
       servo.obj                      344     0         0      
       ir.obj                         280     0         4      
    +--+------------------------------+-------+---------+---------+
       Total:                         1724    0         21     
                                                               
    ../libcybotUART.lib
       uart.obj                       348     0         56     
    +--+------------------------------+-------+---------+---------+
       Total:                         348     0         56     
                                                               
    C:/ti/TivaWare_C_Series-2.2.0.295/driverlib/ccs/Debug/driverlib.lib
       interrupt.obj                  68      0         620    
       cpu.obj                        12      0         0      
    +--+------------------------------+-------+---------+---------+
       Total:                         80      0         620    
                                                               
    C:\ti\ccs1230\ccs\tools\compiler\ti-cgt-arm_20.2.7.LTS\lib\rtsv7M4_T_le_v4SPD16_eabi.lib
       _printfi.c.obj                 4851    0         0      
       k_rem_pio2.c.obj               1848    344       0      
       s_sin.c.obj                    1504    0         0      
       fd_add_t2.asm.obj              438     0         0      
       k_sin.c.obj                    372     0         0      
       k_cos.c.obj                    368     0         0      
       fd_div_t2.asm.obj              310     0         0      
       s_scalbn.c.obj                 272     0         0      
       fd_cmp_t2.asm.obj              268     0         0      
       ctype.c.obj                    0       257       0      
       fd_mul_t2.asm.obj              252     0         0      
       s_floor.c.obj                  248     0         0      
       memcpy_t2.asm.obj              156     0         0      
       ull_div_t2.asm.obj             150     0         0      
       vsnprintf.c.obj                136     0         0      
       memset_t2.asm.obj              122     0         0      
       copy_decompress_lzss.c.obj     104     0         0      
       s_frexp.c.obj                  100     0         0      
       sprintf.c.obj                  98      0         0      
       _ltoa.c.obj                    84      0         0      
       atoi.c.obj                     76      0         0      
       fd_toi_t2.asm.obj              72      0         0      
       autoinit.c.obj                 68      0         0      
       fs_tod_t2.asm.obj              56      0         0      
       boot_cortex_m.c.obj            52      0         0      
       i_tofd_t2.asm.obj              46      0         0      
       copy_zero_init.c.obj           28      0         0      
       memccpy.c.obj                  28      0         0      
       s_copysign.c.obj               26      0         0      
       strcmp.c.obj                   24      0         0      
       strchr.c.obj                   22      0         0      
       strcpy.c.obj                   20      0         0      
       strlen.c.obj                   20      0         0      
       wcslen.c.obj                   18      0         0      
       copy_decompress_none.c.obj     14      0         0      
       errno.c.obj                    8       0         4      
       exit.c.obj                     4       0         0      
       pre_init.c.obj                 4       0         0      
       div0.asm.obj                   2       0         0      
    +--+------------------------------+-------+---------+---------+
       Total:                         12269   601       4      
                                                               
       Stack:                         0       0         2048   
       Linker Generated:              0       59        0      
    +--+------------------------------+-------+---------+---------+
       Grand Total:                   17085   1288      2846   


LINKER GENERATED COPY TABLES

__TI_cinit_table @ 000047c0 records: 3, size/record: 8, table size: 24
	.bss: load addr=000047a8, load size=00000008 bytes, run addr=20000a70, run size=000000a5 bytes, compression=zero_init
	.vtable: load addr=000047b0, load size=00000008 bytes, run addr=20000000, run size=0000026c bytes, compression=zero_init
	.data: load addr=000047b8, load size=00000007 bytes, run addr=20000b18, run size=0000000d bytes, compression=lzss


LINKER GENERATED HANDLER TABLE

__TI_handler_table @ 00004798 records: 3, size/record: 4, table size: 12
	index: 0, handler: __TI_zero_init
	index: 1, handler: __TI_decompress_lzss
	index: 2, handler: __TI_decompress_none


GLOBAL SYMBOLS: SORTED ALPHABETICALLY BY Name 

address   name                          
-------   ----                          
0000382d  ADC0SS0_Handler               
0000452d  C$$EXIT                       
000044ff  CPUcpsie                      
000044d1  IntMasterEnable               
00004321  IntRegister                   
0000450b  ResetISR                      
000029e1  TIMER3B_Handler               
20000a70  __STACK_END                   
00000800  __STACK_SIZE                  
20000470  __STACK_TOP                   
000047c0  __TI_CINIT_Base               
000047d8  __TI_CINIT_Limit              
00004798  __TI_Handler_Table_Base       
000047a4  __TI_Handler_Table_Limit      
000041e5  __TI_auto_init_nobinit_nopinit
00003f89  __TI_decompress_lzss          
000044f1  __TI_decompress_none          
000040ab  __TI_ltoa                     
ffffffff  __TI_pprof_out_hndl           
0000026d  __TI_printfi                  
ffffffff  __TI_prof_data_size           
ffffffff  __TI_prof_data_start          
00000000  __TI_static_base__            
000043e7  __TI_zero_init_nomemset       
00003d95  __aeabi_cdcmpeq               
00003d95  __aeabi_cdcmple               
00003e1b  __aeabi_cdrcmple              
0000419d  __aeabi_d2iz                  
00002cb7  __aeabi_dadd                  
00003539  __aeabi_ddiv                  
000039bd  __aeabi_dmul                  
00002cad  __aeabi_dsub                  
00004521  __aeabi_errno_addr            
000042e7  __aeabi_f2d                   
000043b9  __aeabi_i2d                   
00000cbb  __aeabi_idiv0                 
00000cbb  __aeabi_ldiv0                 
00003ea1  __aeabi_memclr                
00003ea1  __aeabi_memclr4               
00003ea1  __aeabi_memclr8               
00003c63  __aeabi_memcpy                
00003c63  __aeabi_memcpy4               
00003c63  __aeabi_memcpy8               
00003ea3  __aeabi_memset                
00003ea3  __aeabi_memset4               
00003ea3  __aeabi_memset8               
00003cff  __aeabi_uldivmod              
ffffffff  __binit__                     
ffffffff  __c_args__                    
00002fd9  __kernel_cos                  
00000cbd  __kernel_rem_pio2             
00002e65  __kernel_sin                  
UNDEFED   __mpu_init                    
20000270  __stack                       
20000000  __start___llvm_prf_cnts       
20000000  __stop___llvm_prf_cnts        
00004355  _c_int00_noargs               
00004688  _ctypes_                      
20000b24  _running                      
UNDEFED   _system_post_cinit            
00004529  _system_pre_init              
20000af8  _timeout_ticks                
0000452d  abort                         
00004151  atoi                          
ffffffff  binit                         
0000441f  copysign                      
0000441f  copysignl                     
00002521  cyBOT_SERVO_cal               
000024af  cyBOT_Scan                    
00002457  cyBOT_init_Scan               
20000b18  cyBOT_scan_features           
00002449  cyBOT_scan_version            
00003251  cyBot_UART1_Handler           
00003237  cyBot_getByte                 
00003149  cyBot_sendByte                
00003219  cyBot_uart_flush              
00003187  cyBot_uart_init               
0000316f  cyBot_uart_sendBuffer         
00003155  cyBot_uart_sendStr            
20000b20  errno                         
20000afc  fallingEdge                   
00003ab9  floor                         
00003ab9  floorl                        
00003ff1  frexp                         
00003ff1  frexpl                        
20000000  g_pfnRAMVectors               
00000000  g_pfnVectors                  
00003843  ir_enableInterrupt            
00003825  ir_getDistance                
000037fd  ir_getValue                   
00003795  ir_init                       
20000b14  isRisingEdge                  
20000ac4  isr_char_buffer               
20000b1c  isr_counter                   
20000b00  isr_int_value                 
000044e1  lcd_clear                     
00002085  lcd_gotoLine                  
00001eed  lcd_init                      
000020eb  lcd_printf                    
00001fad  lcd_putc                      
00001fe5  lcd_puts                      
00001eb1  lcd_reverseNibble             
00002003  lcd_sendCommand               
00002041  lcd_sendNibble                
000020ad  lcd_setCursorPos              
000038ad  ldexp                         
000038ad  ldexpl                        
20000b04  left_calibration_value        
000019d5  main                          
00004403  memccpy                       
00003c63  memcpy                        
00003ea9  memset                        
00002a33  ping_getDistance              
000028f1  ping_init                     
00002977  ping_trigger                  
20000b08  pulseLength                   
20000b0c  right_calibration_value       
20000b10  risingEdge                    
000038ad  scalbn                        
000038ad  scalbnl                       
000032a5  servo_init                    
00003335  servo_move                    
00003395  servo_setPWM                  
00003329  servo_stop                    
000013f5  sin                           
000013f5  sinl                          
00004229  sprintf                       
00004481  strchr                        
00004469  strcmp                        
00004497  strcpy                        
000044ab  strlen                        
000027c7  timer_getMicros               
0000276f  timer_getMillis               
000026a9  timer_init                    
0000274b  timer_pause                   
0000275d  timer_resume                  
00002721  timer_stop                    
00002821  timer_waitMicros              
00002853  timer_waitMillis              
00004269  vsnprintf                     
000044bf  wcslen                        


GLOBAL SYMBOLS: SORTED BY Symbol Address 

address   name                          
-------   ----                          
00000000  __TI_static_base__            
00000000  g_pfnVectors                  
0000026d  __TI_printfi                  
00000800  __STACK_SIZE                  
00000cbb  __aeabi_idiv0                 
00000cbb  __aeabi_ldiv0                 
00000cbd  __kernel_rem_pio2             
000013f5  sin                           
000013f5  sinl                          
000019d5  main                          
00001eb1  lcd_reverseNibble             
00001eed  lcd_init                      
00001fad  lcd_putc                      
00001fe5  lcd_puts                      
00002003  lcd_sendCommand               
00002041  lcd_sendNibble                
00002085  lcd_gotoLine                  
000020ad  lcd_setCursorPos              
000020eb  lcd_printf                    
00002449  cyBOT_scan_version            
00002457  cyBOT_init_Scan               
000024af  cyBOT_Scan                    
00002521  cyBOT_SERVO_cal               
000026a9  timer_init                    
00002721  timer_stop                    
0000274b  timer_pause                   
0000275d  timer_resume                  
0000276f  timer_getMillis               
000027c7  timer_getMicros               
00002821  timer_waitMicros              
00002853  timer_waitMillis              
000028f1  ping_init                     
00002977  ping_trigger                  
000029e1  TIMER3B_Handler               
00002a33  ping_getDistance              
00002cad  __aeabi_dsub                  
00002cb7  __aeabi_dadd                  
00002e65  __kernel_sin                  
00002fd9  __kernel_cos                  
00003149  cyBot_sendByte                
00003155  cyBot_uart_sendStr            
0000316f  cyBot_uart_sendBuffer         
00003187  cyBot_uart_init               
00003219  cyBot_uart_flush              
00003237  cyBot_getByte                 
00003251  cyBot_UART1_Handler           
000032a5  servo_init                    
00003329  servo_stop                    
00003335  servo_move                    
00003395  servo_setPWM                  
00003539  __aeabi_ddiv                  
00003795  ir_init                       
000037fd  ir_getValue                   
00003825  ir_getDistance                
0000382d  ADC0SS0_Handler               
00003843  ir_enableInterrupt            
000038ad  ldexp                         
000038ad  ldexpl                        
000038ad  scalbn                        
000038ad  scalbnl                       
000039bd  __aeabi_dmul                  
00003ab9  floor                         
00003ab9  floorl                        
00003c63  __aeabi_memcpy                
00003c63  __aeabi_memcpy4               
00003c63  __aeabi_memcpy8               
00003c63  memcpy                        
00003cff  __aeabi_uldivmod              
00003d95  __aeabi_cdcmpeq               
00003d95  __aeabi_cdcmple               
00003e1b  __aeabi_cdrcmple              
00003ea1  __aeabi_memclr                
00003ea1  __aeabi_memclr4               
00003ea1  __aeabi_memclr8               
00003ea3  __aeabi_memset                
00003ea3  __aeabi_memset4               
00003ea3  __aeabi_memset8               
00003ea9  memset                        
00003f89  __TI_decompress_lzss          
00003ff1  frexp                         
00003ff1  frexpl                        
000040ab  __TI_ltoa                     
00004151  atoi                          
0000419d  __aeabi_d2iz                  
000041e5  __TI_auto_init_nobinit_nopinit
00004229  sprintf                       
00004269  vsnprintf                     
000042e7  __aeabi_f2d                   
00004321  IntRegister                   
00004355  _c_int00_noargs               
000043b9  __aeabi_i2d                   
000043e7  __TI_zero_init_nomemset       
00004403  memccpy                       
0000441f  copysign                      
0000441f  copysignl                     
00004469  strcmp                        
00004481  strchr                        
00004497  strcpy                        
000044ab  strlen                        
000044bf  wcslen                        
000044d1  IntMasterEnable               
000044e1  lcd_clear                     
000044f1  __TI_decompress_none          
000044ff  CPUcpsie                      
0000450b  ResetISR                      
00004521  __aeabi_errno_addr            
00004529  _system_pre_init              
0000452d  C$$EXIT                       
0000452d  abort                         
00004688  _ctypes_                      
00004798  __TI_Handler_Table_Base       
000047a4  __TI_Handler_Table_Limit      
000047c0  __TI_CINIT_Base               
000047d8  __TI_CINIT_Limit              
20000000  __start___llvm_prf_cnts       
20000000  __stop___llvm_prf_cnts        
20000000  g_pfnRAMVectors               
20000270  __stack                       
20000470  __STACK_TOP                   
20000a70  __STACK_END                   
20000ac4  isr_char_buffer               
20000af8  _timeout_ticks                
20000afc  fallingEdge                   
20000b00  isr_int_value                 
20000b04  left_calibration_value        
20000b08  pulseLength                   
20000b0c  right_calibration_value       
20000b10  risingEdge                    
20000b14  isRisingEdge                  
20000b18  cyBOT_scan_features           
20000b1c  isr_counter                   
20000b20  errno                         
20000b24  _running                      
ffffffff  __TI_pprof_out_hndl           
ffffffff  __TI_prof_data_size           
ffffffff  __TI_prof_data_start          
ffffffff  __binit__                     
ffffffff  __c_args__                    
ffffffff  binit                         
UNDEFED   __mpu_init                    
UNDEFED   _system_post_cinit            

[141 symbols]
