******************************************************************************
                  TI ARM Linker PC v20.2.7                     
******************************************************************************
>> Linked Wed Nov  8 18:07:26 2023

OUTPUT FILE NAME:   <lab_6.out>
ENTRY POINT SYMBOL: "_c_int00_noargs"  address: 00003ab1


MEMORY CONFIGURATION

         name            origin    length      used     unused   attr    fill
----------------------  --------  ---------  --------  --------  ----  --------
  FLASH                 00000000   00040000  00003e08  0003c1f8  R  X
  SRAM                  20000000   00008000  00000ae8  00007518  RW X


SEGMENT ALLOCATION MAP

run origin  load origin   length   init length attrs members
----------  ----------- ---------- ----------- ----- -------
00000000    00000000    00003e10   00003e10    r-x
  00000000    00000000    0000026c   0000026c    r-- .intvecs
  0000026c    0000026c    00003a20   00003a20    r-x .text
  00003c90    00003c90    0000013c   0000013c    r-- .const
  00003dd0    00003dd0    00000040   00000040    r-- .cinit
20000000    20000000    00000aed   00000000    rw-
  20000000    20000000    0000026c   00000000    rw- .vtable
  20000270    20000270    00000800   00000000    rw- .stack
  20000a70    20000a70    00000073   00000000    rw- .bss
  20000ae4    20000ae4    00000009   00000000    rw- .data


SECTION ALLOCATION MAP

 output                                  attributes/
section   page    origin      length       input sections
--------  ----  ----------  ----------   ----------------
.intvecs   0    00000000    0000026c     
                  00000000    0000026c     tm4c123gh6pm_startup_ccs.obj (.intvecs)

.text      0    0000026c    00003a20     
                  0000026c    00000a4e     rtsv7M4_T_le_v4SPD16_eabi.lib : _printfi.c.obj (.text:__TI_printfi)
                  00000cba    00000002                                   : div0.asm.obj (.text)
                  00000cbc    000009d0                                   : e_pow.c.obj (.text:pow)
                  0000168c    00000328     lcd.obj (.text)
                  000019b4    00000270     rtsv7M4_T_le_v4SPD16_eabi.lib : _printfi.c.obj (.text:_pconv_a)
                  00001c24    00000260     libcybotScan.lib : cyBot_Scan.obj (.text)
                  00001e84    00000248     Timer.obj (.text)
                  000020cc    000001ec     libcybotScan.lib : ping.obj (.text)
                  000022b8    000001d0     rtsv7M4_T_le_v4SPD16_eabi.lib : _printfi.c.obj (.text:_pconv_g)
                  00002488    000001c4     Lab6_template_extra_help.obj (.text)
                  0000264c    000001b6     rtsv7M4_T_le_v4SPD16_eabi.lib : fd_add_t2.asm.obj (.text)
                  00002802    00000002     --HOLE-- [fill = 0]
                  00002804    00000158     libcybotScan.lib : servo.obj (.text)
                  0000295c    00000158     rtsv7M4_T_le_v4SPD16_eabi.lib : e_sqrt.c.obj (.text:sqrt)
                  00002ab4    00000158     uart_extra_help.obj (.text)
                  00002c0c    0000013c     rtsv7M4_T_le_v4SPD16_eabi.lib : _printfi.c.obj (.text:_pconv_e)
                  00002d48    00000136                                   : fd_div_t2.asm.obj (.text)
                  00002e7e    00000002     --HOLE-- [fill = 0]
                  00002e80    00000124                                   : _printfi.c.obj (.text:fcvt)
                  00002fa4    00000118     libcybotScan.lib : ir.obj (.text)
                  000030bc    00000110     rtsv7M4_T_le_v4SPD16_eabi.lib : s_scalbn.c.obj (.text:scalbn)
                  000031cc    000000fc                                   : fd_mul_t2.asm.obj (.text)
                  000032c8    000000b1                                   : _printfi.c.obj (.text:_ltostr)
                  00003379    00000001     --HOLE-- [fill = 0]
                  0000337a    0000009c                                   : memcpy_t2.asm.obj (.text)
                  00003416    00000096                                   : ull_div_t2.asm.obj (.text)
                  000034ac    00000086                                   : fd_cmp_t2.asm.obj (.text:__aeabi_cdcmple)
                  00003532    00000086                                   : fd_cmp_t2.asm.obj (.text:__aeabi_cdrcmple)
                  000035b8    0000007a                                   : memset_t2.asm.obj (.text)
                  00003632    0000006e                                   : _printfi.c.obj (.text:_mcpy)
                  000036a0    00000068                                   : copy_decompress_lzss.c.obj (.text:decompress:lzss:__TI_decompress_lzss)
                  00003708    00000064                                   : s_frexp.c.obj (.text:frexp)
                  0000376c    00000056                                   : _printfi.c.obj (.text:_pconv_f)
                  000037c2    00000054                                   : _ltoa.c.obj (.text:__TI_ltoa)
                  00003816    00000052                                   : _printfi.c.obj (.text:_ecpy)
                  00003868    0000004c                                   : atoi.c.obj (.text:atoi)
                  000038b4    00000048                                   : fd_toi_t2.asm.obj (.text)
                  000038fc    00000044                                   : autoinit.c.obj (.text:__TI_auto_init_nobinit_nopinit:__TI_auto_init_nobinit_nopinit)
                  00003940    00000044                                   : fd_tou_t2.asm.obj (.text)
                  00003984    00000040                                   : sprintf.c.obj (.text:sprintf)
                  000039c4    00000040                                   : vsnprintf.c.obj (.text:vsnprintf)
                  00003a04    0000003e                                   : _printfi.c.obj (.text:_fcpy)
                  00003a42    00000038                                   : fs_tod_t2.asm.obj (.text)
                  00003a7a    00000002     --HOLE-- [fill = 0]
                  00003a7c    00000034     driverlib.lib : interrupt.obj (.text:IntRegister)
                  00003ab0    00000034     rtsv7M4_T_le_v4SPD16_eabi.lib : boot_cortex_m.c.obj (.text:_c_int00_noargs:_c_int00_noargs)
                  00003ae4    00000030                                   : vsnprintf.c.obj (.text:_outs)
                  00003b14    0000002e                                   : i_tofd_t2.asm.obj (.text)
                  00003b42    0000001c                                   : copy_zero_init.c.obj (.text:decompress:ZI:__TI_zero_init_nomemset:__TI_zero_init_nomemset)
                  00003b5e    0000001c                                   : memccpy.c.obj (.text:memccpy)
                  00003b7a    0000001a                                   : s_copysign.c.obj (.text:copysign)
                  00003b94    00000018                                   : vsnprintf.c.obj (.text:_outc)
                  00003bac    00000018                                   : sprintf.c.obj (.text:_outs)
                  00003bc4    00000018                                   : strcmp.c.obj (.text:strcmp)
                  00003bdc    00000016                                   : strchr.c.obj (.text:strchr)
                  00003bf2    00000014                                   : strcpy.c.obj (.text:strcpy)
                  00003c06    00000014                                   : strlen.c.obj (.text:strlen)
                  00003c1a    00000012                                   : wcslen.c.obj (.text:wcslen)
                  00003c2c    00000010     driverlib.lib : interrupt.obj (.text:IntMasterEnable)
                  00003c3c    00000010     lcd.obj (.text:lcd_clear)
                  00003c4c    0000000e     rtsv7M4_T_le_v4SPD16_eabi.lib : copy_decompress_none.c.obj (.text:decompress:none:__TI_decompress_none)
                  00003c5a    0000000c     driverlib.lib : cpu.obj (.text:CPUcpsie)
                  00003c66    0000000c     tm4c123gh6pm_startup_ccs.obj (.text)
                  00003c72    0000000a     rtsv7M4_T_le_v4SPD16_eabi.lib : sprintf.c.obj (.text:_outc)
                  00003c7c    00000008                                   : errno.c.obj (.text:__aeabi_errno_addr)
                  00003c84    00000004                                   : pre_init.c.obj (.text:_system_pre_init)
                  00003c88    00000004                                   : exit.c.obj (.text:abort:abort)

.const     0    00003c90    0000013c     
                  00003c90    00000101     rtsv7M4_T_le_v4SPD16_eabi.lib : ctype.c.obj (.const:.string:_ctypes_)
                  00003d91    00000004     lcd.obj (.const:.string:lineAddress$1)
                  00003d95    00000003     --HOLE-- [fill = 0]
                  00003d98    00000030     rtsv7M4_T_le_v4SPD16_eabi.lib : e_pow.c.obj (.const:$O1$$)
                  00003dc8    00000004     lcd.obj (.const:.string:lineAddresses$2)

.cinit     0    00003dd0    00000040     
                  00003dd0    0000000c     (__TI_handler_table)
                  00003ddc    00000004     --HOLE-- [fill = 0]
                  00003de0    00000008     (.cinit..bss.load) [load image, compression = zero_init]
                  00003de8    00000008     (.cinit..vtable.load) [load image, compression = zero_init]
                  00003df0    00000007     (.cinit..data.load) [load image, compression = lzss]
                  00003df7    00000001     --HOLE-- [fill = 0]
                  00003df8    00000018     (__TI_cinit_table)

.init_array 
*          0    00000000    00000000     UNINITIALIZED

.vtable    0    20000000    0000026c     UNINITIALIZED
                  20000000    0000026c     driverlib.lib : interrupt.obj (.vtable)

.bss       0    20000a70    00000073     UNINITIALIZED
                  20000a70    00000054     lcd.obj (.bss:lastbuffer$3)
                  20000ac4    00000004     (.common:_timeout_ticks)
                  20000ac8    00000004     (.common:fallingEdge)
                  20000acc    00000004     (.common:isr_int_value)
                  20000ad0    00000004     (.common:left_calibration_value)
                  20000ad4    00000004     (.common:pulseLength)
                  20000ad8    00000004     (.common:right_calibration_value)
                  20000adc    00000004     (.common:risingEdge)
                  20000ae0    00000001     (.common:flag)
                  20000ae1    00000001     (.common:isRisingEdge)
                  20000ae2    00000001     (.common:uart_data)

.data      0    20000ae4    00000009     UNINITIALIZED
                  20000ae4    00000004     libcybotScan.lib : cyBot_Scan.obj (.data)
                  20000ae8    00000004     rtsv7M4_T_le_v4SPD16_eabi.lib : errno.c.obj (.data)
                  20000aec    00000001     Timer.obj (.data)

.stack     0    20000270    00000800     UNINITIALIZED
                  20000270    00000004     rtsv7M4_T_le_v4SPD16_eabi.lib : boot_cortex_m.c.obj (.stack)
                  20000274    000007fc     --HOLE--

__llvm_prf_cnts 
*          0    20000000    00000000     UNINITIALIZED

MODULE SUMMARY

       Module                         code    ro data   rw data
       ------                         ----    -------   -------
    .\
       lcd.obj                        824     8         84     
       tm4c123gh6pm_startup_ccs.obj   12      620       0      
       Timer.obj                      584     0         5      
       Lab6_template_extra_help.obj   452     0         10     
       uart_extra_help.obj            344     0         0      
    +--+------------------------------+-------+---------+---------+
       Total:                         2216    628       99     
                                                               
    ../libcybotScan.lib
       cyBot_Scan.obj                 608     0         4      
       ping.obj                       492     0         13     
       servo.obj                      344     0         0      
       ir.obj                         280     0         4      
    +--+------------------------------+-------+---------+---------+
       Total:                         1724    0         21     
                                                               
    C:/ti/TivaWare_C_Series-2.2.0.295/driverlib/ccs/Debug/driverlib.lib
       interrupt.obj                  68      0         620    
       cpu.obj                        12      0         0      
    +--+------------------------------+-------+---------+---------+
       Total:                         80      0         620    
                                                               
    C:\ti\ccs1230\ccs\tools\compiler\ti-cgt-arm_20.2.7.LTS\lib\rtsv7M4_T_le_v4SPD16_eabi.lib
       _printfi.c.obj                 4851    0         0      
       e_pow.c.obj                    2512    48        0      
       fd_add_t2.asm.obj              438     0         0      
       e_sqrt.c.obj                   344     0         0      
       fd_div_t2.asm.obj              310     0         0      
       s_scalbn.c.obj                 272     0         0      
       fd_cmp_t2.asm.obj              268     0         0      
       ctype.c.obj                    0       257       0      
       fd_mul_t2.asm.obj              252     0         0      
       memcpy_t2.asm.obj              156     0         0      
       ull_div_t2.asm.obj             150     0         0      
       vsnprintf.c.obj                136     0         0      
       memset_t2.asm.obj              122     0         0      
       copy_decompress_lzss.c.obj     104     0         0      
       s_frexp.c.obj                  100     0         0      
       sprintf.c.obj                  98      0         0      
       _ltoa.c.obj                    84      0         0      
       atoi.c.obj                     76      0         0      
       fd_toi_t2.asm.obj              72      0         0      
       autoinit.c.obj                 68      0         0      
       fd_tou_t2.asm.obj              68      0         0      
       fs_tod_t2.asm.obj              56      0         0      
       boot_cortex_m.c.obj            52      0         0      
       i_tofd_t2.asm.obj              46      0         0      
       copy_zero_init.c.obj           28      0         0      
       memccpy.c.obj                  28      0         0      
       s_copysign.c.obj               26      0         0      
       strcmp.c.obj                   24      0         0      
       strchr.c.obj                   22      0         0      
       strcpy.c.obj                   20      0         0      
       strlen.c.obj                   20      0         0      
       wcslen.c.obj                   18      0         0      
       copy_decompress_none.c.obj     14      0         0      
       errno.c.obj                    8       0         4      
       exit.c.obj                     4       0         0      
       pre_init.c.obj                 4       0         0      
       div0.asm.obj                   2       0         0      
    +--+------------------------------+-------+---------+---------+
       Total:                         10853   305       4      
                                                               
       Stack:                         0       0         2048   
       Linker Generated:              0       59        0      
    +--+------------------------------+-------+---------+---------+
       Grand Total:                   14873   992       2792   


LINKER GENERATED COPY TABLES

__TI_cinit_table @ 00003df8 records: 3, size/record: 8, table size: 24
	.bss: load addr=00003de0, load size=00000008 bytes, run addr=20000a70, run size=00000073 bytes, compression=zero_init
	.vtable: load addr=00003de8, load size=00000008 bytes, run addr=20000000, run size=0000026c bytes, compression=zero_init
	.data: load addr=00003df0, load size=00000007 bytes, run addr=20000ae4, run size=00000009 bytes, compression=lzss


LINKER GENERATED HANDLER TABLE

__TI_handler_table @ 00003dd0 records: 3, size/record: 4, table size: 12
	index: 0, handler: __TI_zero_init
	index: 1, handler: __TI_decompress_lzss
	index: 2, handler: __TI_decompress_none


GLOBAL SYMBOLS: SORTED ALPHABETICALLY BY Name 

address   name                          
-------   ----                          
0000303d  ADC0SS0_Handler               
00003c89  C$$EXIT                       
00003c5b  CPUcpsie                      
00003c2d  IntMasterEnable               
00003a7d  IntRegister                   
00003c67  ResetISR                      
000021bd  TIMER3B_Handler               
20000a70  __STACK_END                   
00000800  __STACK_SIZE                  
20000470  __STACK_TOP                   
00003df8  __TI_CINIT_Base               
00003e10  __TI_CINIT_Limit              
00003dd0  __TI_Handler_Table_Base       
00003ddc  __TI_Handler_Table_Limit      
000038fd  __TI_auto_init_nobinit_nopinit
000036a1  __TI_decompress_lzss          
00003c4d  __TI_decompress_none          
000037c3  __TI_ltoa                     
ffffffff  __TI_pprof_out_hndl           
0000026d  __TI_printfi                  
ffffffff  __TI_prof_data_size           
ffffffff  __TI_prof_data_start          
00000000  __TI_static_base__            
00003b43  __TI_zero_init_nomemset       
000034ad  __aeabi_cdcmpeq               
000034ad  __aeabi_cdcmple               
00003533  __aeabi_cdrcmple              
000038b5  __aeabi_d2iz                  
00003941  __aeabi_d2uiz                 
00002657  __aeabi_dadd                  
00002d49  __aeabi_ddiv                  
000031cd  __aeabi_dmul                  
0000264d  __aeabi_dsub                  
00003c7d  __aeabi_errno_addr            
00003a43  __aeabi_f2d                   
00003b15  __aeabi_i2d                   
00000cbb  __aeabi_idiv0                 
00000cbb  __aeabi_ldiv0                 
000035b9  __aeabi_memclr                
000035b9  __aeabi_memclr4               
000035b9  __aeabi_memclr8               
0000337b  __aeabi_memcpy                
0000337b  __aeabi_memcpy4               
0000337b  __aeabi_memcpy8               
000035bb  __aeabi_memset                
000035bb  __aeabi_memset4               
000035bb  __aeabi_memset8               
00003417  __aeabi_uldivmod              
ffffffff  __binit__                     
ffffffff  __c_args__                    
UNDEFED   __mpu_init                    
20000270  __stack                       
20000000  __start___llvm_prf_cnts       
20000000  __stop___llvm_prf_cnts        
00003ab1  _c_int00_noargs               
00003c90  _ctypes_                      
20000aec  _running                      
UNDEFED   _system_post_cinit            
00003c85  _system_pre_init              
20000ac4  _timeout_ticks                
00003c89  abort                         
00003869  atoi                          
ffffffff  binit                         
00003b7b  copysign                      
00003b7b  copysignl                     
00001cfd  cyBOT_SERVO_cal               
00001c8b  cyBOT_Scan                    
00001c33  cyBOT_init_Scan               
20000ae4  cyBOT_scan_features           
00001c25  cyBOT_scan_version            
20000ae8  errno                         
20000ac8  fallingEdge                   
20000ae0  flag                          
00003709  frexp                         
00003709  frexpl                        
20000000  g_pfnRAMVectors               
00000000  g_pfnVectors                  
00003053  ir_enableInterrupt            
00003035  ir_getDistance                
0000300d  ir_getValue                   
00002fa5  ir_init                       
20000ae1  isRisingEdge                  
20000acc  isr_int_value                 
00003c3d  lcd_clear                     
00001861  lcd_gotoLine                  
000016c9  lcd_init                      
000018c7  lcd_printf                    
00001789  lcd_putc                      
000017c1  lcd_puts                      
0000168d  lcd_reverseNibble             
000017df  lcd_sendCommand               
0000181d  lcd_sendNibble                
00001889  lcd_setCursorPos              
000030bd  ldexp                         
000030bd  ldexpl                        
20000ad0  left_calibration_value        
00002489  main                          
00003b5f  memccpy                       
0000337b  memcpy                        
000035c1  memset                        
0000220f  ping_getDistance              
000020cd  ping_init                     
00002153  ping_trigger                  
00000cbd  pow                           
00000cbd  powl                          
20000ad4  pulseLength                   
20000ad8  right_calibration_value       
20000adc  risingEdge                    
000030bd  scalbn                        
000030bd  scalbnl                       
00002805  servo_init                    
00002895  servo_move                    
000028f5  servo_setPWM                  
00002889  servo_stop                    
00003985  sprintf                       
0000295d  sqrt                          
0000295d  sqrtl                         
00003bdd  strchr                        
00003bc5  strcmp                        
00003bf3  strcpy                        
00003c07  strlen                        
00001fa3  timer_getMicros               
00001f4b  timer_getMillis               
00001e85  timer_init                    
00001f27  timer_pause                   
00001f39  timer_resume                  
00001efd  timer_stop                    
00001ffd  timer_waitMicros              
0000202f  timer_waitMillis              
20000ae2  uart_data                     
00002ab5  uart_init                     
00002b77  uart_interrupt_handler        
00002b57  uart_interrupt_init           
00002b43  uart_receive                  
00002b27  uart_sendChar                 
000039c5  vsnprintf                     
00003c1b  wcslen                        


GLOBAL SYMBOLS: SORTED BY Symbol Address 

address   name                          
-------   ----                          
00000000  __TI_static_base__            
00000000  g_pfnVectors                  
0000026d  __TI_printfi                  
00000800  __STACK_SIZE                  
00000cbb  __aeabi_idiv0                 
00000cbb  __aeabi_ldiv0                 
00000cbd  pow                           
00000cbd  powl                          
0000168d  lcd_reverseNibble             
000016c9  lcd_init                      
00001789  lcd_putc                      
000017c1  lcd_puts                      
000017df  lcd_sendCommand               
0000181d  lcd_sendNibble                
00001861  lcd_gotoLine                  
00001889  lcd_setCursorPos              
000018c7  lcd_printf                    
00001c25  cyBOT_scan_version            
00001c33  cyBOT_init_Scan               
00001c8b  cyBOT_Scan                    
00001cfd  cyBOT_SERVO_cal               
00001e85  timer_init                    
00001efd  timer_stop                    
00001f27  timer_pause                   
00001f39  timer_resume                  
00001f4b  timer_getMillis               
00001fa3  timer_getMicros               
00001ffd  timer_waitMicros              
0000202f  timer_waitMillis              
000020cd  ping_init                     
00002153  ping_trigger                  
000021bd  TIMER3B_Handler               
0000220f  ping_getDistance              
00002489  main                          
0000264d  __aeabi_dsub                  
00002657  __aeabi_dadd                  
00002805  servo_init                    
00002889  servo_stop                    
00002895  servo_move                    
000028f5  servo_setPWM                  
0000295d  sqrt                          
0000295d  sqrtl                         
00002ab5  uart_init                     
00002b27  uart_sendChar                 
00002b43  uart_receive                  
00002b57  uart_interrupt_init           
00002b77  uart_interrupt_handler        
00002d49  __aeabi_ddiv                  
00002fa5  ir_init                       
0000300d  ir_getValue                   
00003035  ir_getDistance                
0000303d  ADC0SS0_Handler               
00003053  ir_enableInterrupt            
000030bd  ldexp                         
000030bd  ldexpl                        
000030bd  scalbn                        
000030bd  scalbnl                       
000031cd  __aeabi_dmul                  
0000337b  __aeabi_memcpy                
0000337b  __aeabi_memcpy4               
0000337b  __aeabi_memcpy8               
0000337b  memcpy                        
00003417  __aeabi_uldivmod              
000034ad  __aeabi_cdcmpeq               
000034ad  __aeabi_cdcmple               
00003533  __aeabi_cdrcmple              
000035b9  __aeabi_memclr                
000035b9  __aeabi_memclr4               
000035b9  __aeabi_memclr8               
000035bb  __aeabi_memset                
000035bb  __aeabi_memset4               
000035bb  __aeabi_memset8               
000035c1  memset                        
000036a1  __TI_decompress_lzss          
00003709  frexp                         
00003709  frexpl                        
000037c3  __TI_ltoa                     
00003869  atoi                          
000038b5  __aeabi_d2iz                  
000038fd  __TI_auto_init_nobinit_nopinit
00003941  __aeabi_d2uiz                 
00003985  sprintf                       
000039c5  vsnprintf                     
00003a43  __aeabi_f2d                   
00003a7d  IntRegister                   
00003ab1  _c_int00_noargs               
00003b15  __aeabi_i2d                   
00003b43  __TI_zero_init_nomemset       
00003b5f  memccpy                       
00003b7b  copysign                      
00003b7b  copysignl                     
00003bc5  strcmp                        
00003bdd  strchr                        
00003bf3  strcpy                        
00003c07  strlen                        
00003c1b  wcslen                        
00003c2d  IntMasterEnable               
00003c3d  lcd_clear                     
00003c4d  __TI_decompress_none          
00003c5b  CPUcpsie                      
00003c67  ResetISR                      
00003c7d  __aeabi_errno_addr            
00003c85  _system_pre_init              
00003c89  C$$EXIT                       
00003c89  abort                         
00003c90  _ctypes_                      
00003dd0  __TI_Handler_Table_Base       
00003ddc  __TI_Handler_Table_Limit      
00003df8  __TI_CINIT_Base               
00003e10  __TI_CINIT_Limit              
20000000  __start___llvm_prf_cnts       
20000000  __stop___llvm_prf_cnts        
20000000  g_pfnRAMVectors               
20000270  __stack                       
20000470  __STACK_TOP                   
20000a70  __STACK_END                   
20000ac4  _timeout_ticks                
20000ac8  fallingEdge                   
20000acc  isr_int_value                 
20000ad0  left_calibration_value        
20000ad4  pulseLength                   
20000ad8  right_calibration_value       
20000adc  risingEdge                    
20000ae0  flag                          
20000ae1  isRisingEdge                  
20000ae2  uart_data                     
20000ae4  cyBOT_scan_features           
20000ae8  errno                         
20000aec  _running                      
ffffffff  __TI_pprof_out_hndl           
ffffffff  __TI_prof_data_size           
ffffffff  __TI_prof_data_start          
ffffffff  __binit__                     
ffffffff  __c_args__                    
ffffffff  binit                         
UNDEFED   __mpu_init                    
UNDEFED   _system_post_cinit            

[137 symbols]
