<?xml version="1.0" encoding="ISO-8859-1" ?>
<link_info>
   <banner>TI ARM Linker PC v20.2.7.LTS</banner>
   <copyright>Copyright (c) 1996-2018 Texas Instruments Incorporated</copyright>
   <link_time>0x654c22be</link_time>
   <link_errors>0x0</link_errors>
   <output_file>lab_6.out</output_file>
   <entry_point>
      <name>_c_int00_noargs</name>
      <address>0x3ab1</address>
   </entry_point>
   <input_file_list>
      <input_file id="fl-2">
         <path>.\</path>
         <kind>object</kind>
         <file>Lab6_template_extra_help.obj</file>
         <name>Lab6_template_extra_help.obj</name>
      </input_file>
      <input_file id="fl-3">
         <path>.\</path>
         <kind>object</kind>
         <file>Timer.obj</file>
         <name>Timer.obj</name>
      </input_file>
      <input_file id="fl-4">
         <path>.\</path>
         <kind>object</kind>
         <file>lcd.obj</file>
         <name>lcd.obj</name>
      </input_file>
      <input_file id="fl-5">
         <path>.\</path>
         <kind>object</kind>
         <file>tm4c123gh6pm_startup_ccs.obj</file>
         <name>tm4c123gh6pm_startup_ccs.obj</name>
      </input_file>
      <input_file id="fl-6">
         <path>.\</path>
         <kind>object</kind>
         <file>uart_extra_help.obj</file>
         <name>uart_extra_help.obj</name>
      </input_file>
      <input_file id="fl-c">
         <kind>object</kind>
         <file>&lt;internal&gt;</file>
         <name>&lt;internal&gt;</name>
      </input_file>
      <input_file id="fl-d">
         <path>..\</path>
         <kind>archive</kind>
         <file>libcybotScan.lib</file>
         <name>cyBot_Scan.obj</name>
      </input_file>
      <input_file id="fl-e">
         <path>..\</path>
         <kind>archive</kind>
         <file>libcybotScan.lib</file>
         <name>ir.obj</name>
      </input_file>
      <input_file id="fl-f">
         <path>..\</path>
         <kind>archive</kind>
         <file>libcybotScan.lib</file>
         <name>ping.obj</name>
      </input_file>
      <input_file id="fl-10">
         <path>..\</path>
         <kind>archive</kind>
         <file>libcybotScan.lib</file>
         <name>servo.obj</name>
      </input_file>
      <input_file id="fl-c6">
         <path>C:\ti\ccs1230\ccs\tools\compiler\ti-cgt-arm_20.2.7.LTS\lib\</path>
         <kind>archive</kind>
         <file>rtsv7M4_T_le_v4SPD16_eabi.lib</file>
         <name>e_pow.c.obj</name>
      </input_file>
      <input_file id="fl-c7">
         <path>C:\ti\ccs1230\ccs\tools\compiler\ti-cgt-arm_20.2.7.LTS\lib\</path>
         <kind>archive</kind>
         <file>rtsv7M4_T_le_v4SPD16_eabi.lib</file>
         <name>e_sqrt.c.obj</name>
      </input_file>
      <input_file id="fl-c8">
         <path>C:\ti\ccs1230\ccs\tools\compiler\ti-cgt-arm_20.2.7.LTS\lib\</path>
         <kind>archive</kind>
         <file>rtsv7M4_T_le_v4SPD16_eabi.lib</file>
         <name>s_scalbn.c.obj</name>
      </input_file>
      <input_file id="fl-c9">
         <path>C:\ti\ccs1230\ccs\tools\compiler\ti-cgt-arm_20.2.7.LTS\lib\</path>
         <kind>archive</kind>
         <file>rtsv7M4_T_le_v4SPD16_eabi.lib</file>
         <name>sprintf.c.obj</name>
      </input_file>
      <input_file id="fl-ca">
         <path>C:\ti\ccs1230\ccs\tools\compiler\ti-cgt-arm_20.2.7.LTS\lib\</path>
         <kind>archive</kind>
         <file>rtsv7M4_T_le_v4SPD16_eabi.lib</file>
         <name>vsnprintf.c.obj</name>
      </input_file>
      <input_file id="fl-cb">
         <path>C:\ti\ccs1230\ccs\tools\compiler\ti-cgt-arm_20.2.7.LTS\lib\</path>
         <kind>archive</kind>
         <file>rtsv7M4_T_le_v4SPD16_eabi.lib</file>
         <name>fd_add_t2.asm.obj</name>
      </input_file>
      <input_file id="fl-cc">
         <path>C:\ti\ccs1230\ccs\tools\compiler\ti-cgt-arm_20.2.7.LTS\lib\</path>
         <kind>archive</kind>
         <file>rtsv7M4_T_le_v4SPD16_eabi.lib</file>
         <name>fd_cmp_t2.asm.obj</name>
      </input_file>
      <input_file id="fl-cd">
         <path>C:\ti\ccs1230\ccs\tools\compiler\ti-cgt-arm_20.2.7.LTS\lib\</path>
         <kind>archive</kind>
         <file>rtsv7M4_T_le_v4SPD16_eabi.lib</file>
         <name>fd_div_t2.asm.obj</name>
      </input_file>
      <input_file id="fl-ce">
         <path>C:\ti\ccs1230\ccs\tools\compiler\ti-cgt-arm_20.2.7.LTS\lib\</path>
         <kind>archive</kind>
         <file>rtsv7M4_T_le_v4SPD16_eabi.lib</file>
         <name>fd_mul_t2.asm.obj</name>
      </input_file>
      <input_file id="fl-cf">
         <path>C:\ti\ccs1230\ccs\tools\compiler\ti-cgt-arm_20.2.7.LTS\lib\</path>
         <kind>archive</kind>
         <file>rtsv7M4_T_le_v4SPD16_eabi.lib</file>
         <name>fd_tou_t2.asm.obj</name>
      </input_file>
      <input_file id="fl-d0">
         <path>C:\ti\ccs1230\ccs\tools\compiler\ti-cgt-arm_20.2.7.LTS\lib\</path>
         <kind>archive</kind>
         <file>rtsv7M4_T_le_v4SPD16_eabi.lib</file>
         <name>fs_tod_t2.asm.obj</name>
      </input_file>
      <input_file id="fl-d1">
         <path>C:\ti\ccs1230\ccs\tools\compiler\ti-cgt-arm_20.2.7.LTS\lib\</path>
         <kind>archive</kind>
         <file>rtsv7M4_T_le_v4SPD16_eabi.lib</file>
         <name>i_tofd_t2.asm.obj</name>
      </input_file>
      <input_file id="fl-d2">
         <path>C:\ti\ccs1230\ccs\tools\compiler\ti-cgt-arm_20.2.7.LTS\lib\</path>
         <kind>archive</kind>
         <file>rtsv7M4_T_le_v4SPD16_eabi.lib</file>
         <name>memcpy_t2.asm.obj</name>
      </input_file>
      <input_file id="fl-d3">
         <path>C:\ti\ccs1230\ccs\tools\compiler\ti-cgt-arm_20.2.7.LTS\lib\</path>
         <kind>archive</kind>
         <file>rtsv7M4_T_le_v4SPD16_eabi.lib</file>
         <name>copy_zero_init.c.obj</name>
      </input_file>
      <input_file id="fl-d4">
         <path>C:\ti\ccs1230\ccs\tools\compiler\ti-cgt-arm_20.2.7.LTS\lib\</path>
         <kind>archive</kind>
         <file>rtsv7M4_T_le_v4SPD16_eabi.lib</file>
         <name>copy_decompress_none.c.obj</name>
      </input_file>
      <input_file id="fl-d5">
         <path>C:\ti\ccs1230\ccs\tools\compiler\ti-cgt-arm_20.2.7.LTS\lib\</path>
         <kind>archive</kind>
         <file>rtsv7M4_T_le_v4SPD16_eabi.lib</file>
         <name>copy_decompress_lzss.c.obj</name>
      </input_file>
      <input_file id="fl-d6">
         <path>C:\ti\ccs1230\ccs\tools\compiler\ti-cgt-arm_20.2.7.LTS\lib\</path>
         <kind>archive</kind>
         <file>rtsv7M4_T_le_v4SPD16_eabi.lib</file>
         <name>strcmp.c.obj</name>
      </input_file>
      <input_file id="fl-d7">
         <path>C:\ti\ccs1230\ccs\tools\compiler\ti-cgt-arm_20.2.7.LTS\lib\</path>
         <kind>archive</kind>
         <file>rtsv7M4_T_le_v4SPD16_eabi.lib</file>
         <name>strcpy.c.obj</name>
      </input_file>
      <input_file id="fl-d8">
         <path>C:\ti\ccs1230\ccs\tools\compiler\ti-cgt-arm_20.2.7.LTS\lib\</path>
         <kind>archive</kind>
         <file>rtsv7M4_T_le_v4SPD16_eabi.lib</file>
         <name>boot_cortex_m.c.obj</name>
      </input_file>
      <input_file id="fl-d9">
         <path>C:\ti\ccs1230\ccs\tools\compiler\ti-cgt-arm_20.2.7.LTS\lib\</path>
         <kind>archive</kind>
         <file>rtsv7M4_T_le_v4SPD16_eabi.lib</file>
         <name>errno.c.obj</name>
      </input_file>
      <input_file id="fl-da">
         <path>C:\ti\ccs1230\ccs\tools\compiler\ti-cgt-arm_20.2.7.LTS\lib\</path>
         <kind>archive</kind>
         <file>rtsv7M4_T_le_v4SPD16_eabi.lib</file>
         <name>s_copysign.c.obj</name>
      </input_file>
      <input_file id="fl-db">
         <path>C:\ti\ccs1230\ccs\tools\compiler\ti-cgt-arm_20.2.7.LTS\lib\</path>
         <kind>archive</kind>
         <file>rtsv7M4_T_le_v4SPD16_eabi.lib</file>
         <name>_printfi.c.obj</name>
      </input_file>
      <input_file id="fl-dc">
         <path>C:\ti\ccs1230\ccs\tools\compiler\ti-cgt-arm_20.2.7.LTS\lib\</path>
         <kind>archive</kind>
         <file>rtsv7M4_T_le_v4SPD16_eabi.lib</file>
         <name>fd_toi_t2.asm.obj</name>
      </input_file>
      <input_file id="fl-dd">
         <path>C:\ti\ccs1230\ccs\tools\compiler\ti-cgt-arm_20.2.7.LTS\lib\</path>
         <kind>archive</kind>
         <file>rtsv7M4_T_le_v4SPD16_eabi.lib</file>
         <name>memset_t2.asm.obj</name>
      </input_file>
      <input_file id="fl-de">
         <path>C:\ti\ccs1230\ccs\tools\compiler\ti-cgt-arm_20.2.7.LTS\lib\</path>
         <kind>archive</kind>
         <file>rtsv7M4_T_le_v4SPD16_eabi.lib</file>
         <name>ull_div_t2.asm.obj</name>
      </input_file>
      <input_file id="fl-df">
         <path>C:\ti\ccs1230\ccs\tools\compiler\ti-cgt-arm_20.2.7.LTS\lib\</path>
         <kind>archive</kind>
         <file>rtsv7M4_T_le_v4SPD16_eabi.lib</file>
         <name>autoinit.c.obj</name>
      </input_file>
      <input_file id="fl-e0">
         <path>C:\ti\ccs1230\ccs\tools\compiler\ti-cgt-arm_20.2.7.LTS\lib\</path>
         <kind>archive</kind>
         <file>rtsv7M4_T_le_v4SPD16_eabi.lib</file>
         <name>pre_init.c.obj</name>
      </input_file>
      <input_file id="fl-e1">
         <path>C:\ti\ccs1230\ccs\tools\compiler\ti-cgt-arm_20.2.7.LTS\lib\</path>
         <kind>archive</kind>
         <file>rtsv7M4_T_le_v4SPD16_eabi.lib</file>
         <name>cpy_tbl.c.obj</name>
      </input_file>
      <input_file id="fl-e2">
         <path>C:\ti\ccs1230\ccs\tools\compiler\ti-cgt-arm_20.2.7.LTS\lib\</path>
         <kind>archive</kind>
         <file>rtsv7M4_T_le_v4SPD16_eabi.lib</file>
         <name>exit.c.obj</name>
      </input_file>
      <input_file id="fl-e3">
         <path>C:\ti\ccs1230\ccs\tools\compiler\ti-cgt-arm_20.2.7.LTS\lib\</path>
         <kind>archive</kind>
         <file>rtsv7M4_T_le_v4SPD16_eabi.lib</file>
         <name>_lock.c.obj</name>
      </input_file>
      <input_file id="fl-e4">
         <path>C:\ti\ccs1230\ccs\tools\compiler\ti-cgt-arm_20.2.7.LTS\lib\</path>
         <kind>archive</kind>
         <file>rtsv7M4_T_le_v4SPD16_eabi.lib</file>
         <name>_ltoa.c.obj</name>
      </input_file>
      <input_file id="fl-e5">
         <path>C:\ti\ccs1230\ccs\tools\compiler\ti-cgt-arm_20.2.7.LTS\lib\</path>
         <kind>archive</kind>
         <file>rtsv7M4_T_le_v4SPD16_eabi.lib</file>
         <name>args_main.c.obj</name>
      </input_file>
      <input_file id="fl-e6">
         <path>C:\ti\ccs1230\ccs\tools\compiler\ti-cgt-arm_20.2.7.LTS\lib\</path>
         <kind>archive</kind>
         <file>rtsv7M4_T_le_v4SPD16_eabi.lib</file>
         <name>atoi.c.obj</name>
      </input_file>
      <input_file id="fl-e7">
         <path>C:\ti\ccs1230\ccs\tools\compiler\ti-cgt-arm_20.2.7.LTS\lib\</path>
         <kind>archive</kind>
         <file>rtsv7M4_T_le_v4SPD16_eabi.lib</file>
         <name>ctype.c.obj</name>
      </input_file>
      <input_file id="fl-e8">
         <path>C:\ti\ccs1230\ccs\tools\compiler\ti-cgt-arm_20.2.7.LTS\lib\</path>
         <kind>archive</kind>
         <file>rtsv7M4_T_le_v4SPD16_eabi.lib</file>
         <name>memccpy.c.obj</name>
      </input_file>
      <input_file id="fl-e9">
         <path>C:\ti\ccs1230\ccs\tools\compiler\ti-cgt-arm_20.2.7.LTS\lib\</path>
         <kind>archive</kind>
         <file>rtsv7M4_T_le_v4SPD16_eabi.lib</file>
         <name>strchr.c.obj</name>
      </input_file>
      <input_file id="fl-ea">
         <path>C:\ti\ccs1230\ccs\tools\compiler\ti-cgt-arm_20.2.7.LTS\lib\</path>
         <kind>archive</kind>
         <file>rtsv7M4_T_le_v4SPD16_eabi.lib</file>
         <name>strlen.c.obj</name>
      </input_file>
      <input_file id="fl-eb">
         <path>C:\ti\ccs1230\ccs\tools\compiler\ti-cgt-arm_20.2.7.LTS\lib\</path>
         <kind>archive</kind>
         <file>rtsv7M4_T_le_v4SPD16_eabi.lib</file>
         <name>wcslen.c.obj</name>
      </input_file>
      <input_file id="fl-ec">
         <path>C:\ti\ccs1230\ccs\tools\compiler\ti-cgt-arm_20.2.7.LTS\lib\</path>
         <kind>archive</kind>
         <file>rtsv7M4_T_le_v4SPD16_eabi.lib</file>
         <name>s_frexp.c.obj</name>
      </input_file>
      <input_file id="fl-ed">
         <path>C:\ti\ccs1230\ccs\tools\compiler\ti-cgt-arm_20.2.7.LTS\lib\</path>
         <kind>archive</kind>
         <file>rtsv7M4_T_le_v4SPD16_eabi.lib</file>
         <name>div0.asm.obj</name>
      </input_file>
      <input_file id="fl-ee">
         <path>C:\ti\TivaWare_C_Series-2.2.0.295\driverlib\ccs\Debug\</path>
         <kind>archive</kind>
         <file>driverlib.lib</file>
         <name>interrupt.obj</name>
      </input_file>
      <input_file id="fl-ef">
         <path>C:\ti\TivaWare_C_Series-2.2.0.295\driverlib\ccs\Debug\</path>
         <kind>archive</kind>
         <file>driverlib.lib</file>
         <name>cpu.obj</name>
      </input_file>
   </input_file_list>
   <object_component_list>
      <object_component id="oc-12">
         <name>.intvecs</name>
         <load_address>0x0</load_address>
         <run_address>0x0</run_address>
         <size>0x26c</size>
         <input_file_ref idref="fl-5"/>
      </object_component>
      <object_component id="oc-199">
         <name>.text:__TI_printfi</name>
         <load_address>0x26c</load_address>
         <run_address>0x26c</run_address>
         <size>0xa4e</size>
         <input_file_ref idref="fl-db"/>
      </object_component>
      <object_component id="oc-371">
         <name>.text</name>
         <load_address>0xcba</load_address>
         <run_address>0xcba</run_address>
         <size>0x2</size>
         <input_file_ref idref="fl-ed"/>
      </object_component>
      <object_component id="oc-f8">
         <name>.text:pow</name>
         <load_address>0xcbc</load_address>
         <run_address>0xcbc</run_address>
         <size>0x9d0</size>
         <input_file_ref idref="fl-c6"/>
      </object_component>
      <object_component id="oc-ca">
         <name>.text</name>
         <load_address>0x168c</load_address>
         <run_address>0x168c</run_address>
         <size>0x328</size>
         <input_file_ref idref="fl-4"/>
      </object_component>
      <object_component id="oc-272">
         <name>.text:_pconv_a</name>
         <load_address>0x19b4</load_address>
         <run_address>0x19b4</run_address>
         <size>0x270</size>
         <input_file_ref idref="fl-db"/>
      </object_component>
      <object_component id="oc-d6">
         <name>.text</name>
         <load_address>0x1c24</load_address>
         <run_address>0x1c24</run_address>
         <size>0x260</size>
         <input_file_ref idref="fl-d"/>
      </object_component>
      <object_component id="oc-c4">
         <name>.text</name>
         <load_address>0x1e84</load_address>
         <run_address>0x1e84</run_address>
         <size>0x248</size>
         <input_file_ref idref="fl-3"/>
      </object_component>
      <object_component id="oc-184">
         <name>.text</name>
         <load_address>0x20cc</load_address>
         <run_address>0x20cc</run_address>
         <size>0x1ec</size>
         <input_file_ref idref="fl-f"/>
      </object_component>
      <object_component id="oc-260">
         <name>.text:_pconv_g</name>
         <load_address>0x22b8</load_address>
         <run_address>0x22b8</run_address>
         <size>0x1d0</size>
         <input_file_ref idref="fl-db"/>
      </object_component>
      <object_component id="oc-9b">
         <name>.text</name>
         <load_address>0x2488</load_address>
         <run_address>0x2488</run_address>
         <size>0x1c4</size>
         <input_file_ref idref="fl-2"/>
      </object_component>
      <object_component id="oc-1b0">
         <name>.text</name>
         <load_address>0x264c</load_address>
         <run_address>0x264c</run_address>
         <size>0x1b6</size>
         <input_file_ref idref="fl-cb"/>
      </object_component>
      <object_component id="oc-17e">
         <name>.text</name>
         <load_address>0x2804</load_address>
         <run_address>0x2804</run_address>
         <size>0x158</size>
         <input_file_ref idref="fl-10"/>
      </object_component>
      <object_component id="oc-1b5">
         <name>.text:sqrt</name>
         <load_address>0x295c</load_address>
         <run_address>0x295c</run_address>
         <size>0x158</size>
         <input_file_ref idref="fl-c7"/>
      </object_component>
      <object_component id="oc-d0">
         <name>.text</name>
         <load_address>0x2ab4</load_address>
         <run_address>0x2ab4</run_address>
         <size>0x158</size>
         <input_file_ref idref="fl-6"/>
      </object_component>
      <object_component id="oc-26c">
         <name>.text:_pconv_e</name>
         <load_address>0x2c0c</load_address>
         <run_address>0x2c0c</run_address>
         <size>0x13c</size>
         <input_file_ref idref="fl-db"/>
      </object_component>
      <object_component id="oc-f3">
         <name>.text</name>
         <load_address>0x2d48</load_address>
         <run_address>0x2d48</run_address>
         <size>0x136</size>
         <input_file_ref idref="fl-cd"/>
      </object_component>
      <object_component id="oc-31c">
         <name>.text:fcvt</name>
         <load_address>0x2e80</load_address>
         <run_address>0x2e80</run_address>
         <size>0x124</size>
         <input_file_ref idref="fl-db"/>
      </object_component>
      <object_component id="oc-18a">
         <name>.text</name>
         <load_address>0x2fa4</load_address>
         <run_address>0x2fa4</run_address>
         <size>0x118</size>
         <input_file_ref idref="fl-e"/>
      </object_component>
      <object_component id="oc-1d3">
         <name>.text:scalbn</name>
         <load_address>0x30bc</load_address>
         <run_address>0x30bc</run_address>
         <size>0x110</size>
         <input_file_ref idref="fl-c8"/>
      </object_component>
      <object_component id="oc-1c1">
         <name>.text</name>
         <load_address>0x31cc</load_address>
         <run_address>0x31cc</run_address>
         <size>0xfc</size>
         <input_file_ref idref="fl-ce"/>
      </object_component>
      <object_component id="oc-25a">
         <name>.text:_ltostr</name>
         <load_address>0x32c8</load_address>
         <run_address>0x32c8</run_address>
         <size>0xb1</size>
         <input_file_ref idref="fl-db"/>
      </object_component>
      <object_component id="oc-3b">
         <name>.text</name>
         <load_address>0x337a</load_address>
         <run_address>0x337a</run_address>
         <size>0x9c</size>
         <input_file_ref idref="fl-d2"/>
      </object_component>
      <object_component id="oc-2fe">
         <name>.text</name>
         <load_address>0x3416</load_address>
         <run_address>0x3416</run_address>
         <size>0x96</size>
         <input_file_ref idref="fl-de"/>
      </object_component>
      <object_component id="oc-1c9">
         <name>.text:__aeabi_cdcmple</name>
         <load_address>0x34ac</load_address>
         <run_address>0x34ac</run_address>
         <size>0x86</size>
         <input_file_ref idref="fl-cc"/>
      </object_component>
      <object_component id="oc-1ce">
         <name>.text:__aeabi_cdrcmple</name>
         <load_address>0x3532</load_address>
         <run_address>0x3532</run_address>
         <size>0x86</size>
         <input_file_ref idref="fl-cc"/>
      </object_component>
      <object_component id="oc-8f">
         <name>.text</name>
         <load_address>0x35b8</load_address>
         <run_address>0x35b8</run_address>
         <size>0x7a</size>
         <input_file_ref idref="fl-dd"/>
      </object_component>
      <object_component id="oc-315">
         <name>.text:_mcpy</name>
         <load_address>0x3632</load_address>
         <run_address>0x3632</run_address>
         <size>0x6e</size>
         <input_file_ref idref="fl-db"/>
      </object_component>
      <object_component id="oc-15">
         <name>.text:decompress:lzss:__TI_decompress_lzss</name>
         <load_address>0x36a0</load_address>
         <run_address>0x36a0</run_address>
         <size>0x68</size>
         <input_file_ref idref="fl-d5"/>
      </object_component>
      <object_component id="oc-32a">
         <name>.text:frexp</name>
         <load_address>0x3708</load_address>
         <run_address>0x3708</run_address>
         <size>0x64</size>
         <input_file_ref idref="fl-ec"/>
      </object_component>
      <object_component id="oc-266">
         <name>.text:_pconv_f</name>
         <load_address>0x376c</load_address>
         <run_address>0x376c</run_address>
         <size>0x56</size>
         <input_file_ref idref="fl-db"/>
      </object_component>
      <object_component id="oc-309">
         <name>.text:__TI_ltoa</name>
         <load_address>0x37c2</load_address>
         <run_address>0x37c2</run_address>
         <size>0x54</size>
         <input_file_ref idref="fl-e4"/>
      </object_component>
      <object_component id="oc-30f">
         <name>.text:_ecpy</name>
         <load_address>0x3816</load_address>
         <run_address>0x3816</run_address>
         <size>0x52</size>
         <input_file_ref idref="fl-db"/>
      </object_component>
      <object_component id="oc-254">
         <name>.text:atoi</name>
         <load_address>0x3868</load_address>
         <run_address>0x3868</run_address>
         <size>0x4c</size>
         <input_file_ref idref="fl-e6"/>
      </object_component>
      <object_component id="oc-304">
         <name>.text</name>
         <load_address>0x38b4</load_address>
         <run_address>0x38b4</run_address>
         <size>0x48</size>
         <input_file_ref idref="fl-dc"/>
      </object_component>
      <object_component id="oc-114">
         <name>.text:__TI_auto_init_nobinit_nopinit:__TI_auto_init_nobinit_nopinit</name>
         <load_address>0x38fc</load_address>
         <run_address>0x38fc</run_address>
         <size>0x44</size>
         <input_file_ref idref="fl-df"/>
      </object_component>
      <object_component id="oc-176">
         <name>.text</name>
         <load_address>0x3940</load_address>
         <run_address>0x3940</run_address>
         <size>0x44</size>
         <input_file_ref idref="fl-cf"/>
      </object_component>
      <object_component id="oc-e3">
         <name>.text:sprintf</name>
         <load_address>0x3984</load_address>
         <run_address>0x3984</run_address>
         <size>0x40</size>
         <input_file_ref idref="fl-c9"/>
      </object_component>
      <object_component id="oc-15a">
         <name>.text:vsnprintf</name>
         <load_address>0x39c4</load_address>
         <run_address>0x39c4</run_address>
         <size>0x40</size>
         <input_file_ref idref="fl-ca"/>
      </object_component>
      <object_component id="oc-322">
         <name>.text:_fcpy</name>
         <load_address>0x3a04</load_address>
         <run_address>0x3a04</run_address>
         <size>0x3e</size>
         <input_file_ref idref="fl-db"/>
      </object_component>
      <object_component id="oc-e9">
         <name>.text</name>
         <load_address>0x3a42</load_address>
         <run_address>0x3a42</run_address>
         <size>0x38</size>
         <input_file_ref idref="fl-d0"/>
      </object_component>
      <object_component id="oc-14d">
         <name>.text:IntRegister</name>
         <load_address>0x3a7c</load_address>
         <run_address>0x3a7c</run_address>
         <size>0x34</size>
         <input_file_ref idref="fl-ee"/>
      </object_component>
      <object_component id="oc-59">
         <name>.text:_c_int00_noargs:_c_int00_noargs</name>
         <load_address>0x3ab0</load_address>
         <run_address>0x3ab0</run_address>
         <size>0x34</size>
         <input_file_ref idref="fl-d8"/>
      </object_component>
      <object_component id="oc-211">
         <name>.text:_outs</name>
         <load_address>0x3ae4</load_address>
         <run_address>0x3ae4</run_address>
         <size>0x30</size>
         <input_file_ref idref="fl-ca"/>
      </object_component>
      <object_component id="oc-ee">
         <name>.text</name>
         <load_address>0x3b14</load_address>
         <run_address>0x3b14</run_address>
         <size>0x2e</size>
         <input_file_ref idref="fl-d1"/>
      </object_component>
      <object_component id="oc-47">
         <name>.text:decompress:ZI:__TI_zero_init_nomemset:__TI_zero_init_nomemset</name>
         <load_address>0x3b42</load_address>
         <run_address>0x3b42</run_address>
         <size>0x1c</size>
         <input_file_ref idref="fl-d3"/>
      </object_component>
      <object_component id="oc-278">
         <name>.text:memccpy</name>
         <load_address>0x3b5e</load_address>
         <run_address>0x3b5e</run_address>
         <size>0x1c</size>
         <input_file_ref idref="fl-e8"/>
      </object_component>
      <object_component id="oc-2a1">
         <name>.text:copysign</name>
         <load_address>0x3b7a</load_address>
         <run_address>0x3b7a</run_address>
         <size>0x1a</size>
         <input_file_ref idref="fl-da"/>
      </object_component>
      <object_component id="oc-217">
         <name>.text:_outc</name>
         <load_address>0x3b94</load_address>
         <run_address>0x3b94</run_address>
         <size>0x18</size>
         <input_file_ref idref="fl-ca"/>
      </object_component>
      <object_component id="oc-19f">
         <name>.text:_outs</name>
         <load_address>0x3bac</load_address>
         <run_address>0x3bac</run_address>
         <size>0x18</size>
         <input_file_ref idref="fl-c9"/>
      </object_component>
      <object_component id="oc-160">
         <name>.text:strcmp</name>
         <load_address>0x3bc4</load_address>
         <run_address>0x3bc4</run_address>
         <size>0x18</size>
         <input_file_ref idref="fl-d6"/>
      </object_component>
      <object_component id="oc-330">
         <name>.text:strchr</name>
         <load_address>0x3bdc</load_address>
         <run_address>0x3bdc</run_address>
         <size>0x16</size>
         <input_file_ref idref="fl-e9"/>
      </object_component>
      <object_component id="oc-166">
         <name>.text:strcpy</name>
         <load_address>0x3bf2</load_address>
         <run_address>0x3bf2</run_address>
         <size>0x14</size>
         <input_file_ref idref="fl-d7"/>
      </object_component>
      <object_component id="oc-24e">
         <name>.text:strlen</name>
         <load_address>0x3c06</load_address>
         <run_address>0x3c06</run_address>
         <size>0x14</size>
         <input_file_ref idref="fl-ea"/>
      </object_component>
      <object_component id="oc-27e">
         <name>.text:wcslen</name>
         <load_address>0x3c1a</load_address>
         <run_address>0x3c1a</run_address>
         <size>0x12</size>
         <input_file_ref idref="fl-eb"/>
      </object_component>
      <object_component id="oc-236">
         <name>.text:IntMasterEnable</name>
         <load_address>0x3c2c</load_address>
         <run_address>0x3c2c</run_address>
         <size>0x10</size>
         <input_file_ref idref="fl-ee"/>
      </object_component>
      <object_component id="oc-dc">
         <name>.text:lcd_clear</name>
         <load_address>0x3c3c</load_address>
         <run_address>0x3c3c</run_address>
         <size>0x10</size>
         <input_file_ref idref="fl-4"/>
      </object_component>
      <object_component id="oc-1b">
         <name>.text:decompress:none:__TI_decompress_none</name>
         <load_address>0x3c4c</load_address>
         <run_address>0x3c4c</run_address>
         <size>0xe</size>
         <input_file_ref idref="fl-d4"/>
      </object_component>
      <object_component id="oc-2ec">
         <name>.text:CPUcpsie</name>
         <load_address>0x3c5a</load_address>
         <run_address>0x3c5a</run_address>
         <size>0xc</size>
         <input_file_ref idref="fl-ef"/>
      </object_component>
      <object_component id="oc-27">
         <name>.text</name>
         <load_address>0x3c66</load_address>
         <run_address>0x3c66</run_address>
         <size>0xc</size>
         <input_file_ref idref="fl-5"/>
      </object_component>
      <object_component id="oc-1a5">
         <name>.text:_outc</name>
         <load_address>0x3c72</load_address>
         <run_address>0x3c72</run_address>
         <size>0xa</size>
         <input_file_ref idref="fl-c9"/>
      </object_component>
      <object_component id="oc-1bb">
         <name>.text:__aeabi_errno_addr</name>
         <load_address>0x3c7c</load_address>
         <run_address>0x3c7c</run_address>
         <size>0x8</size>
         <input_file_ref idref="fl-d9"/>
      </object_component>
      <object_component id="oc-95">
         <name>.text:_system_pre_init</name>
         <load_address>0x3c84</load_address>
         <run_address>0x3c84</run_address>
         <size>0x4</size>
         <input_file_ref idref="fl-e0"/>
      </object_component>
      <object_component id="oc-108">
         <name>.text:abort:abort</name>
         <load_address>0x3c88</load_address>
         <run_address>0x3c88</run_address>
         <size>0x4</size>
         <input_file_ref idref="fl-e2"/>
      </object_component>
      <object_component id="oc-2f9">
         <name>.const:.string:_ctypes_</name>
         <load_address>0x3c90</load_address>
         <run_address>0x3c90</run_address>
         <size>0x101</size>
         <input_file_ref idref="fl-e7"/>
      </object_component>
      <object_component id="oc-16c">
         <name>.const:.string:lineAddress$1</name>
         <load_address>0x3d91</load_address>
         <run_address>0x3d91</run_address>
         <size>0x4</size>
         <input_file_ref idref="fl-4"/>
      </object_component>
      <object_component id="oc-1c6">
         <name>.const:$O1$$</name>
         <load_address>0x3d98</load_address>
         <run_address>0x3d98</run_address>
         <size>0x30</size>
         <input_file_ref idref="fl-c6"/>
      </object_component>
      <object_component id="oc-16d">
         <name>.const:.string:lineAddresses$2</name>
         <load_address>0x3dc8</load_address>
         <run_address>0x3dc8</run_address>
         <size>0x4</size>
         <input_file_ref idref="fl-4"/>
      </object_component>
      <object_component id="oc-3c2">
         <name>__TI_handler_table</name>
         <load_address>0x3dd0</load_address>
         <run_address>0x3dd0</run_address>
         <size>0xc</size>
      </object_component>
      <object_component id="oc-3c6">
         <name>.cinit..bss.load</name>
         <load_address>0x3de0</load_address>
         <run_address>0x3de0</run_address>
         <size>0x8</size>
      </object_component>
      <object_component id="oc-3c4">
         <name>.cinit..vtable.load</name>
         <load_address>0x3de8</load_address>
         <run_address>0x3de8</run_address>
         <size>0x8</size>
      </object_component>
      <object_component id="oc-3c5">
         <name>.cinit..data.load</name>
         <load_address>0x3df0</load_address>
         <run_address>0x3df0</run_address>
         <size>0x7</size>
      </object_component>
      <object_component id="oc-3c3">
         <name>__TI_cinit_table</name>
         <load_address>0x3df8</load_address>
         <run_address>0x3df8</run_address>
         <size>0x18</size>
      </object_component>
      <object_component id="oc-203">
         <name>.vtable</name>
         <uninitialized>true</uninitialized>
         <run_address>0x20000000</run_address>
         <size>0x26c</size>
         <input_file_ref idref="fl-ee"/>
      </object_component>
      <object_component id="oc-153">
         <name>.data</name>
         <load_address>0x20000aec</load_address>
         <run_address>0x20000aec</run_address>
         <size>0x1</size>
         <input_file_ref idref="fl-3"/>
      </object_component>
      <object_component id="oc-190">
         <name>.data</name>
         <load_address>0x20000ae4</load_address>
         <run_address>0x20000ae4</run_address>
         <size>0x4</size>
         <input_file_ref idref="fl-d"/>
      </object_component>
      <object_component id="oc-297">
         <name>.data</name>
         <load_address>0x20000ae8</load_address>
         <run_address>0x20000ae8</run_address>
         <size>0x4</size>
         <input_file_ref idref="fl-d9"/>
      </object_component>
      <object_component id="oc-16e">
         <name>.bss:lastbuffer$3</name>
         <uninitialized>true</uninitialized>
         <run_address>0x20000a70</run_address>
         <size>0x54</size>
         <input_file_ref idref="fl-4"/>
      </object_component>
      <object_component id="oc-fe">
         <name>.common:right_calibration_value</name>
         <uninitialized>true</uninitialized>
         <run_address>0x20000ad8</run_address>
         <size>0x4</size>
      </object_component>
      <object_component id="oc-101">
         <name>.common:left_calibration_value</name>
         <uninitialized>true</uninitialized>
         <run_address>0x20000ad0</run_address>
         <size>0x4</size>
      </object_component>
      <object_component id="oc-17b">
         <name>.common:uart_data</name>
         <uninitialized>true</uninitialized>
         <run_address>0x20000ae2</run_address>
         <size>0x1</size>
      </object_component>
      <object_component id="oc-17c">
         <name>.common:flag</name>
         <uninitialized>true</uninitialized>
         <run_address>0x20000ae0</run_address>
         <size>0x1</size>
      </object_component>
      <object_component id="oc-156">
         <name>.common:_timeout_ticks</name>
         <uninitialized>true</uninitialized>
         <run_address>0x20000ac4</run_address>
         <size>0x4</size>
      </object_component>
      <object_component id="oc-248">
         <name>.common:isr_int_value</name>
         <uninitialized>true</uninitialized>
         <run_address>0x20000acc</run_address>
         <size>0x4</size>
      </object_component>
      <object_component id="oc-23f">
         <name>.common:risingEdge</name>
         <uninitialized>true</uninitialized>
         <run_address>0x20000adc</run_address>
         <size>0x4</size>
      </object_component>
      <object_component id="oc-240">
         <name>.common:fallingEdge</name>
         <uninitialized>true</uninitialized>
         <run_address>0x20000ac8</run_address>
         <size>0x4</size>
      </object_component>
      <object_component id="oc-241">
         <name>.common:pulseLength</name>
         <uninitialized>true</uninitialized>
         <run_address>0x20000ad4</run_address>
         <size>0x4</size>
      </object_component>
      <object_component id="oc-23c">
         <name>.common:isRisingEdge</name>
         <uninitialized>true</uninitialized>
         <run_address>0x20000ae1</run_address>
         <size>0x1</size>
      </object_component>
      <object_component id="oc-24">
         <name>.stack</name>
         <uninitialized>true</uninitialized>
         <run_address>0x20000270</run_address>
         <size>0x4</size>
         <input_file_ref idref="fl-d8"/>
      </object_component>
      <object_component id="oc-3c8">
         <name>.stack</name>
         <uninitialized>true</uninitialized>
         <run_address>0x20000270</run_address>
         <size>0x0</size>
      </object_component>
      <object_component id="oc-b2">
         <name>.debug_info</name>
         <load_address>0x0</load_address>
         <run_address>0x0</run_address>
         <size>0x4d8</size>
         <input_file_ref idref="fl-2"/>
      </object_component>
      <object_component id="oc-9c">
         <name>.debug_info</name>
         <load_address>0x4d8</load_address>
         <run_address>0x4d8</run_address>
         <size>0x3e9</size>
         <input_file_ref idref="fl-2"/>
      </object_component>
      <object_component id="oc-103">
         <name>.debug_info</name>
         <load_address>0x8c1</load_address>
         <run_address>0x8c1</run_address>
         <size>0x9d</size>
         <input_file_ref idref="fl-2"/>
      </object_component>
      <object_component id="oc-70">
         <name>.debug_info</name>
         <load_address>0x95e</load_address>
         <run_address>0x95e</run_address>
         <size>0x26b</size>
         <input_file_ref idref="fl-2"/>
      </object_component>
      <object_component id="oc-36">
         <name>.debug_info</name>
         <load_address>0xbc9</load_address>
         <run_address>0xbc9</run_address>
         <size>0x84</size>
         <input_file_ref idref="fl-2"/>
      </object_component>
      <object_component id="oc-ad">
         <name>.debug_info</name>
         <load_address>0xc4d</load_address>
         <run_address>0xc4d</run_address>
         <size>0x2a4</size>
         <input_file_ref idref="fl-2"/>
      </object_component>
      <object_component id="oc-75">
         <name>.debug_info</name>
         <load_address>0xef1</load_address>
         <run_address>0xef1</run_address>
         <size>0xbb</size>
         <input_file_ref idref="fl-2"/>
      </object_component>
      <object_component id="oc-22f">
         <name>.debug_info</name>
         <load_address>0xfac</load_address>
         <run_address>0xfac</run_address>
         <size>0xcc</size>
         <input_file_ref idref="fl-2"/>
      </object_component>
      <object_component id="oc-171">
         <name>.debug_info</name>
         <load_address>0x1078</load_address>
         <run_address>0x1078</run_address>
         <size>0x2c</size>
         <input_file_ref idref="fl-2"/>
      </object_component>
      <object_component id="oc-148">
         <name>.debug_info</name>
         <load_address>0x10a4</load_address>
         <run_address>0x10a4</run_address>
         <size>0x35</size>
         <input_file_ref idref="fl-2"/>
      </object_component>
      <object_component id="oc-157">
         <name>.debug_info</name>
         <load_address>0x10d9</load_address>
         <run_address>0x10d9</run_address>
         <size>0x2a9</size>
         <input_file_ref idref="fl-3"/>
      </object_component>
      <object_component id="oc-154">
         <name>.debug_info</name>
         <load_address>0x1382</load_address>
         <run_address>0x1382</run_address>
         <size>0xb7</size>
         <input_file_ref idref="fl-3"/>
      </object_component>
      <object_component id="oc-c5">
         <name>.debug_info</name>
         <load_address>0x1439</load_address>
         <run_address>0x1439</run_address>
         <size>0x4ff</size>
         <input_file_ref idref="fl-3"/>
      </object_component>
      <object_component id="oc-170">
         <name>.debug_info</name>
         <load_address>0x1938</load_address>
         <run_address>0x1938</run_address>
         <size>0x377</size>
         <input_file_ref idref="fl-4"/>
      </object_component>
      <object_component id="oc-de">
         <name>.debug_info</name>
         <load_address>0x1caf</load_address>
         <run_address>0x1caf</run_address>
         <size>0x10c</size>
         <input_file_ref idref="fl-4"/>
      </object_component>
      <object_component id="oc-cb">
         <name>.debug_info</name>
         <load_address>0x1dbb</load_address>
         <run_address>0x1dbb</run_address>
         <size>0x898</size>
         <input_file_ref idref="fl-4"/>
      </object_component>
      <object_component id="oc-2f">
         <name>.debug_info</name>
         <load_address>0x2653</load_address>
         <run_address>0x2653</run_address>
         <size>0x293</size>
         <input_file_ref idref="fl-5"/>
      </object_component>
      <object_component id="oc-13">
         <name>.debug_info</name>
         <load_address>0x28e6</load_address>
         <run_address>0x28e6</run_address>
         <size>0xd2</size>
         <input_file_ref idref="fl-5"/>
      </object_component>
      <object_component id="oc-2b">
         <name>.debug_info</name>
         <load_address>0x29b8</load_address>
         <run_address>0x29b8</run_address>
         <size>0x24e</size>
         <input_file_ref idref="fl-5"/>
      </object_component>
      <object_component id="oc-d2">
         <name>.debug_info</name>
         <load_address>0x2c06</load_address>
         <run_address>0x2c06</run_address>
         <size>0x31c</size>
         <input_file_ref idref="fl-6"/>
      </object_component>
      <object_component id="oc-ff">
         <name>.debug_info</name>
         <load_address>0x2f22</load_address>
         <run_address>0x2f22</run_address>
         <size>0x485</size>
         <input_file_ref idref="fl-d"/>
      </object_component>
      <object_component id="oc-191">
         <name>.debug_info</name>
         <load_address>0x33a7</load_address>
         <run_address>0x33a7</run_address>
         <size>0x114</size>
         <input_file_ref idref="fl-d"/>
      </object_component>
      <object_component id="oc-d9">
         <name>.debug_info</name>
         <load_address>0x34bb</load_address>
         <run_address>0x34bb</run_address>
         <size>0x4ce</size>
         <input_file_ref idref="fl-d"/>
      </object_component>
      <object_component id="oc-194">
         <name>.debug_info</name>
         <load_address>0x3989</load_address>
         <run_address>0x3989</run_address>
         <size>0x9d</size>
         <input_file_ref idref="fl-d"/>
      </object_component>
      <object_component id="oc-249">
         <name>.debug_info</name>
         <load_address>0x3a26</load_address>
         <run_address>0x3a26</run_address>
         <size>0x2b7</size>
         <input_file_ref idref="fl-e"/>
      </object_component>
      <object_component id="oc-18d">
         <name>.debug_info</name>
         <load_address>0x3cdd</load_address>
         <run_address>0x3cdd</run_address>
         <size>0x266</size>
         <input_file_ref idref="fl-e"/>
      </object_component>
      <object_component id="oc-23d">
         <name>.debug_info</name>
         <load_address>0x3f43</load_address>
         <run_address>0x3f43</run_address>
         <size>0x3ba</size>
         <input_file_ref idref="fl-f"/>
      </object_component>
      <object_component id="oc-188">
         <name>.debug_info</name>
         <load_address>0x42fd</load_address>
         <run_address>0x42fd</run_address>
         <size>0x270</size>
         <input_file_ref idref="fl-f"/>
      </object_component>
      <object_component id="oc-243">
         <name>.debug_info</name>
         <load_address>0x456d</load_address>
         <run_address>0x456d</run_address>
         <size>0x8b</size>
         <input_file_ref idref="fl-f"/>
      </object_component>
      <object_component id="oc-182">
         <name>.debug_info</name>
         <load_address>0x45f8</load_address>
         <run_address>0x45f8</run_address>
         <size>0x296</size>
         <input_file_ref idref="fl-10"/>
      </object_component>
      <object_component id="oc-1df">
         <name>.debug_info</name>
         <load_address>0x488e</load_address>
         <run_address>0x488e</run_address>
         <size>0x35e</size>
         <input_file_ref idref="fl-c6"/>
      </object_component>
      <object_component id="oc-1c7">
         <name>.debug_info</name>
         <load_address>0x4bec</load_address>
         <run_address>0x4bec</run_address>
         <size>0x128</size>
         <input_file_ref idref="fl-c6"/>
      </object_component>
      <object_component id="oc-f9">
         <name>.debug_info</name>
         <load_address>0x4d14</load_address>
         <run_address>0x4d14</run_address>
         <size>0xbf2</size>
         <input_file_ref idref="fl-c6"/>
      </object_component>
      <object_component id="oc-2ae">
         <name>.debug_info</name>
         <load_address>0x5906</load_address>
         <run_address>0x5906</run_address>
         <size>0x46</size>
         <input_file_ref idref="fl-c6"/>
      </object_component>
      <object_component id="oc-1da">
         <name>.debug_info</name>
         <load_address>0x594c</load_address>
         <run_address>0x594c</run_address>
         <size>0x39</size>
         <input_file_ref idref="fl-c6"/>
      </object_component>
      <object_component id="oc-296">
         <name>.debug_info</name>
         <load_address>0x5985</load_address>
         <run_address>0x5985</run_address>
         <size>0x2c5</size>
         <input_file_ref idref="fl-c7"/>
      </object_component>
      <object_component id="oc-1b7">
         <name>.debug_info</name>
         <load_address>0x5c4a</load_address>
         <run_address>0x5c4a</run_address>
         <size>0x24e</size>
         <input_file_ref idref="fl-c7"/>
      </object_component>
      <object_component id="oc-2a8">
         <name>.debug_info</name>
         <load_address>0x5e98</load_address>
         <run_address>0x5e98</run_address>
         <size>0x2f8</size>
         <input_file_ref idref="fl-c8"/>
      </object_component>
      <object_component id="oc-1d7">
         <name>.debug_info</name>
         <load_address>0x6190</load_address>
         <run_address>0x6190</run_address>
         <size>0x225</size>
         <input_file_ref idref="fl-c8"/>
      </object_component>
      <object_component id="oc-355">
         <name>.debug_info</name>
         <load_address>0x63b5</load_address>
         <run_address>0x63b5</run_address>
         <size>0x39</size>
         <input_file_ref idref="fl-c8"/>
      </object_component>
      <object_component id="oc-2a9">
         <name>.debug_info</name>
         <load_address>0x63ee</load_address>
         <run_address>0x63ee</run_address>
         <size>0x2c</size>
         <input_file_ref idref="fl-c8"/>
      </object_component>
      <object_component id="oc-1ac">
         <name>.debug_info</name>
         <load_address>0x641a</load_address>
         <run_address>0x641a</run_address>
         <size>0x333</size>
         <input_file_ref idref="fl-c9"/>
      </object_component>
      <object_component id="oc-e4">
         <name>.debug_info</name>
         <load_address>0x674d</load_address>
         <run_address>0x674d</run_address>
         <size>0x1d1</size>
         <input_file_ref idref="fl-c9"/>
      </object_component>
      <object_component id="oc-1a2">
         <name>.debug_info</name>
         <load_address>0x691e</load_address>
         <run_address>0x691e</run_address>
         <size>0x18d</size>
         <input_file_ref idref="fl-c9"/>
      </object_component>
      <object_component id="oc-1a8">
         <name>.debug_info</name>
         <load_address>0x6aab</load_address>
         <run_address>0x6aab</run_address>
         <size>0x16d</size>
         <input_file_ref idref="fl-c9"/>
      </object_component>
      <object_component id="oc-21f">
         <name>.debug_info</name>
         <load_address>0x6c18</load_address>
         <run_address>0x6c18</run_address>
         <size>0x2c</size>
         <input_file_ref idref="fl-c9"/>
      </object_component>
      <object_component id="oc-21e">
         <name>.debug_info</name>
         <load_address>0x6c44</load_address>
         <run_address>0x6c44</run_address>
         <size>0x340</size>
         <input_file_ref idref="fl-ca"/>
      </object_component>
      <object_component id="oc-15c">
         <name>.debug_info</name>
         <load_address>0x6f84</load_address>
         <run_address>0x6f84</run_address>
         <size>0x208</size>
         <input_file_ref idref="fl-ca"/>
      </object_component>
      <object_component id="oc-214">
         <name>.debug_info</name>
         <load_address>0x718c</load_address>
         <run_address>0x718c</run_address>
         <size>0x1c6</size>
         <input_file_ref idref="fl-ca"/>
      </object_component>
      <object_component id="oc-21a">
         <name>.debug_info</name>
         <load_address>0x7352</load_address>
         <run_address>0x7352</run_address>
         <size>0x179</size>
         <input_file_ref idref="fl-ca"/>
      </object_component>
      <object_component id="oc-224">
         <name>.debug_info</name>
         <load_address>0x74cb</load_address>
         <run_address>0x74cb</run_address>
         <size>0x69</size>
         <input_file_ref idref="fl-ca"/>
      </object_component>
      <object_component id="oc-1b3">
         <name>.debug_info</name>
         <load_address>0x7534</load_address>
         <run_address>0x7534</run_address>
         <size>0x14c</size>
         <input_file_ref idref="fl-cb"/>
      </object_component>
      <object_component id="oc-1cb">
         <name>.debug_info</name>
         <load_address>0x7680</load_address>
         <run_address>0x7680</run_address>
         <size>0x128</size>
         <input_file_ref idref="fl-cc"/>
      </object_component>
      <object_component id="oc-1d0">
         <name>.debug_info</name>
         <load_address>0x77a8</load_address>
         <run_address>0x77a8</run_address>
         <size>0x12a</size>
         <input_file_ref idref="fl-cc"/>
      </object_component>
      <object_component id="oc-f4">
         <name>.debug_info</name>
         <load_address>0x78d2</load_address>
         <run_address>0x78d2</run_address>
         <size>0x13a</size>
         <input_file_ref idref="fl-cd"/>
      </object_component>
      <object_component id="oc-1c2">
         <name>.debug_info</name>
         <load_address>0x7a0c</load_address>
         <run_address>0x7a0c</run_address>
         <size>0x13a</size>
         <input_file_ref idref="fl-ce"/>
      </object_component>
      <object_component id="oc-177">
         <name>.debug_info</name>
         <load_address>0x7b46</load_address>
         <run_address>0x7b46</run_address>
         <size>0x139</size>
         <input_file_ref idref="fl-cf"/>
      </object_component>
      <object_component id="oc-ea">
         <name>.debug_info</name>
         <load_address>0x7c7f</load_address>
         <run_address>0x7c7f</run_address>
         <size>0x12c</size>
         <input_file_ref idref="fl-d0"/>
      </object_component>
      <object_component id="oc-f0">
         <name>.debug_info</name>
         <load_address>0x7dab</load_address>
         <run_address>0x7dab</run_address>
         <size>0x12c</size>
         <input_file_ref idref="fl-d1"/>
      </object_component>
      <object_component id="oc-3e">
         <name>.debug_info</name>
         <load_address>0x7ed7</load_address>
         <run_address>0x7ed7</run_address>
         <size>0x119</size>
         <input_file_ref idref="fl-d2"/>
      </object_component>
      <object_component id="oc-8e">
         <name>.debug_info</name>
         <load_address>0x7ff0</load_address>
         <run_address>0x7ff0</run_address>
         <size>0x2d4</size>
         <input_file_ref idref="fl-d3"/>
      </object_component>
      <object_component id="oc-4a">
         <name>.debug_info</name>
         <load_address>0x82c4</load_address>
         <run_address>0x82c4</run_address>
         <size>0x1d2</size>
         <input_file_ref idref="fl-d3"/>
      </object_component>
      <object_component id="oc-89">
         <name>.debug_info</name>
         <load_address>0x8496</load_address>
         <run_address>0x8496</run_address>
         <size>0x46</size>
         <input_file_ref idref="fl-d3"/>
      </object_component>
      <object_component id="oc-bb">
         <name>.debug_info</name>
         <load_address>0x84dc</load_address>
         <run_address>0x84dc</run_address>
         <size>0x2c</size>
         <input_file_ref idref="fl-d3"/>
      </object_component>
      <object_component id="oc-46">
         <name>.debug_info</name>
         <load_address>0x8508</load_address>
         <run_address>0x8508</run_address>
         <size>0x2a8</size>
         <input_file_ref idref="fl-d4"/>
      </object_component>
      <object_component id="oc-1e">
         <name>.debug_info</name>
         <load_address>0x87b0</load_address>
         <run_address>0x87b0</run_address>
         <size>0x1ea</size>
         <input_file_ref idref="fl-d4"/>
      </object_component>
      <object_component id="oc-41">
         <name>.debug_info</name>
         <load_address>0x899a</load_address>
         <run_address>0x899a</run_address>
         <size>0x46</size>
         <input_file_ref idref="fl-d4"/>
      </object_component>
      <object_component id="oc-81">
         <name>.debug_info</name>
         <load_address>0x89e0</load_address>
         <run_address>0x89e0</run_address>
         <size>0x2c</size>
         <input_file_ref idref="fl-d4"/>
      </object_component>
      <object_component id="oc-7f">
         <name>.debug_info</name>
         <load_address>0x8a0c</load_address>
         <run_address>0x8a0c</run_address>
         <size>0x29e</size>
         <input_file_ref idref="fl-d5"/>
      </object_component>
      <object_component id="oc-16">
         <name>.debug_info</name>
         <load_address>0x8caa</load_address>
         <run_address>0x8caa</run_address>
         <size>0x250</size>
         <input_file_ref idref="fl-d5"/>
      </object_component>
      <object_component id="oc-31">
         <name>.debug_info</name>
         <load_address>0x8efa</load_address>
         <run_address>0x8efa</run_address>
         <size>0x60</size>
         <input_file_ref idref="fl-d5"/>
      </object_component>
      <object_component id="oc-b4">
         <name>.debug_info</name>
         <load_address>0x8f5a</load_address>
         <run_address>0x8f5a</run_address>
         <size>0x46</size>
         <input_file_ref idref="fl-d5"/>
      </object_component>
      <object_component id="oc-7a">
         <name>.debug_info</name>
         <load_address>0x8fa0</load_address>
         <run_address>0x8fa0</run_address>
         <size>0x39</size>
         <input_file_ref idref="fl-d5"/>
      </object_component>
      <object_component id="oc-22a">
         <name>.debug_info</name>
         <load_address>0x8fd9</load_address>
         <run_address>0x8fd9</run_address>
         <size>0x28a</size>
         <input_file_ref idref="fl-d6"/>
      </object_component>
      <object_component id="oc-164">
         <name>.debug_info</name>
         <load_address>0x9263</load_address>
         <run_address>0x9263</run_address>
         <size>0x273</size>
         <input_file_ref idref="fl-d6"/>
      </object_component>
      <object_component id="oc-22c">
         <name>.debug_info</name>
         <load_address>0x94d6</load_address>
         <run_address>0x94d6</run_address>
         <size>0x2a4</size>
         <input_file_ref idref="fl-d7"/>
      </object_component>
      <object_component id="oc-168">
         <name>.debug_info</name>
         <load_address>0x977a</load_address>
         <run_address>0x977a</run_address>
         <size>0x24d</size>
         <input_file_ref idref="fl-d7"/>
      </object_component>
      <object_component id="oc-25">
         <name>.debug_info</name>
         <load_address>0x99c7</load_address>
         <run_address>0x99c7</run_address>
         <size>0x10b</size>
         <input_file_ref idref="fl-d8"/>
      </object_component>
      <object_component id="oc-5a">
         <name>.debug_info</name>
         <load_address>0x9ad2</load_address>
         <run_address>0x9ad2</run_address>
         <size>0x1a9</size>
         <input_file_ref idref="fl-d8"/>
      </object_component>
      <object_component id="oc-29b">
         <name>.debug_info</name>
         <load_address>0x9c7b</load_address>
         <run_address>0x9c7b</run_address>
         <size>0x289</size>
         <input_file_ref idref="fl-d9"/>
      </object_component>
      <object_component id="oc-298">
         <name>.debug_info</name>
         <load_address>0x9f04</load_address>
         <run_address>0x9f04</run_address>
         <size>0x10e</size>
         <input_file_ref idref="fl-d9"/>
      </object_component>
      <object_component id="oc-1bd">
         <name>.debug_info</name>
         <load_address>0xa012</load_address>
         <run_address>0xa012</run_address>
         <size>0x14e</size>
         <input_file_ref idref="fl-d9"/>
      </object_component>
      <object_component id="oc-2a3">
         <name>.debug_info</name>
         <load_address>0xa160</load_address>
         <run_address>0xa160</run_address>
         <size>0x161</size>
         <input_file_ref idref="fl-da"/>
      </object_component>
      <object_component id="oc-285">
         <name>.debug_info</name>
         <load_address>0xa2c1</load_address>
         <run_address>0xa2c1</run_address>
         <size>0x590</size>
         <input_file_ref idref="fl-db"/>
      </object_component>
      <object_component id="oc-25d">
         <name>.debug_info</name>
         <load_address>0xa851</load_address>
         <run_address>0xa851</run_address>
         <size>0x21e</size>
         <input_file_ref idref="fl-db"/>
      </object_component>
      <object_component id="oc-313">
         <name>.debug_info</name>
         <load_address>0xaa6f</load_address>
         <run_address>0xaa6f</run_address>
         <size>0x1b3</size>
         <input_file_ref idref="fl-db"/>
      </object_component>
      <object_component id="oc-319">
         <name>.debug_info</name>
         <load_address>0xac22</load_address>
         <run_address>0xac22</run_address>
         <size>0x21b</size>
         <input_file_ref idref="fl-db"/>
      </object_component>
      <object_component id="oc-264">
         <name>.debug_info</name>
         <load_address>0xae3d</load_address>
         <run_address>0xae3d</run_address>
         <size>0x3c0</size>
         <input_file_ref idref="fl-db"/>
      </object_component>
      <object_component id="oc-31f">
         <name>.debug_info</name>
         <load_address>0xb1fd</load_address>
         <run_address>0xb1fd</run_address>
         <size>0x30a</size>
         <input_file_ref idref="fl-db"/>
      </object_component>
      <object_component id="oc-326">
         <name>.debug_info</name>
         <load_address>0xb507</load_address>
         <run_address>0xb507</run_address>
         <size>0x215</size>
         <input_file_ref idref="fl-db"/>
      </object_component>
      <object_component id="oc-269">
         <name>.debug_info</name>
         <load_address>0xb71c</load_address>
         <run_address>0xb71c</run_address>
         <size>0x215</size>
         <input_file_ref idref="fl-db"/>
      </object_component>
      <object_component id="oc-270">
         <name>.debug_info</name>
         <load_address>0xb931</load_address>
         <run_address>0xb931</run_address>
         <size>0x304</size>
         <input_file_ref idref="fl-db"/>
      </object_component>
      <object_component id="oc-275">
         <name>.debug_info</name>
         <load_address>0xbc35</load_address>
         <run_address>0xbc35</run_address>
         <size>0x4b5</size>
         <input_file_ref idref="fl-db"/>
      </object_component>
      <object_component id="oc-19c">
         <name>.debug_info</name>
         <load_address>0xc0ea</load_address>
         <run_address>0xc0ea</run_address>
         <size>0x5f4</size>
         <input_file_ref idref="fl-db"/>
      </object_component>
      <object_component id="oc-286">
         <name>.debug_info</name>
         <load_address>0xc6de</load_address>
         <run_address>0xc6de</run_address>
         <size>0x86</size>
         <input_file_ref idref="fl-db"/>
      </object_component>
      <object_component id="oc-342">
         <name>.debug_info</name>
         <load_address>0xc764</load_address>
         <run_address>0xc764</run_address>
         <size>0x39</size>
         <input_file_ref idref="fl-db"/>
      </object_component>
      <object_component id="oc-38b">
         <name>.debug_info</name>
         <load_address>0xc79d</load_address>
         <run_address>0xc79d</run_address>
         <size>0xb6</size>
         <input_file_ref idref="fl-db"/>
      </object_component>
      <object_component id="oc-347">
         <name>.debug_info</name>
         <load_address>0xc853</load_address>
         <run_address>0xc853</run_address>
         <size>0x46</size>
         <input_file_ref idref="fl-db"/>
      </object_component>
      <object_component id="oc-28b">
         <name>.debug_info</name>
         <load_address>0xc899</load_address>
         <run_address>0xc899</run_address>
         <size>0x46</size>
         <input_file_ref idref="fl-db"/>
      </object_component>
      <object_component id="oc-307">
         <name>.debug_info</name>
         <load_address>0xc8df</load_address>
         <run_address>0xc8df</run_address>
         <size>0x12e</size>
         <input_file_ref idref="fl-dc"/>
      </object_component>
      <object_component id="oc-92">
         <name>.debug_info</name>
         <load_address>0xca0d</load_address>
         <run_address>0xca0d</run_address>
         <size>0x147</size>
         <input_file_ref idref="fl-dd"/>
      </object_component>
      <object_component id="oc-300">
         <name>.debug_info</name>
         <load_address>0xcb54</load_address>
         <run_address>0xcb54</run_address>
         <size>0x134</size>
         <input_file_ref idref="fl-de"/>
      </object_component>
      <object_component id="oc-1ee">
         <name>.debug_info</name>
         <load_address>0xcc88</load_address>
         <run_address>0xcc88</run_address>
         <size>0x4b3</size>
         <input_file_ref idref="fl-df"/>
      </object_component>
      <object_component id="oc-116">
         <name>.debug_info</name>
         <load_address>0xd13b</load_address>
         <run_address>0xd13b</run_address>
         <size>0x1a6</size>
         <input_file_ref idref="fl-df"/>
      </object_component>
      <object_component id="oc-2c5">
         <name>.debug_info</name>
         <load_address>0xd2e1</load_address>
         <run_address>0xd2e1</run_address>
         <size>0x39</size>
         <input_file_ref idref="fl-df"/>
      </object_component>
      <object_component id="oc-35d">
         <name>.debug_info</name>
         <load_address>0xd31a</load_address>
         <run_address>0xd31a</run_address>
         <size>0x39</size>
         <input_file_ref idref="fl-df"/>
      </object_component>
      <object_component id="oc-2ca">
         <name>.debug_info</name>
         <load_address>0xd353</load_address>
         <run_address>0xd353</run_address>
         <size>0x39</size>
         <input_file_ref idref="fl-df"/>
      </object_component>
      <object_component id="oc-2cf">
         <name>.debug_info</name>
         <load_address>0xd38c</load_address>
         <run_address>0xd38c</run_address>
         <size>0xcd</size>
         <input_file_ref idref="fl-df"/>
      </object_component>
      <object_component id="oc-98">
         <name>.debug_info</name>
         <load_address>0xd459</load_address>
         <run_address>0xd459</run_address>
         <size>0x153</size>
         <input_file_ref idref="fl-e0"/>
      </object_component>
      <object_component id="oc-109">
         <name>.debug_info</name>
         <load_address>0xd5ac</load_address>
         <run_address>0xd5ac</run_address>
         <size>0x122</size>
         <input_file_ref idref="fl-e2"/>
      </object_component>
      <object_component id="oc-379">
         <name>.debug_info</name>
         <load_address>0xd6ce</load_address>
         <run_address>0xd6ce</run_address>
         <size>0x29c</size>
         <input_file_ref idref="fl-e4"/>
      </object_component>
      <object_component id="oc-30d">
         <name>.debug_info</name>
         <load_address>0xd96a</load_address>
         <run_address>0xd96a</run_address>
         <size>0x1da</size>
         <input_file_ref idref="fl-e4"/>
      </object_component>
      <object_component id="oc-2fd">
         <name>.debug_info</name>
         <load_address>0xdb44</load_address>
         <run_address>0xdb44</run_address>
         <size>0x2b9</size>
         <input_file_ref idref="fl-e6"/>
      </object_component>
      <object_component id="oc-258">
         <name>.debug_info</name>
         <load_address>0xddfd</load_address>
         <run_address>0xddfd</run_address>
         <size>0x17c</size>
         <input_file_ref idref="fl-e6"/>
      </object_component>
      <object_component id="oc-36e">
         <name>.debug_info</name>
         <load_address>0xdf79</load_address>
         <run_address>0xdf79</run_address>
         <size>0xf9</size>
         <input_file_ref idref="fl-e7"/>
      </object_component>
      <object_component id="oc-2fa">
         <name>.debug_info</name>
         <load_address>0xe072</load_address>
         <run_address>0xe072</run_address>
         <size>0x105</size>
         <input_file_ref idref="fl-e7"/>
      </object_component>
      <object_component id="oc-338">
         <name>.debug_info</name>
         <load_address>0xe177</load_address>
         <run_address>0xe177</run_address>
         <size>0x2a7</size>
         <input_file_ref idref="fl-e8"/>
      </object_component>
      <object_component id="oc-279">
         <name>.debug_info</name>
         <load_address>0xe41e</load_address>
         <run_address>0xe41e</run_address>
         <size>0x1b8</size>
         <input_file_ref idref="fl-e8"/>
      </object_component>
      <object_component id="oc-381">
         <name>.debug_info</name>
         <load_address>0xe5d6</load_address>
         <run_address>0xe5d6</run_address>
         <size>0x29a</size>
         <input_file_ref idref="fl-e9"/>
      </object_component>
      <object_component id="oc-332">
         <name>.debug_info</name>
         <load_address>0xe870</load_address>
         <run_address>0xe870</run_address>
         <size>0x262</size>
         <input_file_ref idref="fl-e9"/>
      </object_component>
      <object_component id="oc-2f8">
         <name>.debug_info</name>
         <load_address>0xead2</load_address>
         <run_address>0xead2</run_address>
         <size>0x28f</size>
         <input_file_ref idref="fl-ea"/>
      </object_component>
      <object_component id="oc-251">
         <name>.debug_info</name>
         <load_address>0xed61</load_address>
         <run_address>0xed61</run_address>
         <size>0x245</size>
         <input_file_ref idref="fl-ea"/>
      </object_component>
      <object_component id="oc-33f">
         <name>.debug_info</name>
         <load_address>0xefa6</load_address>
         <run_address>0xefa6</run_address>
         <size>0x28f</size>
         <input_file_ref idref="fl-eb"/>
      </object_component>
      <object_component id="oc-280">
         <name>.debug_info</name>
         <load_address>0xf235</load_address>
         <run_address>0xf235</run_address>
         <size>0x15a</size>
         <input_file_ref idref="fl-eb"/>
      </object_component>
      <object_component id="oc-384">
         <name>.debug_info</name>
         <load_address>0xf38f</load_address>
         <run_address>0xf38f</run_address>
         <size>0x46</size>
         <input_file_ref idref="fl-eb"/>
      </object_component>
      <object_component id="oc-33a">
         <name>.debug_info</name>
         <load_address>0xf3d5</load_address>
         <run_address>0xf3d5</run_address>
         <size>0x39</size>
         <input_file_ref idref="fl-eb"/>
      </object_component>
      <object_component id="oc-37f">
         <name>.debug_info</name>
         <load_address>0xf40e</load_address>
         <run_address>0xf40e</run_address>
         <size>0x295</size>
         <input_file_ref idref="fl-ec"/>
      </object_component>
      <object_component id="oc-32c">
         <name>.debug_info</name>
         <load_address>0xf6a3</load_address>
         <run_address>0xf6a3</run_address>
         <size>0x195</size>
         <input_file_ref idref="fl-ec"/>
      </object_component>
      <object_component id="oc-373">
         <name>.debug_info</name>
         <load_address>0xf838</load_address>
         <run_address>0xf838</run_address>
         <size>0x115</size>
         <input_file_ref idref="fl-ed"/>
      </object_component>
      <object_component id="oc-20c">
         <name>.debug_info</name>
         <load_address>0xf94d</load_address>
         <run_address>0xf94d</run_address>
         <size>0x3b7</size>
         <input_file_ref idref="fl-ee"/>
      </object_component>
      <object_component id="oc-204">
         <name>.debug_info</name>
         <load_address>0xfd04</load_address>
         <run_address>0xfd04</run_address>
         <size>0x160</size>
         <input_file_ref idref="fl-ee"/>
      </object_component>
      <object_component id="oc-14e">
         <name>.debug_info</name>
         <load_address>0xfe64</load_address>
         <run_address>0xfe64</run_address>
         <size>0x2ca</size>
         <input_file_ref idref="fl-ee"/>
      </object_component>
      <object_component id="oc-237">
         <name>.debug_info</name>
         <load_address>0x1012e</load_address>
         <run_address>0x1012e</run_address>
         <size>0x247</size>
         <input_file_ref idref="fl-ee"/>
      </object_component>
      <object_component id="oc-2df">
         <name>.debug_info</name>
         <load_address>0x10375</load_address>
         <run_address>0x10375</run_address>
         <size>0x26b</size>
         <input_file_ref idref="fl-ee"/>
      </object_component>
      <object_component id="oc-2d8">
         <name>.debug_info</name>
         <load_address>0x105e0</load_address>
         <run_address>0x105e0</run_address>
         <size>0x297</size>
         <input_file_ref idref="fl-ee"/>
      </object_component>
      <object_component id="oc-207">
         <name>.debug_info</name>
         <load_address>0x10877</load_address>
         <run_address>0x10877</run_address>
         <size>0xbb</size>
         <input_file_ref idref="fl-ee"/>
      </object_component>
      <object_component id="oc-2ed">
         <name>.debug_info</name>
         <load_address>0x10932</load_address>
         <run_address>0x10932</run_address>
         <size>0x21b</size>
         <input_file_ref idref="fl-ef"/>
      </object_component>
      <object_component id="oc-3c9">
         <name>.debug_info</name>
         <load_address>0x10b4d</load_address>
         <run_address>0x10b4d</run_address>
         <size>0x85</size>
      </object_component>
      <object_component id="oc-147">
         <name>.debug_line</name>
         <load_address>0x0</load_address>
         <run_address>0x0</run_address>
         <size>0xd0</size>
         <input_file_ref idref="fl-2"/>
      </object_component>
      <object_component id="oc-9f">
         <name>.debug_line</name>
         <load_address>0xd0</load_address>
         <run_address>0xd0</run_address>
         <size>0xdf</size>
         <input_file_ref idref="fl-2"/>
      </object_component>
      <object_component id="oc-106">
         <name>.debug_line</name>
         <load_address>0x1af</load_address>
         <run_address>0x1af</run_address>
         <size>0x33</size>
         <input_file_ref idref="fl-2"/>
      </object_component>
      <object_component id="oc-73">
         <name>.debug_line</name>
         <load_address>0x1e2</load_address>
         <run_address>0x1e2</run_address>
         <size>0x6f</size>
         <input_file_ref idref="fl-2"/>
      </object_component>
      <object_component id="oc-39">
         <name>.debug_line</name>
         <load_address>0x251</load_address>
         <run_address>0x251</run_address>
         <size>0x20</size>
         <input_file_ref idref="fl-2"/>
      </object_component>
      <object_component id="oc-b0">
         <name>.debug_line</name>
         <load_address>0x271</load_address>
         <run_address>0x271</run_address>
         <size>0x73</size>
         <input_file_ref idref="fl-2"/>
      </object_component>
      <object_component id="oc-78">
         <name>.debug_line</name>
         <load_address>0x2e4</load_address>
         <run_address>0x2e4</run_address>
         <size>0x70</size>
         <input_file_ref idref="fl-2"/>
      </object_component>
      <object_component id="oc-232">
         <name>.debug_line</name>
         <load_address>0x354</load_address>
         <run_address>0x354</run_address>
         <size>0x6a</size>
         <input_file_ref idref="fl-2"/>
      </object_component>
      <object_component id="oc-174">
         <name>.debug_line</name>
         <load_address>0x3be</load_address>
         <run_address>0x3be</run_address>
         <size>0x6b</size>
         <input_file_ref idref="fl-2"/>
      </object_component>
      <object_component id="oc-14b">
         <name>.debug_line</name>
         <load_address>0x429</load_address>
         <run_address>0x429</run_address>
         <size>0x74</size>
         <input_file_ref idref="fl-2"/>
      </object_component>
      <object_component id="oc-210">
         <name>.debug_line</name>
         <load_address>0x49d</load_address>
         <run_address>0x49d</run_address>
         <size>0x69</size>
         <input_file_ref idref="fl-3"/>
      </object_component>
      <object_component id="oc-20e">
         <name>.debug_line</name>
         <load_address>0x506</load_address>
         <run_address>0x506</run_address>
         <size>0x2e</size>
         <input_file_ref idref="fl-3"/>
      </object_component>
      <object_component id="oc-c8">
         <name>.debug_line</name>
         <load_address>0x534</load_address>
         <run_address>0x534</run_address>
         <size>0x179</size>
         <input_file_ref idref="fl-3"/>
      </object_component>
      <object_component id="oc-22e">
         <name>.debug_line</name>
         <load_address>0x6ad</load_address>
         <run_address>0x6ad</run_address>
         <size>0xc3</size>
         <input_file_ref idref="fl-4"/>
      </object_component>
      <object_component id="oc-dd">
         <name>.debug_line</name>
         <load_address>0x770</load_address>
         <run_address>0x770</run_address>
         <size>0x45</size>
         <input_file_ref idref="fl-4"/>
      </object_component>
      <object_component id="oc-cf">
         <name>.debug_line</name>
         <load_address>0x7b5</load_address>
         <run_address>0x7b5</run_address>
         <size>0x19c</size>
         <input_file_ref idref="fl-4"/>
      </object_component>
      <object_component id="oc-6f">
         <name>.debug_line</name>
         <load_address>0x951</load_address>
         <run_address>0x951</run_address>
         <size>0x41</size>
         <input_file_ref idref="fl-5"/>
      </object_component>
      <object_component id="oc-2e">
         <name>.debug_line</name>
         <load_address>0x992</load_address>
         <run_address>0x992</run_address>
         <size>0x41</size>
         <input_file_ref idref="fl-5"/>
      </object_component>
      <object_component id="oc-29">
         <name>.debug_line</name>
         <load_address>0x9d3</load_address>
         <run_address>0x9d3</run_address>
         <size>0xa1</size>
         <input_file_ref idref="fl-5"/>
      </object_component>
      <object_component id="oc-d5">
         <name>.debug_line</name>
         <load_address>0xa74</load_address>
         <run_address>0xa74</run_address>
         <size>0xdb</size>
         <input_file_ref idref="fl-6"/>
      </object_component>
      <object_component id="oc-1e2">
         <name>.debug_line</name>
         <load_address>0xb4f</load_address>
         <run_address>0xb4f</run_address>
         <size>0x73</size>
         <input_file_ref idref="fl-d"/>
      </object_component>
      <object_component id="oc-24d">
         <name>.debug_line</name>
         <load_address>0xbc2</load_address>
         <run_address>0xbc2</run_address>
         <size>0x33</size>
         <input_file_ref idref="fl-d"/>
      </object_component>
      <object_component id="oc-db">
         <name>.debug_line</name>
         <load_address>0xbf5</load_address>
         <run_address>0xbf5</run_address>
         <size>0x120</size>
         <input_file_ref idref="fl-d"/>
      </object_component>
      <object_component id="oc-197">
         <name>.debug_line</name>
         <load_address>0xd15</load_address>
         <run_address>0xd15</run_address>
         <size>0x33</size>
         <input_file_ref idref="fl-d"/>
      </object_component>
      <object_component id="oc-2f6">
         <name>.debug_line</name>
         <load_address>0xd48</load_address>
         <run_address>0xd48</run_address>
         <size>0x2b</size>
         <input_file_ref idref="fl-e"/>
      </object_component>
      <object_component id="oc-18c">
         <name>.debug_line</name>
         <load_address>0xd73</load_address>
         <run_address>0xd73</run_address>
         <size>0xc5</size>
         <input_file_ref idref="fl-e"/>
      </object_component>
      <object_component id="oc-2f4">
         <name>.debug_line</name>
         <load_address>0xe38</load_address>
         <run_address>0xe38</run_address>
         <size>0x76</size>
         <input_file_ref idref="fl-f"/>
      </object_component>
      <object_component id="oc-187">
         <name>.debug_line</name>
         <load_address>0xeae</load_address>
         <run_address>0xeae</run_address>
         <size>0xb9</size>
         <input_file_ref idref="fl-f"/>
      </object_component>
      <object_component id="oc-246">
         <name>.debug_line</name>
         <load_address>0xf67</load_address>
         <run_address>0xf67</run_address>
         <size>0x20</size>
         <input_file_ref idref="fl-f"/>
      </object_component>
      <object_component id="oc-181">
         <name>.debug_line</name>
         <load_address>0xf87</load_address>
         <run_address>0xf87</run_address>
         <size>0xb4</size>
         <input_file_ref idref="fl-10"/>
      </object_component>
      <object_component id="oc-2b4">
         <name>.debug_line</name>
         <load_address>0x103b</load_address>
         <run_address>0x103b</run_address>
         <size>0x9b</size>
         <input_file_ref idref="fl-c6"/>
      </object_component>
      <object_component id="oc-29e">
         <name>.debug_line</name>
         <load_address>0x10d6</load_address>
         <run_address>0x10d6</run_address>
         <size>0x2b</size>
         <input_file_ref idref="fl-c6"/>
      </object_component>
      <object_component id="oc-fd">
         <name>.debug_line</name>
         <load_address>0x1101</load_address>
         <run_address>0x1101</run_address>
         <size>0x2b6</size>
         <input_file_ref idref="fl-c6"/>
      </object_component>
      <object_component id="oc-2b1">
         <name>.debug_line</name>
         <load_address>0x13b7</load_address>
         <run_address>0x13b7</run_address>
         <size>0x9a</size>
         <input_file_ref idref="fl-c6"/>
      </object_component>
      <object_component id="oc-1dd">
         <name>.debug_line</name>
         <load_address>0x1451</load_address>
         <run_address>0x1451</run_address>
         <size>0x97</size>
         <input_file_ref idref="fl-c6"/>
      </object_component>
      <object_component id="oc-34d">
         <name>.debug_line</name>
         <load_address>0x14e8</load_address>
         <run_address>0x14e8</run_address>
         <size>0x91</size>
         <input_file_ref idref="fl-c7"/>
      </object_component>
      <object_component id="oc-1b6">
         <name>.debug_line</name>
         <load_address>0x1579</load_address>
         <run_address>0x1579</run_address>
         <size>0x13f</size>
         <input_file_ref idref="fl-c7"/>
      </object_component>
      <object_component id="oc-354">
         <name>.debug_line</name>
         <load_address>0x16b8</load_address>
         <run_address>0x16b8</run_address>
         <size>0x9b</size>
         <input_file_ref idref="fl-c8"/>
      </object_component>
      <object_component id="oc-1d5">
         <name>.debug_line</name>
         <load_address>0x1753</load_address>
         <run_address>0x1753</run_address>
         <size>0xa4</size>
         <input_file_ref idref="fl-c8"/>
      </object_component>
      <object_component id="oc-358">
         <name>.debug_line</name>
[...]
         <name>__stop___llvm_prf_cnts</name>
         <value>0x20000000</value>
      </symbol>
      <symbol id="sm-4">
         <name>__TI_CINIT_Base</name>
         <value>0x3df8</value>
      </symbol>
      <symbol id="sm-5">
         <name>__TI_CINIT_Limit</name>
         <value>0x3e10</value>
      </symbol>
      <symbol id="sm-6">
         <name>__TI_Handler_Table_Base</name>
         <value>0x3dd0</value>
      </symbol>
      <symbol id="sm-7">
         <name>__TI_Handler_Table_Limit</name>
         <value>0x3ddc</value>
      </symbol>
      <symbol id="sm-8">
         <name>binit</name>
         <value>0xffffffff</value>
      </symbol>
      <symbol id="sm-9">
         <name>__binit__</name>
         <value>0xffffffff</value>
      </symbol>
      <symbol id="sm-a">
         <name>__STACK_SIZE</name>
         <value>0x800</value>
      </symbol>
      <symbol id="sm-b">
         <name>__STACK_END</name>
         <value>0x20000a70</value>
      </symbol>
      <symbol id="sm-c">
         <name>__c_args__</name>
         <value>0xffffffff</value>
      </symbol>
      <symbol id="sm-d">
         <name>__TI_pprof_out_hndl</name>
         <value>0xffffffff</value>
      </symbol>
      <symbol id="sm-e">
         <name>__TI_prof_data_start</name>
         <value>0xffffffff</value>
      </symbol>
      <symbol id="sm-f">
         <name>__TI_prof_data_size</name>
         <value>0xffffffff</value>
      </symbol>
      <symbol id="sm-70">
         <name>right_calibration_value</name>
         <value>0x20000ad8</value>
      </symbol>
      <symbol id="sm-71">
         <name>left_calibration_value</name>
         <value>0x20000ad0</value>
      </symbol>
      <symbol id="sm-72">
         <name>uart_data</name>
         <value>0x20000ae2</value>
      </symbol>
      <symbol id="sm-73">
         <name>flag</name>
         <value>0x20000ae0</value>
      </symbol>
      <symbol id="sm-74">
         <name>main</name>
         <value>0x2489</value>
         <object_component_ref idref="oc-9b"/>
      </symbol>
      <symbol id="sm-af">
         <name>_timeout_ticks</name>
         <value>0x20000ac4</value>
      </symbol>
      <symbol id="sm-b0">
         <name>timer_pause</name>
         <value>0x1f27</value>
         <object_component_ref idref="oc-c4"/>
      </symbol>
      <symbol id="sm-b1">
         <name>timer_resume</name>
         <value>0x1f39</value>
         <object_component_ref idref="oc-c4"/>
      </symbol>
      <symbol id="sm-b2">
         <name>timer_getMillis</name>
         <value>0x1f4b</value>
         <object_component_ref idref="oc-c4"/>
      </symbol>
      <symbol id="sm-b3">
         <name>_running</name>
         <value>0x20000aec</value>
         <object_component_ref idref="oc-153"/>
      </symbol>
      <symbol id="sm-b4">
         <name>timer_init</name>
         <value>0x1e85</value>
         <object_component_ref idref="oc-c4"/>
      </symbol>
      <symbol id="sm-b5">
         <name>timer_stop</name>
         <value>0x1efd</value>
         <object_component_ref idref="oc-c4"/>
      </symbol>
      <symbol id="sm-b6">
         <name>timer_getMicros</name>
         <value>0x1fa3</value>
         <object_component_ref idref="oc-c4"/>
      </symbol>
      <symbol id="sm-b7">
         <name>timer_waitMillis</name>
         <value>0x202f</value>
         <object_component_ref idref="oc-c4"/>
      </symbol>
      <symbol id="sm-b8">
         <name>timer_waitMicros</name>
         <value>0x1ffd</value>
         <object_component_ref idref="oc-c4"/>
      </symbol>
      <symbol id="sm-f5">
         <name>lcd_sendCommand</name>
         <value>0x17df</value>
         <object_component_ref idref="oc-ca"/>
      </symbol>
      <symbol id="sm-f6">
         <name>lcd_sendNibble</name>
         <value>0x181d</value>
         <object_component_ref idref="oc-ca"/>
      </symbol>
      <symbol id="sm-f7">
         <name>lcd_clear</name>
         <value>0x3c3d</value>
         <object_component_ref idref="oc-dc"/>
      </symbol>
      <symbol id="sm-f8">
         <name>lcd_printf</name>
         <value>0x18c7</value>
         <object_component_ref idref="oc-ca"/>
      </symbol>
      <symbol id="sm-f9">
         <name>lcd_setCursorPos</name>
         <value>0x1889</value>
         <object_component_ref idref="oc-ca"/>
      </symbol>
      <symbol id="sm-fa">
         <name>lcd_init</name>
         <value>0x16c9</value>
         <object_component_ref idref="oc-ca"/>
      </symbol>
      <symbol id="sm-fb">
         <name>lcd_puts</name>
         <value>0x17c1</value>
         <object_component_ref idref="oc-ca"/>
      </symbol>
      <symbol id="sm-fc">
         <name>lcd_putc</name>
         <value>0x1789</value>
         <object_component_ref idref="oc-ca"/>
      </symbol>
      <symbol id="sm-fd">
         <name>lcd_reverseNibble</name>
         <value>0x168d</value>
         <object_component_ref idref="oc-ca"/>
      </symbol>
      <symbol id="sm-fe">
         <name>lcd_gotoLine</name>
         <value>0x1861</value>
         <object_component_ref idref="oc-ca"/>
      </symbol>
      <symbol id="sm-11a">
         <name>ResetISR</name>
         <value>0x3c67</value>
         <object_component_ref idref="oc-27"/>
      </symbol>
      <symbol id="sm-11b">
         <name>g_pfnVectors</name>
         <value>0x0</value>
         <object_component_ref idref="oc-12"/>
      </symbol>
      <symbol id="sm-145">
         <name>uart_interrupt_handler</name>
         <value>0x2b77</value>
         <object_component_ref idref="oc-d0"/>
      </symbol>
      <symbol id="sm-146">
         <name>uart_sendChar</name>
         <value>0x2b27</value>
         <object_component_ref idref="oc-d0"/>
      </symbol>
      <symbol id="sm-147">
         <name>uart_interrupt_init</name>
         <value>0x2b57</value>
         <object_component_ref idref="oc-d0"/>
      </symbol>
      <symbol id="sm-148">
         <name>uart_init</name>
         <value>0x2ab5</value>
         <object_component_ref idref="oc-d0"/>
      </symbol>
      <symbol id="sm-149">
         <name>uart_receive</name>
         <value>0x2b43</value>
         <object_component_ref idref="oc-d0"/>
      </symbol>
      <symbol id="sm-185">
         <name>cyBOT_SERVO_cal</name>
         <value>0x1cfd</value>
         <object_component_ref idref="oc-d6"/>
      </symbol>
      <symbol id="sm-186">
         <name>cyBOT_Scan</name>
         <value>0x1c8b</value>
         <object_component_ref idref="oc-d6"/>
      </symbol>
      <symbol id="sm-187">
         <name>cyBOT_scan_features</name>
         <value>0x20000ae4</value>
         <object_component_ref idref="oc-190"/>
      </symbol>
      <symbol id="sm-188">
         <name>cyBOT_scan_version</name>
         <value>0x1c25</value>
         <object_component_ref idref="oc-d6"/>
      </symbol>
      <symbol id="sm-189">
         <name>cyBOT_init_Scan</name>
         <value>0x1c33</value>
         <object_component_ref idref="oc-d6"/>
      </symbol>
      <symbol id="sm-1b0">
         <name>isr_int_value</name>
         <value>0x20000acc</value>
      </symbol>
      <symbol id="sm-1b1">
         <name>ir_enableInterrupt</name>
         <value>0x3053</value>
         <object_component_ref idref="oc-18a"/>
      </symbol>
      <symbol id="sm-1b2">
         <name>ir_getDistance</name>
         <value>0x3035</value>
         <object_component_ref idref="oc-18a"/>
      </symbol>
      <symbol id="sm-1b3">
         <name>ir_init</name>
         <value>0x2fa5</value>
         <object_component_ref idref="oc-18a"/>
      </symbol>
      <symbol id="sm-1b4">
         <name>ADC0SS0_Handler</name>
         <value>0x303d</value>
         <object_component_ref idref="oc-18a"/>
      </symbol>
      <symbol id="sm-1b5">
         <name>ir_getValue</name>
         <value>0x300d</value>
         <object_component_ref idref="oc-18a"/>
      </symbol>
      <symbol id="sm-1e9">
         <name>risingEdge</name>
         <value>0x20000adc</value>
      </symbol>
      <symbol id="sm-1ea">
         <name>fallingEdge</name>
         <value>0x20000ac8</value>
      </symbol>
      <symbol id="sm-1eb">
         <name>pulseLength</name>
         <value>0x20000ad4</value>
      </symbol>
      <symbol id="sm-1ec">
         <name>isRisingEdge</name>
         <value>0x20000ae1</value>
      </symbol>
      <symbol id="sm-1ed">
         <name>TIMER3B_Handler</name>
         <value>0x21bd</value>
         <object_component_ref idref="oc-184"/>
      </symbol>
      <symbol id="sm-1ee">
         <name>ping_init</name>
         <value>0x20cd</value>
         <object_component_ref idref="oc-184"/>
      </symbol>
      <symbol id="sm-1ef">
         <name>ping_getDistance</name>
         <value>0x220f</value>
         <object_component_ref idref="oc-184"/>
      </symbol>
      <symbol id="sm-1f0">
         <name>ping_trigger</name>
         <value>0x2153</value>
         <object_component_ref idref="oc-184"/>
      </symbol>
      <symbol id="sm-212">
         <name>servo_move</name>
         <value>0x2895</value>
         <object_component_ref idref="oc-17e"/>
      </symbol>
      <symbol id="sm-213">
         <name>servo_init</name>
         <value>0x2805</value>
         <object_component_ref idref="oc-17e"/>
      </symbol>
      <symbol id="sm-214">
         <name>servo_stop</name>
         <value>0x2889</value>
         <object_component_ref idref="oc-17e"/>
      </symbol>
      <symbol id="sm-215">
         <name>servo_setPWM</name>
         <value>0x28f5</value>
         <object_component_ref idref="oc-17e"/>
      </symbol>
      <symbol id="sm-2ab">
         <name>pow</name>
         <value>0xcbd</value>
         <object_component_ref idref="oc-f8"/>
      </symbol>
      <symbol id="sm-2ac">
         <name>powl</name>
         <value>0xcbd</value>
         <object_component_ref idref="oc-f8"/>
      </symbol>
      <symbol id="sm-2ce">
         <name>sqrtl</name>
         <value>0x295d</value>
         <object_component_ref idref="oc-1b5"/>
      </symbol>
      <symbol id="sm-2cf">
         <name>sqrt</name>
         <value>0x295d</value>
         <object_component_ref idref="oc-1b5"/>
      </symbol>
      <symbol id="sm-2f6">
         <name>scalbn</name>
         <value>0x30bd</value>
         <object_component_ref idref="oc-1d3"/>
      </symbol>
      <symbol id="sm-2f7">
         <name>scalbnl</name>
         <value>0x30bd</value>
         <object_component_ref idref="oc-1d3"/>
      </symbol>
      <symbol id="sm-2f8">
         <name>ldexpl</name>
         <value>0x30bd</value>
         <object_component_ref idref="oc-1d3"/>
      </symbol>
      <symbol id="sm-2f9">
         <name>ldexp</name>
         <value>0x30bd</value>
         <object_component_ref idref="oc-1d3"/>
      </symbol>
      <symbol id="sm-320">
         <name>sprintf</name>
         <value>0x3985</value>
         <object_component_ref idref="oc-e3"/>
      </symbol>
      <symbol id="sm-34a">
         <name>vsnprintf</name>
         <value>0x39c5</value>
         <object_component_ref idref="oc-15a"/>
      </symbol>
      <symbol id="sm-361">
         <name>__aeabi_dsub</name>
         <value>0x264d</value>
         <object_component_ref idref="oc-1b0"/>
      </symbol>
      <symbol id="sm-362">
         <name>__aeabi_dadd</name>
         <value>0x2657</value>
         <object_component_ref idref="oc-1b0"/>
      </symbol>
      <symbol id="sm-384">
         <name>__aeabi_cdcmpeq</name>
         <value>0x34ad</value>
         <object_component_ref idref="oc-1c9"/>
      </symbol>
      <symbol id="sm-385">
         <name>__aeabi_cdcmple</name>
         <value>0x34ad</value>
         <object_component_ref idref="oc-1c9"/>
      </symbol>
      <symbol id="sm-386">
         <name>__aeabi_cdrcmple</name>
         <value>0x3533</value>
         <object_component_ref idref="oc-1ce"/>
      </symbol>
      <symbol id="sm-39a">
         <name>__aeabi_ddiv</name>
         <value>0x2d49</value>
         <object_component_ref idref="oc-f3"/>
      </symbol>
      <symbol id="sm-3a5">
         <name>__aeabi_dmul</name>
         <value>0x31cd</value>
         <object_component_ref idref="oc-1c1"/>
      </symbol>
      <symbol id="sm-3af">
         <name>__aeabi_d2uiz</name>
         <value>0x3941</value>
         <object_component_ref idref="oc-176"/>
      </symbol>
      <symbol id="sm-3ba">
         <name>__aeabi_f2d</name>
         <value>0x3a43</value>
         <object_component_ref idref="oc-e9"/>
      </symbol>
      <symbol id="sm-3c4">
         <name>__aeabi_i2d</name>
         <value>0x3b15</value>
         <object_component_ref idref="oc-ee"/>
      </symbol>
      <symbol id="sm-3df">
         <name>memcpy</name>
         <value>0x337b</value>
         <object_component_ref idref="oc-3b"/>
      </symbol>
      <symbol id="sm-3e0">
         <name>__aeabi_memcpy</name>
         <value>0x337b</value>
         <object_component_ref idref="oc-3b"/>
      </symbol>
      <symbol id="sm-3e1">
         <name>__aeabi_memcpy8</name>
         <value>0x337b</value>
         <object_component_ref idref="oc-3b"/>
      </symbol>
      <symbol id="sm-3e2">
         <name>__aeabi_memcpy4</name>
         <value>0x337b</value>
         <object_component_ref idref="oc-3b"/>
      </symbol>
      <symbol id="sm-3fb">
         <name>__TI_zero_init_nomemset</name>
         <value>0x3b43</value>
         <object_component_ref idref="oc-47"/>
      </symbol>
      <symbol id="sm-412">
         <name>__TI_decompress_none</name>
         <value>0x3c4d</value>
         <object_component_ref idref="oc-1b"/>
      </symbol>
      <symbol id="sm-435">
         <name>__TI_decompress_lzss</name>
         <value>0x36a1</value>
         <object_component_ref idref="oc-15"/>
      </symbol>
      <symbol id="sm-444">
         <name>strcmp</name>
         <value>0x3bc5</value>
         <object_component_ref idref="oc-160"/>
      </symbol>
      <symbol id="sm-452">
         <name>strcpy</name>
         <value>0x3bf3</value>
         <object_component_ref idref="oc-166"/>
      </symbol>
      <symbol id="sm-465">
         <name>__stack</name>
         <value>0x20000270</value>
         <object_component_ref idref="oc-24"/>
      </symbol>
      <symbol id="sm-466">
         <name>_c_int00_noargs</name>
         <value>0x3ab1</value>
         <object_component_ref idref="oc-59"/>
      </symbol>
      <symbol id="sm-47c">
         <name>__aeabi_errno_addr</name>
         <value>0x3c7d</value>
         <object_component_ref idref="oc-1bb"/>
      </symbol>
      <symbol id="sm-47d">
         <name>errno</name>
         <value>0x20000ae8</value>
         <object_component_ref idref="oc-297"/>
      </symbol>
      <symbol id="sm-487">
         <name>copysign</name>
         <value>0x3b7b</value>
         <object_component_ref idref="oc-2a1"/>
      </symbol>
      <symbol id="sm-488">
         <name>copysignl</name>
         <value>0x3b7b</value>
         <object_component_ref idref="oc-2a1"/>
      </symbol>
      <symbol id="sm-5ed">
         <name>__TI_printfi</name>
         <value>0x26d</value>
         <object_component_ref idref="oc-199"/>
      </symbol>
      <symbol id="sm-5f7">
         <name>__aeabi_d2iz</name>
         <value>0x38b5</value>
         <object_component_ref idref="oc-304"/>
      </symbol>
      <symbol id="sm-606">
         <name>__aeabi_memset</name>
         <value>0x35bb</value>
         <object_component_ref idref="oc-8f"/>
      </symbol>
      <symbol id="sm-607">
         <name>memset</name>
         <value>0x35c1</value>
         <object_component_ref idref="oc-8f"/>
      </symbol>
      <symbol id="sm-608">
         <name>__aeabi_memset8</name>
         <value>0x35bb</value>
         <object_component_ref idref="oc-8f"/>
      </symbol>
      <symbol id="sm-609">
         <name>__aeabi_memset4</name>
         <value>0x35bb</value>
         <object_component_ref idref="oc-8f"/>
      </symbol>
      <symbol id="sm-60a">
         <name>__aeabi_memclr8</name>
         <value>0x35b9</value>
         <object_component_ref idref="oc-8f"/>
      </symbol>
      <symbol id="sm-60b">
         <name>__aeabi_memclr4</name>
         <value>0x35b9</value>
         <object_component_ref idref="oc-8f"/>
      </symbol>
      <symbol id="sm-60c">
         <name>__aeabi_memclr</name>
         <value>0x35b9</value>
         <object_component_ref idref="oc-8f"/>
      </symbol>
      <symbol id="sm-619">
         <name>__aeabi_uldivmod</name>
         <value>0x3417</value>
         <object_component_ref idref="oc-2fe"/>
      </symbol>
      <symbol id="sm-641">
         <name>__TI_auto_init_nobinit_nopinit</name>
         <value>0x38fd</value>
         <object_component_ref idref="oc-114"/>
      </symbol>
      <symbol id="sm-64b">
         <name>_system_pre_init</name>
         <value>0x3c85</value>
         <object_component_ref idref="oc-95"/>
      </symbol>
      <symbol id="sm-657">
         <name>C$$EXIT</name>
         <value>0x3c89</value>
         <object_component_ref idref="oc-108"/>
      </symbol>
      <symbol id="sm-658">
         <name>abort</name>
         <value>0x3c89</value>
         <object_component_ref idref="oc-108"/>
      </symbol>
      <symbol id="sm-668">
         <name>__TI_ltoa</name>
         <value>0x37c3</value>
         <object_component_ref idref="oc-309"/>
      </symbol>
      <symbol id="sm-67f">
         <name>atoi</name>
         <value>0x3869</value>
         <object_component_ref idref="oc-254"/>
      </symbol>
      <symbol id="sm-68a">
         <name>_ctypes_</name>
         <value>0x3c90</value>
         <object_component_ref idref="oc-2f9"/>
      </symbol>
      <symbol id="sm-69a">
         <name>memccpy</name>
         <value>0x3b5f</value>
         <object_component_ref idref="oc-278"/>
      </symbol>
      <symbol id="sm-6aa">
         <name>strchr</name>
         <value>0x3bdd</value>
         <object_component_ref idref="oc-330"/>
      </symbol>
      <symbol id="sm-6b8">
         <name>strlen</name>
         <value>0x3c07</value>
         <object_component_ref idref="oc-24e"/>
      </symbol>
      <symbol id="sm-6d1">
         <name>wcslen</name>
         <value>0x3c1b</value>
         <object_component_ref idref="oc-27e"/>
      </symbol>
      <symbol id="sm-6e7">
         <name>frexpl</name>
         <value>0x3709</value>
         <object_component_ref idref="oc-32a"/>
      </symbol>
      <symbol id="sm-6e8">
         <name>frexp</name>
         <value>0x3709</value>
         <object_component_ref idref="oc-32a"/>
      </symbol>
      <symbol id="sm-6f2">
         <name>__aeabi_idiv0</name>
         <value>0xcbb</value>
         <object_component_ref idref="oc-371"/>
      </symbol>
      <symbol id="sm-6f3">
         <name>__aeabi_ldiv0</name>
         <value>0xcbb</value>
         <object_component_ref idref="oc-371"/>
      </symbol>
      <symbol id="sm-722">
         <name>IntRegister</name>
         <value>0x3a7d</value>
         <object_component_ref idref="oc-14d"/>
      </symbol>
      <symbol id="sm-723">
         <name>g_pfnRAMVectors</name>
         <value>0x20000000</value>
         <object_component_ref idref="oc-203"/>
      </symbol>
      <symbol id="sm-724">
         <name>IntMasterEnable</name>
         <value>0x3c2d</value>
         <object_component_ref idref="oc-236"/>
      </symbol>
      <symbol id="sm-72e">
         <name>CPUcpsie</name>
         <value>0x3c5b</value>
         <object_component_ref idref="oc-2ec"/>
      </symbol>
      <symbol id="sm-72f">
         <name>__TI_static_base__</name>
         <value>0x0</value>
      </symbol>
      <symbol id="sm-732">
         <name>__mpu_init</name>
         <value>0x0</value>
      </symbol>
      <symbol id="sm-733">
         <name>_system_post_cinit</name>
         <value>0x0</value>
      </symbol>
   </symbol_table>
   <title>Link successful</title>
</link_info>
