******************************************************************************
                  TI ARM Linker PC v20.2.7                     
******************************************************************************
>> Linked Wed Nov  8 18:12:53 2023

OUTPUT FILE NAME:   <lab_10.out>
ENTRY POINT SYMBOL: "_c_int00_noargs"  address: 0000286d


MEMORY CONFIGURATION

         name            origin    length      used     unused   attr    fill
----------------------  --------  ---------  --------  --------  ----  --------
  FLASH                 00000000   00040000  00002b55  0003d4ab  R  X
  SRAM                  20000000   00008000  00000ada  00007526  RW X


SEGMENT ALLOCATION MAP

run origin  load origin   length   init length attrs members
----------  ----------- ---------- ----------- ----- -------
00000000    00000000    00002b58   00002b58    r-x
  00000000    00000000    0000026c   0000026c    r-- .intvecs
  0000026c    0000026c    000027a0   000027a0    r-x .text
  00002a0c    00002a0c    00000109   00000109    r-- .const
  00002b18    00002b18    00000040   00000040    r-- .cinit
20000000    20000000    00000ade   00000000    rw-
  20000000    20000000    0000026c   00000000    rw- .vtable
  20000270    20000270    00000800   00000000    rw- .stack
  20000a70    20000a70    00000064   00000000    rw- .bss
  20000ad4    20000ad4    0000000a   00000000    rw- .data


SECTION ALLOCATION MAP

 output                                  attributes/
section   page    origin      length       input sections
--------  ----  ----------  ----------   ----------------
.intvecs   0    00000000    0000026c     
                  00000000    0000026c     tm4c123gh6pm_startup_ccs.obj (.intvecs)

.text      0    0000026c    000027a0     
                  0000026c    00000a4e     rtsv7M4_T_le_v4SPD16_eabi.lib : _printfi.c.obj (.text:__TI_printfi)
                  00000cba    00000002                                   : div0.asm.obj (.text)
                  00000cbc    00000328     lcd.obj (.text)
                  00000fe4    00000270     rtsv7M4_T_le_v4SPD16_eabi.lib : _printfi.c.obj (.text:_pconv_a)
                  00001254    00000248     Timer.obj (.text)
                  0000149c    0000022c     servo.obj (.text)
                  000016c8    000001d0     rtsv7M4_T_le_v4SPD16_eabi.lib : _printfi.c.obj (.text:_pconv_g)
                  00001898    000001b6                                   : fd_add_t2.asm.obj (.text)
                  00001a4e    00000002     --HOLE-- [fill = 0]
                  00001a50    0000013c                                   : _printfi.c.obj (.text:_pconv_e)
                  00001b8c    00000136                                   : fd_div_t2.asm.obj (.text)
                  00001cc2    00000002     --HOLE-- [fill = 0]
                  00001cc4    00000124                                   : _printfi.c.obj (.text:fcvt)
                  00001de8    00000110                                   : s_scalbn.c.obj (.text:scalbn)
                  00001ef8    000000fc                                   : fd_mul_t2.asm.obj (.text)
                  00001ff4    000000f4     button.obj (.text)
                  000020e8    000000b1     rtsv7M4_T_le_v4SPD16_eabi.lib : _printfi.c.obj (.text:_ltostr)
                  00002199    00000001     --HOLE-- [fill = 0]
                  0000219a    0000009c                                   : memcpy_t2.asm.obj (.text)
                  00002236    00000096                                   : ull_div_t2.asm.obj (.text)
                  000022cc    00000086                                   : fd_cmp_t2.asm.obj (.text:__aeabi_cdcmple)
                  00002352    00000086                                   : fd_cmp_t2.asm.obj (.text:__aeabi_cdrcmple)
                  000023d8    0000007a                                   : memset_t2.asm.obj (.text)
                  00002452    0000006e                                   : _printfi.c.obj (.text:_mcpy)
                  000024c0    00000068                                   : copy_decompress_lzss.c.obj (.text:decompress:lzss:__TI_decompress_lzss)
                  00002528    00000064                                   : s_frexp.c.obj (.text:frexp)
                  0000258c    00000058     main.obj (.text)
                  000025e4    00000056     rtsv7M4_T_le_v4SPD16_eabi.lib : _printfi.c.obj (.text:_pconv_f)
                  0000263a    00000054                                   : _ltoa.c.obj (.text:__TI_ltoa)
                  0000268e    00000052                                   : _printfi.c.obj (.text:_ecpy)
                  000026e0    0000004c                                   : atoi.c.obj (.text:atoi)
                  0000272c    00000048                                   : fd_toi_t2.asm.obj (.text)
                  00002774    00000044                                   : autoinit.c.obj (.text:__TI_auto_init_nobinit_nopinit:__TI_auto_init_nobinit_nopinit)
                  000027b8    00000040                                   : vsnprintf.c.obj (.text:vsnprintf)
                  000027f8    0000003e                                   : _printfi.c.obj (.text:_fcpy)
                  00002836    00000002     --HOLE-- [fill = 0]
                  00002838    00000034     driverlib.lib : interrupt.obj (.text:IntRegister)
                  0000286c    00000034     rtsv7M4_T_le_v4SPD16_eabi.lib : boot_cortex_m.c.obj (.text:_c_int00_noargs:_c_int00_noargs)
                  000028a0    00000030                                   : vsnprintf.c.obj (.text:_outs)
                  000028d0    0000002e                                   : i_tofd_t2.asm.obj (.text)
                  000028fe    0000001c                                   : copy_zero_init.c.obj (.text:decompress:ZI:__TI_zero_init_nomemset:__TI_zero_init_nomemset)
                  0000291a    0000001c                                   : memccpy.c.obj (.text:memccpy)
                  00002936    0000001a                                   : s_copysign.c.obj (.text:copysign)
                  00002950    00000018                                   : vsnprintf.c.obj (.text:_outc)
                  00002968    00000018                                   : strcmp.c.obj (.text:strcmp)
                  00002980    00000016                                   : strchr.c.obj (.text:strchr)
                  00002996    00000014                                   : strcpy.c.obj (.text:strcpy)
                  000029aa    00000014                                   : strlen.c.obj (.text:strlen)
                  000029be    00000012                                   : wcslen.c.obj (.text:wcslen)
                  000029d0    00000010     lcd.obj (.text:lcd_clear)
                  000029e0    0000000e     rtsv7M4_T_le_v4SPD16_eabi.lib : copy_decompress_none.c.obj (.text:decompress:none:__TI_decompress_none)
                  000029ee    0000000c     tm4c123gh6pm_startup_ccs.obj (.text)
                  000029fa    00000002     --HOLE-- [fill = 0]
                  000029fc    00000008     rtsv7M4_T_le_v4SPD16_eabi.lib : errno.c.obj (.text:__aeabi_errno_addr)
                  00002a04    00000004                                   : pre_init.c.obj (.text:_system_pre_init)
                  00002a08    00000004                                   : exit.c.obj (.text:abort:abort)

.const     0    00002a0c    00000109     
                  00002a0c    00000101     rtsv7M4_T_le_v4SPD16_eabi.lib : ctype.c.obj (.const:.string:_ctypes_)
                  00002b0d    00000004     lcd.obj (.const:.string:lineAddress$1)
                  00002b11    00000004     lcd.obj (.const:.string:lineAddresses$2)

.cinit     0    00002b18    00000040     
                  00002b18    0000000c     (__TI_handler_table)
                  00002b24    00000004     --HOLE-- [fill = 0]
                  00002b28    00000008     (.cinit..bss.load) [load image, compression = zero_init]
                  00002b30    00000008     (.cinit..vtable.load) [load image, compression = zero_init]
                  00002b38    00000007     (.cinit..data.load) [load image, compression = lzss]
                  00002b3f    00000001     --HOLE-- [fill = 0]
                  00002b40    00000018     (__TI_cinit_table)

.init_array 
*          0    00000000    00000000     UNINITIALIZED

.vtable    0    20000000    0000026c     UNINITIALIZED
                  20000000    0000026c     driverlib.lib : interrupt.obj (.vtable)

.bss       0    20000a70    00000064     UNINITIALIZED
                  20000a70    00000054     lcd.obj (.bss:lastbuffer$3)
                  20000ac4    00000004     (.common:_timeout_ticks)
                  20000ac8    00000004     (.common:button_event)
                  20000acc    00000004     (.common:button_num)
                  20000ad0    00000004     (.common:clockwise)

.data      0    20000ad4    0000000a     UNINITIALIZED
                  20000ad4    00000004     rtsv7M4_T_le_v4SPD16_eabi.lib : errno.c.obj (.data)
                  20000ad8    00000004     servo.obj (.data)
                  20000adc    00000001     Timer.obj (.data)
                  20000add    00000001     button.obj (.data)

.stack     0    20000270    00000800     UNINITIALIZED
                  20000270    00000004     rtsv7M4_T_le_v4SPD16_eabi.lib : boot_cortex_m.c.obj (.stack)
                  20000274    000007fc     --HOLE--

__llvm_prf_cnts 
*          0    20000000    00000000     UNINITIALIZED

MODULE SUMMARY

       Module                         code    ro data   rw data
       ------                         ----    -------   -------
    .\
       lcd.obj                        824     8         84     
       tm4c123gh6pm_startup_ccs.obj   12      620       0      
       Timer.obj                      584     0         5      
       servo.obj                      556     0         8      
       button.obj                     244     0         9      
       main.obj                       88      0         0      
    +--+------------------------------+-------+---------+---------+
       Total:                         2308    628       106    
                                                               
    C:/ti/TivaWare_C_Series-2.2.0.295/driverlib/ccs/Debug/driverlib.lib
       interrupt.obj                  52      0         620    
    +--+------------------------------+-------+---------+---------+
       Total:                         52      0         620    
                                                               
    C:\ti\ccs1230\ccs\tools\compiler\ti-cgt-arm_20.2.7.LTS\lib\rtsv7M4_T_le_v4SPD16_eabi.lib
       _printfi.c.obj                 4851    0         0      
       fd_add_t2.asm.obj              438     0         0      
       fd_div_t2.asm.obj              310     0         0      
       s_scalbn.c.obj                 272     0         0      
       fd_cmp_t2.asm.obj              268     0         0      
       ctype.c.obj                    0       257       0      
       fd_mul_t2.asm.obj              252     0         0      
       memcpy_t2.asm.obj              156     0         0      
       ull_div_t2.asm.obj             150     0         0      
       vsnprintf.c.obj                136     0         0      
       memset_t2.asm.obj              122     0         0      
       copy_decompress_lzss.c.obj     104     0         0      
       s_frexp.c.obj                  100     0         0      
       _ltoa.c.obj                    84      0         0      
       atoi.c.obj                     76      0         0      
       fd_toi_t2.asm.obj              72      0         0      
       autoinit.c.obj                 68      0         0      
       boot_cortex_m.c.obj            52      0         0      
       i_tofd_t2.asm.obj              46      0         0      
       copy_zero_init.c.obj           28      0         0      
       memccpy.c.obj                  28      0         0      
       s_copysign.c.obj               26      0         0      
       strcmp.c.obj                   24      0         0      
       strchr.c.obj                   22      0         0      
       strcpy.c.obj                   20      0         0      
       strlen.c.obj                   20      0         0      
       wcslen.c.obj                   18      0         0      
       copy_decompress_none.c.obj     14      0         0      
       errno.c.obj                    8       0         4      
       exit.c.obj                     4       0         0      
       pre_init.c.obj                 4       0         0      
       div0.asm.obj                   2       0         0      
    +--+------------------------------+-------+---------+---------+
       Total:                         7775    257       4      
                                                               
       Stack:                         0       0         2048   
       Linker Generated:              0       59        0      
    +--+------------------------------+-------+---------+---------+
       Grand Total:                   10135   944       2778   


LINKER GENERATED COPY TABLES

__TI_cinit_table @ 00002b40 records: 3, size/record: 8, table size: 24
	.bss: load addr=00002b28, load size=00000008 bytes, run addr=20000a70, run size=00000064 bytes, compression=zero_init
	.vtable: load addr=00002b30, load size=00000008 bytes, run addr=20000000, run size=0000026c bytes, compression=zero_init
	.data: load addr=00002b38, load size=00000007 bytes, run addr=20000ad4, run size=0000000a bytes, compression=lzss


LINKER GENERATED HANDLER TABLE

__TI_handler_table @ 00002b18 records: 3, size/record: 4, table size: 12
	index: 0, handler: __TI_zero_init
	index: 1, handler: __TI_decompress_lzss
	index: 2, handler: __TI_decompress_none


GLOBAL SYMBOLS: SORTED ALPHABETICALLY BY Name 

address   name                          
-------   ----                          
00002a09  C$$EXIT                       
00002839  IntRegister                   
000029ef  ResetISR                      
20000a70  __STACK_END                   
00000800  __STACK_SIZE                  
20000470  __STACK_TOP                   
00002b40  __TI_CINIT_Base               
00002b58  __TI_CINIT_Limit              
00002b18  __TI_Handler_Table_Base       
00002b24  __TI_Handler_Table_Limit      
00002775  __TI_auto_init_nobinit_nopinit
000024c1  __TI_decompress_lzss          
000029e1  __TI_decompress_none          
0000263b  __TI_ltoa                     
ffffffff  __TI_pprof_out_hndl           
0000026d  __TI_printfi                  
ffffffff  __TI_prof_data_size           
ffffffff  __TI_prof_data_start          
00000000  __TI_static_base__            
000028ff  __TI_zero_init_nomemset       
000022cd  __aeabi_cdcmpeq               
000022cd  __aeabi_cdcmple               
00002353  __aeabi_cdrcmple              
0000272d  __aeabi_d2iz                  
000018a3  __aeabi_dadd                  
00001b8d  __aeabi_ddiv                  
00001ef9  __aeabi_dmul                  
00001899  __aeabi_dsub                  
000029fd  __aeabi_errno_addr            
000028d1  __aeabi_i2d                   
00000cbb  __aeabi_idiv0                 
00000cbb  __aeabi_ldiv0                 
000023d9  __aeabi_memclr                
000023d9  __aeabi_memclr4               
000023d9  __aeabi_memclr8               
0000219b  __aeabi_memcpy                
0000219b  __aeabi_memcpy4               
0000219b  __aeabi_memcpy8               
000023db  __aeabi_memset                
000023db  __aeabi_memset4               
000023db  __aeabi_memset8               
00002237  __aeabi_uldivmod              
ffffffff  __binit__                     
ffffffff  __c_args__                    
UNDEFED   __mpu_init                    
20000270  __stack                       
20000000  __start___llvm_prf_cnts       
20000000  __stop___llvm_prf_cnts        
0000286d  _c_int00_noargs               
00002a0c  _ctypes_                      
20000adc  _running                      
UNDEFED   _system_post_cinit            
00002a05  _system_pre_init              
20000ac4  _timeout_ticks                
00002a09  abort                         
000026e1  atoi                          
ffffffff  binit                         
00001581  button_Handler                
20000ac8  button_event                  
00002081  button_getButton              
00001ff5  button_init                   
20000acc  button_num                    
20000ad0  clockwise                     
00002937  copysign                      
00002937  copysignl                     
20000ad8  degree                        
20000ad4  errno                         
00002529  frexp                         
00002529  frexpl                        
20000000  g_pfnRAMVectors               
00000000  g_pfnVectors                  
00002069  gpioe_handler                 
00002025  init_button_interrupts        
000029d1  lcd_clear                     
00000e91  lcd_gotoLine                  
00000cf9  lcd_init                      
00000ef7  lcd_printf                    
00000db9  lcd_putc                      
00000df1  lcd_puts                      
00000cbd  lcd_reverseNibble             
00000e0f  lcd_sendCommand               
00000e4d  lcd_sendNibble                
00000eb9  lcd_setCursorPos              
00001de9  ldexp                         
00001de9  ldexpl                        
0000258d  main                          
0000291b  memccpy                       
0000219b  memcpy                        
000023e1  memset                        
00001de9  scalbn                        
00001de9  scalbnl                       
0000149d  servo_init                    
00001549  servo_move                    
00002981  strchr                        
00002969  strcmp                        
00002997  strcpy                        
000029ab  strlen                        
00001373  timer_getMicros               
0000131b  timer_getMillis               
00001255  timer_init                    
000012f7  timer_pause                   
00001309  timer_resume                  
000012cd  timer_stop                    
000013cd  timer_waitMicros              
000013ff  timer_waitMillis              
000027b9  vsnprintf                     
000029bf  wcslen                        


GLOBAL SYMBOLS: SORTED BY Symbol Address 

address   name                          
-------   ----                          
00000000  __TI_static_base__            
00000000  g_pfnVectors                  
0000026d  __TI_printfi                  
00000800  __STACK_SIZE                  
00000cbb  __aeabi_idiv0                 
00000cbb  __aeabi_ldiv0                 
00000cbd  lcd_reverseNibble             
00000cf9  lcd_init                      
00000db9  lcd_putc                      
00000df1  lcd_puts                      
00000e0f  lcd_sendCommand               
00000e4d  lcd_sendNibble                
00000e91  lcd_gotoLine                  
00000eb9  lcd_setCursorPos              
00000ef7  lcd_printf                    
00001255  timer_init                    
000012cd  timer_stop                    
000012f7  timer_pause                   
00001309  timer_resume                  
0000131b  timer_getMillis               
00001373  timer_getMicros               
000013cd  timer_waitMicros              
000013ff  timer_waitMillis              
0000149d  servo_init                    
00001549  servo_move                    
00001581  button_Handler                
00001899  __aeabi_dsub                  
000018a3  __aeabi_dadd                  
00001b8d  __aeabi_ddiv                  
00001de9  ldexp                         
00001de9  ldexpl                        
00001de9  scalbn                        
00001de9  scalbnl                       
00001ef9  __aeabi_dmul                  
00001ff5  button_init                   
00002025  init_button_interrupts        
00002069  gpioe_handler                 
00002081  button_getButton              
0000219b  __aeabi_memcpy                
0000219b  __aeabi_memcpy4               
0000219b  __aeabi_memcpy8               
0000219b  memcpy                        
00002237  __aeabi_uldivmod              
000022cd  __aeabi_cdcmpeq               
000022cd  __aeabi_cdcmple               
00002353  __aeabi_cdrcmple              
000023d9  __aeabi_memclr                
000023d9  __aeabi_memclr4               
000023d9  __aeabi_memclr8               
000023db  __aeabi_memset                
000023db  __aeabi_memset4               
000023db  __aeabi_memset8               
000023e1  memset                        
000024c1  __TI_decompress_lzss          
00002529  frexp                         
00002529  frexpl                        
0000258d  main                          
0000263b  __TI_ltoa                     
000026e1  atoi                          
0000272d  __aeabi_d2iz                  
00002775  __TI_auto_init_nobinit_nopinit
000027b9  vsnprintf                     
00002839  IntRegister                   
0000286d  _c_int00_noargs               
000028d1  __aeabi_i2d                   
000028ff  __TI_zero_init_nomemset       
0000291b  memccpy                       
00002937  copysign                      
00002937  copysignl                     
00002969  strcmp                        
00002981  strchr                        
00002997  strcpy                        
000029ab  strlen                        
000029bf  wcslen                        
000029d1  lcd_clear                     
000029e1  __TI_decompress_none          
000029ef  ResetISR                      
000029fd  __aeabi_errno_addr            
00002a05  _system_pre_init              
00002a09  C$$EXIT                       
00002a09  abort                         
00002a0c  _ctypes_                      
00002b18  __TI_Handler_Table_Base       
00002b24  __TI_Handler_Table_Limit      
00002b40  __TI_CINIT_Base               
00002b58  __TI_CINIT_Limit              
20000000  __start___llvm_prf_cnts       
20000000  __stop___llvm_prf_cnts        
20000000  g_pfnRAMVectors               
20000270  __stack                       
20000470  __STACK_TOP                   
20000a70  __STACK_END                   
20000ac4  _timeout_ticks                
20000ac8  button_event                  
20000acc  button_num                    
20000ad0  clockwise                     
20000ad4  errno                         
20000ad8  degree                        
20000adc  _running                      
ffffffff  __TI_pprof_out_hndl           
ffffffff  __TI_prof_data_size           
ffffffff  __TI_prof_data_start          
ffffffff  __binit__                     
ffffffff  __c_args__                    
ffffffff  binit                         
UNDEFED   __mpu_init                    
UNDEFED   _system_post_cinit            

[107 symbols]
