******************************************************************************
                  TI ARM Linker PC v20.2.7                     
******************************************************************************
>> Linked Wed Nov  8 18:50:42 2023

OUTPUT FILE NAME:   <lab_7.out>
ENTRY POINT SYMBOL: "_c_int00_noargs"  address: 000068c9


MEMORY CONFIGURATION

         name            origin    length      used     unused   attr    fill
----------------------  --------  ---------  --------  --------  ----  --------
  FLASH                 00000000   00040000  00006dff  00039201  R  X
  SRAM                  20000000   00008000  00000f2e  000070d2  RW X


SEGMENT ALLOCATION MAP

run origin  load origin   length   init length attrs members
----------  ----------- ---------- ----------- ----- -------
00000000    00000000    00006e08   00006e08    r-x
  00000000    00000000    0000026c   0000026c    r-- .intvecs
  0000026c    0000026c    000068a0   000068a0    r-x .text
  00006b10    00006b10    000002a3   000002a3    r-- .const
  00006db8    00006db8    00000050   00000050    r-- .cinit
20000000    20000000    00000f35   00000000    rw-
  20000000    20000000    0000026c   00000000    rw- .vtable
  20000270    20000270    00000800   00000000    rw- .stack
  20000a70    20000a70    00000400   00000000    rw- .sysmem
  20000e70    20000e70    00000089   00000000    rw- .bss
  20000efc    20000efc    00000039   00000000    rw- .data


SECTION ALLOCATION MAP

 output                                  attributes/
section   page    origin      length       input sections
--------  ----  ----------  ----------   ----------------
.intvecs   0    00000000    0000026c     
                  00000000    0000026c     tm4c123gh6pm_startup_ccs.obj (.intvecs)

.text      0    0000026c    000068a0     
                  0000026c    00000db0     main.obj (.text)
                  0000101c    00000c20     open_interface.obj (.text)
                  00001c3c    00000a4e     rtsv7M4_T_le_v4SPD16_eabi.lib : _printfi.c.obj (.text:__TI_printfi)
                  0000268a    00000002                                   : _lock.c.obj (.text:_nop)
                  0000268c    000009d0                                   : e_pow.c.obj (.text:pow)
                  0000305c    00000738                                   : k_rem_pio2.c.obj (.text:__kernel_rem_pio2)
                  00003794    000005e0                                   : s_sin.c.obj (.text:sin)
                  00003d74    00000328     lcd.obj (.text)
                  0000409c    00000270     rtsv7M4_T_le_v4SPD16_eabi.lib : _printfi.c.obj (.text:_pconv_a)
                  0000430c    00000260     libcybotScan.lib : cyBot_Scan.obj (.text)
                  0000456c    00000248     Timer.obj (.text)
                  000047b4    00000234     movement.obj (.text)
                  000049e8    000001ec     libcybotScan.lib : ping.obj (.text)
                  00004bd4    000001d0     rtsv7M4_T_le_v4SPD16_eabi.lib : _printfi.c.obj (.text:_pconv_g)
                  00004da4    000001b6                                   : fd_add_t2.asm.obj (.text)
                  00004f5a    00000002                                   : div0.asm.obj (.text)
                  00004f5c    00000174                                   : k_sin.c.obj (.text:__kernel_sin)
                  000050d0    00000170                                   : k_cos.c.obj (.text:__kernel_cos)
                  00005240    00000158     libcybotScan.lib : servo.obj (.text)
                  00005398    00000158     rtsv7M4_T_le_v4SPD16_eabi.lib : e_sqrt.c.obj (.text:sqrt)
                  000054f0    00000140     uart_extra_help.obj (.text)
                  00005630    0000013c     rtsv7M4_T_le_v4SPD16_eabi.lib : _printfi.c.obj (.text:_pconv_e)
                  0000576c    00000136                                   : fd_div_t2.asm.obj (.text)
                  000058a2    00000002     --HOLE-- [fill = 0]
                  000058a4    00000124                                   : _printfi.c.obj (.text:fcvt)
                  000059c8    00000118     libcybotScan.lib : ir.obj (.text)
                  00005ae0    00000110     rtsv7M4_T_le_v4SPD16_eabi.lib : s_scalbn.c.obj (.text:scalbn)
                  00005bf0    00000100                                   : memory.c.obj (.text:aligned_alloc)
                  00005cf0    000000fc                                   : fd_mul_t2.asm.obj (.text)
                  00005dec    000000f8                                   : s_floor.c.obj (.text:floor)
                  00005ee4    000000e4                                   : memory.c.obj (.text:free)
                  00005fc8    000000b1                                   : _printfi.c.obj (.text:_ltostr)
                  00006079    00000001     --HOLE-- [fill = 0]
                  0000607a    0000009c                                   : memcpy_t2.asm.obj (.text)
                  00006116    00000096                                   : ull_div_t2.asm.obj (.text)
                  000061ac    00000086                                   : fd_cmp_t2.asm.obj (.text:__aeabi_cdcmple)
                  00006232    00000086                                   : fd_cmp_t2.asm.obj (.text:__aeabi_cdrcmple)
                  000062b8    0000007a                                   : memset_t2.asm.obj (.text)
                  00006332    00000002     --HOLE-- [fill = 0]
                  00006334    00000070                                   : memory.c.obj (.text:split)
                  000063a4    0000006e                                   : _printfi.c.obj (.text:_mcpy)
                  00006412    0000006e                                   : fd_tos_t2.asm.obj (.text)
                  00006480    00000068                                   : copy_decompress_lzss.c.obj (.text:decompress:lzss:__TI_decompress_lzss)
                  000064e8    00000064                                   : s_frexp.c.obj (.text:frexp)
                  0000654c    00000056                                   : _printfi.c.obj (.text:_pconv_f)
                  000065a2    00000054                                   : _ltoa.c.obj (.text:__TI_ltoa)
                  000065f6    00000052                                   : _printfi.c.obj (.text:_ecpy)
                  00006648    0000004c                                   : atoi.c.obj (.text:atoi)
                  00006694    00000048                                   : fd_toi_t2.asm.obj (.text)
                  000066dc    00000044                                   : autoinit.c.obj (.text:__TI_auto_init_nobinit_nopinit:__TI_auto_init_nobinit_nopinit)
                  00006720    00000044                                   : fd_tou_t2.asm.obj (.text)
                  00006764    00000040                                   : sprintf.c.obj (.text:sprintf)
                  000067a4    00000040                                   : vsnprintf.c.obj (.text:vsnprintf)
                  000067e4    0000003e                                   : _printfi.c.obj (.text:_fcpy)
                  00006822    00000002     --HOLE-- [fill = 0]
                  00006824    00000038                                   : memory.c.obj (.text:calloc)
                  0000685c    00000038                                   : fs_tod_t2.asm.obj (.text)
                  00006894    00000034     driverlib.lib : interrupt.obj (.text:IntRegister)
                  000068c8    00000034     rtsv7M4_T_le_v4SPD16_eabi.lib : boot_cortex_m.c.obj (.text:_c_int00_noargs:_c_int00_noargs)
                  000068fc    00000030                                   : vsnprintf.c.obj (.text:_outs)
                  0000692c    0000002e                                   : i_tofd_t2.asm.obj (.text)
                  0000695a    00000002     --HOLE-- [fill = 0]
                  0000695c    00000028                                   : memory.c.obj (.text:free_list_insert)
                  00006984    0000001c                                   : copy_zero_init.c.obj (.text:decompress:ZI:__TI_zero_init_nomemset:__TI_zero_init_nomemset)
                  000069a0    0000001c                                   : memory.c.obj (.text:free_list_remove)
                  000069bc    0000001c                                   : memccpy.c.obj (.text:memccpy)
                  000069d8    0000001a                                   : s_copysign.c.obj (.text:copysign)
                  000069f2    00000018                                   : vsnprintf.c.obj (.text:_outc)
                  00006a0a    00000018                                   : sprintf.c.obj (.text:_outs)
                  00006a22    00000018     open_interface.obj (.text:oi_parseInt)
                  00006a3a    00000018     rtsv7M4_T_le_v4SPD16_eabi.lib : strcmp.c.obj (.text:strcmp)
                  00006a52    00000016                                   : strchr.c.obj (.text:strchr)
                  00006a68    00000014                                   : strcpy.c.obj (.text:strcpy)
                  00006a7c    00000014                                   : strlen.c.obj (.text:strlen)
                  00006a90    00000012                                   : wcslen.c.obj (.text:wcslen)
                  00006aa2    00000010     driverlib.lib : interrupt.obj (.text:IntMasterEnable)
                  00006ab2    00000010     lcd.obj (.text:lcd_clear)
                  00006ac2    0000000e     rtsv7M4_T_le_v4SPD16_eabi.lib : copy_decompress_none.c.obj (.text:decompress:none:__TI_decompress_none)
                  00006ad0    0000000c     driverlib.lib : cpu.obj (.text:CPUcpsie)
                  00006adc    0000000c     tm4c123gh6pm_startup_ccs.obj (.text)
                  00006ae8    0000000a     rtsv7M4_T_le_v4SPD16_eabi.lib : sprintf.c.obj (.text:_outc)
                  00006af2    00000002     --HOLE-- [fill = 0]
                  00006af4    00000008                                   : errno.c.obj (.text:__aeabi_errno_addr)
                  00006afc    00000008                                   : memory.c.obj (.text:malloc)
                  00006b04    00000004                                   : pre_init.c.obj (.text:_system_pre_init)
                  00006b08    00000004                                   : exit.c.obj (.text:abort:abort)

.const     0    00006b10    000002a3     
                  00006b10    00000158     rtsv7M4_T_le_v4SPD16_eabi.lib : k_rem_pio2.c.obj (.const:$O1$$)
                  00006c68    00000101                                   : ctype.c.obj (.const:.string:_ctypes_)
                  00006d69    00000004     lcd.obj (.const:.string:lineAddress$1)
                  00006d6d    00000003     --HOLE-- [fill = 0]
                  00006d70    00000030     rtsv7M4_T_le_v4SPD16_eabi.lib : e_pow.c.obj (.const:$O1$$)
                  00006da0    0000000f     open_interface.obj (.const:.string:$P$T0$3)
                  00006daf    00000004     lcd.obj (.const:.string:lineAddresses$2)

.cinit     0    00006db8    00000050     
                  00006db8    00000018     (.cinit..data.load) [load image, compression = lzss]
                  00006dd0    0000000c     (__TI_handler_table)
                  00006ddc    00000004     --HOLE-- [fill = 0]
                  00006de0    00000008     (.cinit..bss.load) [load image, compression = zero_init]
                  00006de8    00000008     (.cinit..vtable.load) [load image, compression = zero_init]
                  00006df0    00000018     (__TI_cinit_table)

.init_array 
*          0    00000000    00000000     UNINITIALIZED

.vtable    0    20000000    0000026c     UNINITIALIZED
                  20000000    0000026c     driverlib.lib : interrupt.obj (.vtable)

.stack     0    20000270    00000800     UNINITIALIZED
                  20000270    00000004     rtsv7M4_T_le_v4SPD16_eabi.lib : boot_cortex_m.c.obj (.stack)
                  20000274    000007fc     --HOLE--

.sysmem    0    20000a70    00000400     UNINITIALIZED
                  20000a70    00000010     rtsv7M4_T_le_v4SPD16_eabi.lib : memory.c.obj (.sysmem)
                  20000a80    000003f0     --HOLE--

.bss       0    20000e70    00000089     UNINITIALIZED
                  20000e70    00000054     lcd.obj (.bss:lastbuffer$3)
                  20000ec4    00000018     open_interface.obj (.bss:firmware$2)
                  20000edc    00000004     (.common:_timeout_ticks)
                  20000ee0    00000004     (.common:fallingEdge)
                  20000ee4    00000004     (.common:isr_int_value)
                  20000ee8    00000004     (.common:left_calibration_value)
                  20000eec    00000004     (.common:pulseLength)
                  20000ef0    00000004     (.common:right_calibration_value)
                  20000ef4    00000004     (.common:risingEdge)
                  20000ef8    00000001     (.common:isRisingEdge)

.data      0    20000efc    00000039     UNINITIALIZED
                  20000efc    00000020     open_interface.obj (.data)
                  20000f1c    00000008     rtsv7M4_T_le_v4SPD16_eabi.lib : _lock.c.obj (.data:$O1$$)
                  20000f24    00000008                                   : memory.c.obj (.data:$O1$$)
                  20000f2c    00000004     libcybotScan.lib : cyBot_Scan.obj (.data)
                  20000f30    00000004     rtsv7M4_T_le_v4SPD16_eabi.lib : errno.c.obj (.data)
                  20000f34    00000001     Timer.obj (.data)

__llvm_prf_cnts 
*          0    20000000    00000000     UNINITIALIZED

MODULE SUMMARY

       Module                         code    ro data   rw data
       ------                         ----    -------   -------
    .\
       main.obj                       3504    0         8      
       open_interface.obj             3128    15        56     
       lcd.obj                        824     8         84     
       tm4c123gh6pm_startup_ccs.obj   12      620       0      
       Timer.obj                      584     0         5      
       movement.obj                   564     0         0      
       uart_extra_help.obj            320     0         0      
    +--+------------------------------+-------+---------+---------+
       Total:                         8936    643       153    
                                                               
    ../libcybotScan.lib
       cyBot_Scan.obj                 608     0         4      
       ping.obj                       492     0         13     
       servo.obj                      344     0         0      
       ir.obj                         280     0         4      
    +--+------------------------------+-------+---------+---------+
       Total:                         1724    0         21     
                                                               
    C:/ti/TivaWare_C_Series-2.2.0.295/driverlib/ccs/Debug/driverlib.lib
       interrupt.obj                  68      0         620    
       cpu.obj                        12      0         0      
    +--+------------------------------+-------+---------+---------+
       Total:                         80      0         620    
                                                               
    C:\ti\ccs1230\ccs\tools\compiler\ti-cgt-arm_20.2.7.LTS\lib\rtsv7M4_T_le_v4SPD16_eabi.lib
       _printfi.c.obj                 4851    0         0      
       e_pow.c.obj                    2512    48        0      
       k_rem_pio2.c.obj               1848    344       0      
       s_sin.c.obj                    1504    0         0      
       memory.c.obj                   728     0         8      
       fd_add_t2.asm.obj              438     0         0      
       k_sin.c.obj                    372     0         0      
       k_cos.c.obj                    368     0         0      
       e_sqrt.c.obj                   344     0         0      
       fd_div_t2.asm.obj              310     0         0      
       s_scalbn.c.obj                 272     0         0      
       fd_cmp_t2.asm.obj              268     0         0      
       ctype.c.obj                    0       257       0      
       fd_mul_t2.asm.obj              252     0         0      
       s_floor.c.obj                  248     0         0      
       memcpy_t2.asm.obj              156     0         0      
       ull_div_t2.asm.obj             150     0         0      
       vsnprintf.c.obj                136     0         0      
       memset_t2.asm.obj              122     0         0      
       fd_tos_t2.asm.obj              110     0         0      
       copy_decompress_lzss.c.obj     104     0         0      
       s_frexp.c.obj                  100     0         0      
       sprintf.c.obj                  98      0         0      
       _ltoa.c.obj                    84      0         0      
       atoi.c.obj                     76      0         0      
       fd_toi_t2.asm.obj              72      0         0      
       autoinit.c.obj                 68      0         0      
       fd_tou_t2.asm.obj              68      0         0      
       fs_tod_t2.asm.obj              56      0         0      
       boot_cortex_m.c.obj            52      0         0      
       i_tofd_t2.asm.obj              46      0         0      
       copy_zero_init.c.obj           28      0         0      
       memccpy.c.obj                  28      0         0      
       s_copysign.c.obj               26      0         0      
       strcmp.c.obj                   24      0         0      
       strchr.c.obj                   22      0         0      
       strcpy.c.obj                   20      0         0      
       strlen.c.obj                   20      0         0      
       wcslen.c.obj                   18      0         0      
       copy_decompress_none.c.obj     14      0         0      
       errno.c.obj                    8       0         4      
       _lock.c.obj                    2       0         8      
       exit.c.obj                     4       0         0      
       pre_init.c.obj                 4       0         0      
       div0.asm.obj                   2       0         0      
    +--+------------------------------+-------+---------+---------+
       Total:                         16033   649       20     
                                                               
       Heap:                          0       0         1024   
       Stack:                         0       0         2048   
       Linker Generated:              0       76        0      
    +--+------------------------------+-------+---------+---------+
       Grand Total:                   26773   1368      3886   


LINKER GENERATED COPY TABLES

__TI_cinit_table @ 00006df0 records: 3, size/record: 8, table size: 24
	.data: load addr=00006db8, load size=00000018 bytes, run addr=20000efc, run size=00000039 bytes, compression=lzss
	.bss: load addr=00006de0, load size=00000008 bytes, run addr=20000e70, run size=00000089 bytes, compression=zero_init
	.vtable: load addr=00006de8, load size=00000008 bytes, run addr=20000000, run size=0000026c bytes, compression=zero_init


LINKER GENERATED HANDLER TABLE

__TI_handler_table @ 00006dd0 records: 3, size/record: 4, table size: 12
	index: 0, handler: __TI_zero_init
	index: 1, handler: __TI_decompress_lzss
	index: 2, handler: __TI_decompress_none


GLOBAL SYMBOLS: SORTED ALPHABETICALLY BY Name 

address   name                          
-------   ----                          
00005a61  ADC0SS0_Handler               
00006b09  C$$EXIT                       
00006ad1  CPUcpsie                      
00001973  GPIOF_Handler                 
00006aa3  IntMasterEnable               
00006895  IntRegister                   
00006add  ResetISR                      
00004ad9  TIMER3B_Handler               
20000a70  __STACK_END                   
00000800  __STACK_SIZE                  
20000470  __STACK_TOP                   
00000400  __SYSMEM_SIZE                 
00006df0  __TI_CINIT_Base               
00006e08  __TI_CINIT_Limit              
00006dd0  __TI_Handler_Table_Base       
00006ddc  __TI_Handler_Table_Limit      
000066dd  __TI_auto_init_nobinit_nopinit
00006481  __TI_decompress_lzss          
00006ac3  __TI_decompress_none          
000065a3  __TI_ltoa                     
ffffffff  __TI_pprof_out_hndl           
00001c3d  __TI_printfi                  
ffffffff  __TI_prof_data_size           
ffffffff  __TI_prof_data_start          
00000000  __TI_static_base__            
00006985  __TI_zero_init_nomemset       
000061ad  __aeabi_cdcmpeq               
000061ad  __aeabi_cdcmple               
00006233  __aeabi_cdrcmple              
00006413  __aeabi_d2f                   
00006695  __aeabi_d2iz                  
00006721  __aeabi_d2uiz                 
00004daf  __aeabi_dadd                  
0000576d  __aeabi_ddiv                  
00005cf1  __aeabi_dmul                  
00004da5  __aeabi_dsub                  
00006af5  __aeabi_errno_addr            
0000685d  __aeabi_f2d                   
0000692d  __aeabi_i2d                   
00004f5b  __aeabi_idiv0                 
00004f5b  __aeabi_ldiv0                 
000062b9  __aeabi_memclr                
000062b9  __aeabi_memclr4               
000062b9  __aeabi_memclr8               
0000607b  __aeabi_memcpy                
0000607b  __aeabi_memcpy4               
0000607b  __aeabi_memcpy8               
000062bb  __aeabi_memset                
000062bb  __aeabi_memset4               
000062bb  __aeabi_memset8               
00006117  __aeabi_uldivmod              
ffffffff  __binit__                     
ffffffff  __c_args__                    
000050d1  __kernel_cos                  
0000305d  __kernel_rem_pio2             
00004f5d  __kernel_sin                  
UNDEFED   __mpu_init                    
20000270  __stack                       
20000000  __start___llvm_prf_cnts       
20000000  __stop___llvm_prf_cnts        
000068c9  _c_int00_noargs               
00006c68  _ctypes_                      
20000f1c  _lock                         
0000268b  _nop                          
20000f34  _running                      
20000a70  _sys_memory                   
UNDEFED   _system_post_cinit            
00006b05  _system_pre_init              
20000edc  _timeout_ticks                
20000f20  _unlock                       
00006b09  abort                         
00005bf1  aligned_alloc                 
00006649  atoi                          
ffffffff  binit                         
00006825  calloc                        
000069d9  copysign                      
000069d9  copysignl                     
000043e5  cyBOT_SERVO_cal               
00004373  cyBOT_Scan                    
0000431b  cyBOT_init_Scan               
20000f2c  cyBOT_scan_features           
0000430d  cyBOT_scan_version            
20000f30  errno                         
20000ee0  fallingEdge                   
00005ded  floor                         
00005ded  floorl                        
00005ee5  free                          
000064e9  frexp                         
000064e9  frexpl                        
20000000  g_pfnRAMVectors               
00000000  g_pfnVectors                  
0000172f  go_charge                     
00005a77  ir_enableInterrupt            
00005a59  ir_getDistance                
00005a31  ir_getValue                   
000059c9  ir_init                       
20000ef8  isRisingEdge                  
20000ee4  isr_int_value                 
00006ab3  lcd_clear                     
00003f49  lcd_gotoLine                  
00003db1  lcd_init                      
00003faf  lcd_printf                    
00003e71  lcd_putc                      
00003ea9  lcd_puts                      
00003d75  lcd_reverseNibble             
00003ec7  lcd_sendCommand               
00003f05  lcd_sendNibble                
00003f71  lcd_setCursorPos              
00005ae1  ldexp                         
00005ae1  ldexpl                        
20000ee8  left_calibration_value        
0000026d  main                          
00006afd  malloc                        
00005bf1  memalign                      
000069bd  memccpy                       
0000607b  memcpy                        
000062c1  memset                        
20000efc  motor_cal_factor_L            
20000f00  motor_cal_factor_R            
0000489f  move_backwards                
000047b5  move_forward                  
0000101d  oi_alloc                      
00001859  oi_checkFirmware              
00001077  oi_close                      
00001029  oi_free                       
00001b9d  oi_getMotorCalibrationLeft    
00001bb1  oi_getMotorCalibrationRight   
00001061  oi_init                       
00001039  oi_init_noupdate              
000016c5  oi_loadSong                   
00006a23  oi_parseInt                   
000010db  oi_parsePacket                
0000171b  oi_play_song                  
000015fb  oi_setLeds                    
00001b61  oi_setMotorCalibration        
0000163f  oi_setWheels                  
00001901  oi_shutoff_init               
0000173d  oi_uartInit                   
000017e1  oi_uartReceive                
00001827  oi_uartSendBuff               
000017c5  oi_uartSendChar               
00001809  oi_uartSendStr                
00001089  oi_update                     
00004b2b  ping_getDistance              
000049e9  ping_init                     
00004a6f  ping_trigger                  
0000268d  pow                           
0000268d  powl                          
20000eec  pulseLength                   
20000ef0  right_calibration_value       
20000ef4  risingEdge                    
00005ae1  scalbn                        
00005ae1  scalbnl                       
00005241  servo_init                    
000052d1  servo_move                    
00005331  servo_setPWM                  
000052c5  servo_stop                    
00003795  sin                           
00003795  sinl                          
00006765  sprintf                       
00005399  sqrt                          
00005399  sqrtl                         
00006a53  strchr                        
00006a3b  strcmp                        
00006a69  strcpy                        
00006a7d  strlen                        
0000468b  timer_getMicros               
00004633  timer_getMillis               
0000456d  timer_init                    
0000460f  timer_pause                   
00004621  timer_resume                  
000045e5  timer_stop                    
000046e5  timer_waitMicros              
00004717  timer_waitMillis              
0000495d  turn_cclockwise               
000048f9  turn_clockwise                
000054f1  uart_init                     
000055b3  uart_interrupt_handler        
00005593  uart_interrupt_init           
0000557f  uart_receive                  
00005563  uart_sendChar                 
000067a5  vsnprintf                     
00006a91  wcslen                        


GLOBAL SYMBOLS: SORTED BY Symbol Address 

address   name                          
-------   ----                          
00000000  __TI_static_base__            
00000000  g_pfnVectors                  
0000026d  main                          
00000400  __SYSMEM_SIZE                 
00000800  __STACK_SIZE                  
0000101d  oi_alloc                      
00001029  oi_free                       
00001039  oi_init_noupdate              
00001061  oi_init                       
00001077  oi_close                      
00001089  oi_update                     
000010db  oi_parsePacket                
000015fb  oi_setLeds                    
0000163f  oi_setWheels                  
000016c5  oi_loadSong                   
0000171b  oi_play_song                  
0000172f  go_charge                     
0000173d  oi_uartInit                   
000017c5  oi_uartSendChar               
000017e1  oi_uartReceive                
00001809  oi_uartSendStr                
00001827  oi_uartSendBuff               
00001859  oi_checkFirmware              
00001901  oi_shutoff_init               
00001973  GPIOF_Handler                 
00001b61  oi_setMotorCalibration        
00001b9d  oi_getMotorCalibrationLeft    
00001bb1  oi_getMotorCalibrationRight   
00001c3d  __TI_printfi                  
0000268b  _nop                          
0000268d  pow                           
0000268d  powl                          
0000305d  __kernel_rem_pio2             
00003795  sin                           
00003795  sinl                          
00003d75  lcd_reverseNibble             
00003db1  lcd_init                      
00003e71  lcd_putc                      
00003ea9  lcd_puts                      
00003ec7  lcd_sendCommand               
00003f05  lcd_sendNibble                
00003f49  lcd_gotoLine                  
00003f71  lcd_setCursorPos              
00003faf  lcd_printf                    
0000430d  cyBOT_scan_version            
0000431b  cyBOT_init_Scan               
00004373  cyBOT_Scan                    
000043e5  cyBOT_SERVO_cal               
0000456d  timer_init                    
000045e5  timer_stop                    
0000460f  timer_pause                   
00004621  timer_resume                  
00004633  timer_getMillis               
0000468b  timer_getMicros               
000046e5  timer_waitMicros              
00004717  timer_waitMillis              
000047b5  move_forward                  
0000489f  move_backwards                
000048f9  turn_clockwise                
0000495d  turn_cclockwise               
000049e9  ping_init                     
00004a6f  ping_trigger                  
00004ad9  TIMER3B_Handler               
00004b2b  ping_getDistance              
00004da5  __aeabi_dsub                  
00004daf  __aeabi_dadd                  
00004f5b  __aeabi_idiv0                 
00004f5b  __aeabi_ldiv0                 
00004f5d  __kernel_sin                  
000050d1  __kernel_cos                  
00005241  servo_init                    
000052c5  servo_stop                    
000052d1  servo_move                    
00005331  servo_setPWM                  
00005399  sqrt                          
00005399  sqrtl                         
000054f1  uart_init                     
00005563  uart_sendChar                 
0000557f  uart_receive                  
00005593  uart_interrupt_init           
000055b3  uart_interrupt_handler        
0000576d  __aeabi_ddiv                  
000059c9  ir_init                       
00005a31  ir_getValue                   
00005a59  ir_getDistance                
00005a61  ADC0SS0_Handler               
00005a77  ir_enableInterrupt            
00005ae1  ldexp                         
00005ae1  ldexpl                        
00005ae1  scalbn                        
00005ae1  scalbnl                       
00005bf1  aligned_alloc                 
00005bf1  memalign                      
00005cf1  __aeabi_dmul                  
00005ded  floor                         
00005ded  floorl                        
00005ee5  free                          
0000607b  __aeabi_memcpy                
0000607b  __aeabi_memcpy4               
0000607b  __aeabi_memcpy8               
0000607b  memcpy                        
00006117  __aeabi_uldivmod              
000061ad  __aeabi_cdcmpeq               
000061ad  __aeabi_cdcmple               
00006233  __aeabi_cdrcmple              
000062b9  __aeabi_memclr                
000062b9  __aeabi_memclr4               
000062b9  __aeabi_memclr8               
000062bb  __aeabi_memset                
000062bb  __aeabi_memset4               
000062bb  __aeabi_memset8               
000062c1  memset                        
00006413  __aeabi_d2f                   
00006481  __TI_decompress_lzss          
000064e9  frexp                         
000064e9  frexpl                        
000065a3  __TI_ltoa                     
00006649  atoi                          
00006695  __aeabi_d2iz                  
000066dd  __TI_auto_init_nobinit_nopinit
00006721  __aeabi_d2uiz                 
00006765  sprintf                       
000067a5  vsnprintf                     
00006825  calloc                        
0000685d  __aeabi_f2d                   
00006895  IntRegister                   
000068c9  _c_int00_noargs               
0000692d  __aeabi_i2d                   
00006985  __TI_zero_init_nomemset       
000069bd  memccpy                       
000069d9  copysign                      
000069d9  copysignl                     
00006a23  oi_parseInt                   
00006a3b  strcmp                        
00006a53  strchr                        
00006a69  strcpy                        
00006a7d  strlen                        
00006a91  wcslen                        
00006aa3  IntMasterEnable               
00006ab3  lcd_clear                     
00006ac3  __TI_decompress_none          
00006ad1  CPUcpsie                      
00006add  ResetISR                      
00006af5  __aeabi_errno_addr            
00006afd  malloc                        
00006b05  _system_pre_init              
00006b09  C$$EXIT                       
00006b09  abort                         
00006c68  _ctypes_                      
00006dd0  __TI_Handler_Table_Base       
00006ddc  __TI_Handler_Table_Limit      
00006df0  __TI_CINIT_Base               
00006e08  __TI_CINIT_Limit              
20000000  __start___llvm_prf_cnts       
20000000  __stop___llvm_prf_cnts        
20000000  g_pfnRAMVectors               
20000270  __stack                       
20000470  __STACK_TOP                   
20000a70  __STACK_END                   
20000a70  _sys_memory                   
20000edc  _timeout_ticks                
20000ee0  fallingEdge                   
20000ee4  isr_int_value                 
20000ee8  left_calibration_value        
20000eec  pulseLength                   
20000ef0  right_calibration_value       
20000ef4  risingEdge                    
20000ef8  isRisingEdge                  
20000efc  motor_cal_factor_L            
20000f00  motor_cal_factor_R            
20000f1c  _lock                         
20000f20  _unlock                       
20000f2c  cyBOT_scan_features           
20000f30  errno                         
20000f34  _running                      
ffffffff  __TI_pprof_out_hndl           
ffffffff  __TI_prof_data_size           
ffffffff  __TI_prof_data_start          
ffffffff  __binit__                     
ffffffff  __c_args__                    
ffffffff  binit                         
UNDEFED   __mpu_init                    
UNDEFED   _system_post_cinit            

[183 symbols]
